Component: ARM Compiler 6.16 Tool: armlink [5dfeaa00]

==============================================================================

Section Cross References

    startup_stm32f407xx.o(RESET) refers to startup_stm32f407xx.o(STACK) for __initial_sp
    startup_stm32f407xx.o(RESET) refers to startup_stm32f407xx.o(.text) for Reset_Handler
    startup_stm32f407xx.o(RESET) refers to stm32f4xx_it.o(.text.NMI_Handler) for NMI_Handler
    startup_stm32f407xx.o(RESET) refers to stm32f4xx_it.o(.text.HardFault_Handler) for HardFault_Handler
    startup_stm32f407xx.o(RESET) refers to stm32f4xx_it.o(.text.MemManage_Handler) for MemManage_Handler
    startup_stm32f407xx.o(RESET) refers to stm32f4xx_it.o(.text.BusFault_Handler) for BusFault_Handler
    startup_stm32f407xx.o(RESET) refers to stm32f4xx_it.o(.text.UsageFault_Handler) for UsageFault_Handler
    startup_stm32f407xx.o(RESET) refers to stm32f4xx_it.o(.text.SVC_Handler) for SVC_Handler
    startup_stm32f407xx.o(RESET) refers to stm32f4xx_it.o(.text.DebugMon_Handler) for DebugMon_Handler
    startup_stm32f407xx.o(RESET) refers to stm32f4xx_it.o(.text.PendSV_Handler) for PendSV_Handler
    startup_stm32f407xx.o(RESET) refers to stm32f4xx_it.o(.text.SysTick_Handler) for SysTick_Handler
    startup_stm32f407xx.o(RESET) refers to stm32f4xx_it.o(.text.USART1_IRQHandler) for USART1_IRQHandler
    startup_stm32f407xx.o(RESET) refers to stm32f4xx_it.o(.text.USART2_IRQHandler) for USART2_IRQHandler
    startup_stm32f407xx.o(.text) refers to system_stm32f4xx.o(.text.SystemInit) for SystemInit
    startup_stm32f407xx.o(.text) refers to entry.o(.ARM.Collect$$$$00000000) for __main
    delay.o(.text.delay_Init) refers to system_stm32f4xx.o(.data.SystemCoreClock) for SystemCoreClock
    delay.o(.text.delay_Init) refers to delay.o(.bss.fac_ms) for fac_ms
    delay.o(.text.delay_Init) refers to delay.o(.bss.fac_us) for fac_us
    delay.o(.ARM.exidx.text.delay_Init) refers to delay.o(.text.delay_Init) for [Anonymous Symbol]
    delay.o(.text.delay_us) refers to delay.o(.bss.fac_us) for fac_us
    delay.o(.ARM.exidx.text.delay_us) refers to delay.o(.text.delay_us) for [Anonymous Symbol]
    delay.o(.text.delay_ms) refers to delay.o(.bss.fac_ms) for fac_ms
    delay.o(.ARM.exidx.text.delay_ms) refers to delay.o(.text.delay_ms) for [Anonymous Symbol]
    delay.o(.text.HAL_Delay) refers to stm32f4xx_hal.o(.text.HAL_GetTick) for HAL_GetTick
    delay.o(.ARM.exidx.text.HAL_Delay) refers to delay.o(.text.HAL_Delay) for [Anonymous Symbol]
    led.o(.text.Led_Init) refers to led.o(.bss.G_led_list) for G_led_list
    led.o(.text.Led_Init) refers to led.o(.text.getLedMode) for getLedMode
    led.o(.text.Led_Init) refers to led.o(.text.setupLedMode) for setupLedMode
    led.o(.text.Led_Init) refers to led.o(.data.Pin_List) for Pin_List
    led.o(.text.Led_Init) refers to bsp_gpio.o(.text.bsp_pin_mode) for bsp_pin_mode
    led.o(.text.Led_Init) refers to led.o(.text.Led_CheckMode) for Led_CheckMode
    led.o(.ARM.exidx.text.Led_Init) refers to led.o(.text.Led_Init) for [Anonymous Symbol]
    led.o(.text.getLedMode) refers to led.o(.bss.G_led_list) for G_led_list
    led.o(.ARM.exidx.text.getLedMode) refers to led.o(.text.getLedMode) for [Anonymous Symbol]
    led.o(.text.setupLedMode) refers to led.o(.bss.G_led_list) for G_led_list
    led.o(.ARM.exidx.text.setupLedMode) refers to led.o(.text.setupLedMode) for [Anonymous Symbol]
    led.o(.text.Led_CheckMode) refers to led.o(.bss.G_led_list) for G_led_list
    led.o(.text.Led_CheckMode) refers to led.o(.data.Led_Mode_funcs) for Led_Mode_funcs
    led.o(.ARM.exidx.text.Led_CheckMode) refers to led.o(.text.Led_CheckMode) for [Anonymous Symbol]
    led.o(.text.Led_NoneMode) refers to led.o(.text.Led_turnOff) for Led_turnOff
    led.o(.ARM.exidx.text.Led_NoneMode) refers to led.o(.text.Led_NoneMode) for [Anonymous Symbol]
    led.o(.text.Led_OneshotMode) refers to led.o(.bss.G_led_list) for G_led_list
    led.o(.text.Led_OneshotMode) refers to led.o(.bss.Led_OneshotMode.finished) for Led_OneshotMode.finished
    led.o(.text.Led_OneshotMode) refers to bsp_gpio.o(.text.bsp_pin_read) for bsp_pin_read
    led.o(.text.Led_OneshotMode) refers to led.o(.text.Led_turnOff) for Led_turnOff
    led.o(.text.Led_OneshotMode) refers to led.o(.text.Led_turnOn) for Led_turnOn
    led.o(.ARM.exidx.text.Led_OneshotMode) refers to led.o(.text.Led_OneshotMode) for [Anonymous Symbol]
    led.o(.text.Led_HeartbeatMode) refers to led.o(.bss.G_led_list) for G_led_list
    led.o(.text.Led_HeartbeatMode) refers to led.o(.text.Led_turnOff) for Led_turnOff
    led.o(.text.Led_HeartbeatMode) refers to led.o(.text.Led_Toggle) for Led_Toggle
    led.o(.ARM.exidx.text.Led_HeartbeatMode) refers to led.o(.text.Led_HeartbeatMode) for [Anonymous Symbol]
    led.o(.text.Led_TimerMode) refers to led.o(.bss.G_led_list) for G_led_list
    led.o(.text.Led_TimerMode) refers to led.o(.text.Led_Toggle) for Led_Toggle
[...]
    .ARM.Collect$$$$0000000B                 0x08000190   Section        8  entry9a.o(.ARM.Collect$$$$0000000B)
    __lit__00000000                          0x08000198   Data           4  entry2.o(.ARM.Collect$$$$00002712)
    .ARM.Collect$$$$0000000D                 0x08000198   Section        0  entry10a.o(.ARM.Collect$$$$0000000D)
    .ARM.Collect$$$$0000000F                 0x08000198   Section        0  entry11a.o(.ARM.Collect$$$$0000000F)
    .ARM.Collect$$$$00002712                 0x08000198   Section        4  entry2.o(.ARM.Collect$$$$00002712)
    $v0                                      0x0800019c   Number         0  startup_stm32f407xx.o(.text)
    .text                                    0x0800019c   Section       36  startup_stm32f407xx.o(.text)
    .text                                    0x080001c0   Section        0  uldiv.o(.text)
    .text                                    0x08000222   Section        0  memcpya.o(.text)
    .text                                    0x08000246   Section        0  memseta.o(.text)
    .text                                    0x0800026a   Section        0  strcat.o(.text)
    .text                                    0x08000282   Section        0  strstr.o(.text)
    .text                                    0x080002a6   Section        0  strchr.o(.text)
    .text                                    0x080002ba   Section        0  strlen.o(.text)
    .text                                    0x080002c8   Section        0  strncat.o(.text)
    .text                                    0x080002f0   Section        0  strcpy.o(.text)
    .text                                    0x08000302   Section        0  f2d.o(.text)
    .text                                    0x08000328   Section        0  uidiv.o(.text)
    .text                                    0x08000354   Section        0  llshl.o(.text)
    .text                                    0x08000372   Section        0  llushr.o(.text)
    .text                                    0x08000392   Section        0  iusefp.o(.text)
    .text                                    0x08000392   Section        0  dadd.o(.text)
    .text                                    0x080004e0   Section        0  dmul.o(.text)
    .text                                    0x080005c4   Section        0  ddiv.o(.text)
    .text                                    0x080006a2   Section        0  dfixul.o(.text)
    .text                                    0x080006d4   Section       48  cdrcmple.o(.text)
    .text                                    0x08000704   Section       36  init.o(.text)
    .text                                    0x08000728   Section        0  llsshr.o(.text)
    .text                                    0x0800074c   Section        0  depilogue.o(.text)
    [Anonymous Symbol]                       0x08000808   Section        0  stm32f4xx_it.o(.text.BusFault_Handler)
    [Anonymous Symbol]                       0x0800080c   Section        0  hw_dht11.o(.text.DHT11_Init)
    DHT11_get_data                           0x080008bd   Thumb Code    34  hw_dht11.o(.text.DHT11_get_data)
    [Anonymous Symbol]                       0x080008bc   Section        0  hw_dht11.o(.text.DHT11_get_data)
    [Anonymous Symbol]                       0x080008e0   Section        0  stm32f4xx_it.o(.text.DebugMon_Handler)
    Dht11_get_status                         0x080008e5   Thumb Code   200  dht11.o(.text.Dht11_get_status)
    [Anonymous Symbol]                       0x080008e4   Section        0  dht11.o(.text.Dht11_get_status)
    Dht11_pin_mode                           0x080009ad   Thumb Code    42  hw_dht11.o(.text.Dht11_pin_mode)
    [Anonymous Symbol]                       0x080009ac   Section        0  hw_dht11.o(.text.Dht11_pin_mode)
    Dht11_pin_read                           0x080009d9   Thumb Code    10  hw_dht11.o(.text.Dht11_pin_read)
    [Anonymous Symbol]                       0x080009d8   Section        0  hw_dht11.o(.text.Dht11_pin_read)
    Dht11_pin_write                          0x080009e5   Thumb Code    22  hw_dht11.o(.text.Dht11_pin_write)
    [Anonymous Symbol]                       0x080009e4   Section        0  hw_dht11.o(.text.Dht11_pin_write)
    Dht11_read_bit                           0x080009fd   Thumb Code   160  dht11.o(.text.Dht11_read_bit)
    [Anonymous Symbol]                       0x080009fc   Section        0  dht11.o(.text.Dht11_read_bit)
    Dht11_read_byte                          0x08000a9d   Thumb Code    70  dht11.o(.text.Dht11_read_byte)
    [Anonymous Symbol]                       0x08000a9c   Section        0  dht11.o(.text.Dht11_read_byte)
    Dht11_reset                              0x08000ae5   Thumb Code    52  dht11.o(.text.Dht11_reset)
    [Anonymous Symbol]                       0x08000ae4   Section        0  dht11.o(.text.Dht11_reset)
    [Anonymous Symbol]                       0x08000b18   Section        0  main.o(.text.Error_Handler)
    Esp8266_GpioInit                         0x08000b29   Thumb Code    32  esp8266.o(.text.Esp8266_GpioInit)
    [Anonymous Symbol]                       0x08000b28   Section        0  esp8266.o(.text.Esp8266_GpioInit)
    Esp8266_HW_sendData                      0x08000b49   Thumb Code    34  bsp_esp8266.o(.text.Esp8266_HW_sendData)
    [Anonymous Symbol]                       0x08000b48   Section        0  bsp_esp8266.o(.text.Esp8266_HW_sendData)
    [Anonymous Symbol]                       0x08000b6c   Section        0  esp8266.o(.text.Esp8266_ObjecInit)
    Esp8266_Restart                          0x08000e15   Thumb Code    42  esp8266.o(.text.Esp8266_Restart)
    [Anonymous Symbol]                       0x08000e14   Section        0  esp8266.o(.text.Esp8266_Restart)
    Esp8266_enterTrans                       0x08000e41   Thumb Code   246  esp8266.o(.text.Esp8266_enterTrans)
    [Anonymous Symbol]                       0x08000e40   Section        0  esp8266.o(.text.Esp8266_enterTrans)
    Esp8266_sendCommmand                     0x08000f39   Thumb Code   142  esp8266.o(.text.Esp8266_sendCommmand)
    [Anonymous Symbol]                       0x08000f38   Section        0  esp8266.o(.text.Esp8266_sendCommmand)
    [Anonymous Symbol]                       0x08000fc8   Section        0  dht11.o(.text.GetProcessValueFromDHT11)
    [Anonymous Symbol]                       0x08001098   Section        0  stm32f4xx_hal_dma.o(.text.HAL_DMA_Abort)
    [Anonymous Symbol]                       0x08001184   Section        0  stm32f4xx_hal_dma.o(.text.HAL_DMA_Abort_IT)
    [Anonymous Symbol]                       0x080011c8   Section        0  stm32f4xx_hal_gpio.o(.text.HAL_GPIO_Init)
    [Anonymous Symbol]                       0x08001580   Section        0  stm32f4xx_hal_gpio.o(.text.HAL_GPIO_ReadPin)
    [Anonymous Symbol]                       0x080015b0   Section        0  stm32f4xx_hal_gpio.o(.text.HAL_GPIO_TogglePin)
    [Anonymous Symbol]                       0x080015d8   Section        0  stm32f4xx_hal_gpio.o(.text.HAL_GPIO_WritePin)
    [Anonymous Symbol]                       0x08001608   Section        0  stm32f4xx_hal.o(.text.HAL_GetTick)
    [Anonymous Symbol]                       0x08001614   Section        0  stm32f4xx_hal.o(.text.HAL_IncTick)
    [Anonymous Symbol]                       0x08001630   Section        0  stm32f4xx_hal.o(.text.HAL_Init)
    [Anonymous Symbol]                       0x08001668   Section        0  stm32f4xx_hal.o(.text.HAL_InitTick)
    [Anonymous Symbol]                       0x080016d8   Section        0  stm32f4xx_hal_msp.o(.text.HAL_MspInit)
    [Anonymous Symbol]                       0x08001724   Section        0  stm32f4xx_hal_cortex.o(.text.HAL_NVIC_EnableIRQ)
    [Anonymous Symbol]                       0x08001738   Section        0  stm32f4xx_hal_cortex.o(.text.HAL_NVIC_SetPriority)
    [Anonymous Symbol]                       0x0800176c   Section        0  stm32f4xx_hal_cortex.o(.text.HAL_NVIC_SetPriorityGrouping)
    [Anonymous Symbol]                       0x0800177c   Section        0  stm32f4xx_hal_rcc.o(.text.HAL_RCC_ClockConfig)
    [Anonymous Symbol]                       0x080019e0   Section        0  stm32f4xx_hal_rcc.o(.text.HAL_RCC_GetHCLKFreq)
    [Anonymous Symbol]                       0x080019ec   Section        0  stm32f4xx_hal_rcc.o(.text.HAL_RCC_GetPCLK1Freq)
    [Anonymous Symbol]                       0x08001a10   Section        0  stm32f4xx_hal_rcc.o(.text.HAL_RCC_GetPCLK2Freq)
    [Anonymous Symbol]                       0x08001a34   Section        0  stm32f4xx_hal_rcc.o(.text.HAL_RCC_GetSysClockFreq)
    [Anonymous Symbol]                       0x08001b1c   Section        0  stm32f4xx_hal_rcc.o(.text.HAL_RCC_OscConfig)
    [Anonymous Symbol]                       0x080021dc   Section        0  stm32f4xx_hal_cortex.o(.text.HAL_SYSTICK_Config)
    [Anonymous Symbol]                       0x080021ec   Section        0  stm32f4xx_hal_uart.o(.text.HAL_UARTEx_RxEventCallback)
    [Anonymous Symbol]                       0x080021f8   Section        0  stm32f4xx_hal_uart.o(.text.HAL_UART_ErrorCallback)
    [Anonymous Symbol]                       0x08002200   Section        0  stm32f4xx_hal_uart.o(.text.HAL_UART_IRQHandler)
    [Anonymous Symbol]                       0x08002620   Section        0  stm32f4xx_hal_uart.o(.text.HAL_UART_Init)
    [Anonymous Symbol]                       0x080026bc   Section        0  usart.o(.text.HAL_UART_MspInit)
    [Anonymous Symbol]                       0x080027f0   Section        0  stm32f4xx_hal_uart.o(.text.HAL_UART_Receive_IT)
    [Anonymous Symbol]                       0x08002868   Section        0  bsp_uart.o(.text.HAL_UART_RxCpltCallback)
    [Anonymous Symbol]                       0x080028d4   Section        0  stm32f4xx_hal_uart.o(.text.HAL_UART_Transmit)
    [Anonymous Symbol]                       0x08002a24   Section        0  stm32f4xx_hal_uart.o(.text.HAL_UART_TxCpltCallback)
    [Anonymous Symbol]                       0x08002a2c   Section        0  stm32f4xx_it.o(.text.HardFault_Handler)
    [Anonymous Symbol]                       0x08002a30   Section        0  dht11.o(.text.InitializeDHT11)
    [Anonymous Symbol]                       0x08002ab4   Section        0  led.o(.text.Led_CheckMode)
    Led_HeartbeatMode                        0x08002b05   Thumb Code   186  led.o(.text.Led_HeartbeatMode)
    [Anonymous Symbol]                       0x08002b04   Section        0  led.o(.text.Led_HeartbeatMode)
    [Anonymous Symbol]                       0x08002bc0   Section        0  led.o(.text.Led_Init)
    Led_NoneMode                             0x08002c71   Thumb Code    20  led.o(.text.Led_NoneMode)
    [Anonymous Symbol]                       0x08002c70   Section        0  led.o(.text.Led_NoneMode)
    Led_OneshotMode                          0x08002c85   Thumb Code   236  led.o(.text.Led_OneshotMode)
    [Anonymous Symbol]                       0x08002c84   Section        0  led.o(.text.Led_OneshotMode)
    Led_TimerMode                            0x08002d71   Thumb Code    94  led.o(.text.Led_TimerMode)
    [Anonymous Symbol]                       0x08002d70   Section        0  led.o(.text.Led_TimerMode)
    Led_Toggle                               0x08002dd1   Thumb Code    38  led.o(.text.Led_Toggle)
    [Anonymous Symbol]                       0x08002dd0   Section        0  led.o(.text.Led_Toggle)
    Led_turnOff                              0x08002df9   Thumb Code    40  led.o(.text.Led_turnOff)
    [Anonymous Symbol]                       0x08002df8   Section        0  led.o(.text.Led_turnOff)
    Led_turnOn                               0x08002e21   Thumb Code    40  led.o(.text.Led_turnOn)
    [Anonymous Symbol]                       0x08002e20   Section        0  led.o(.text.Led_turnOn)
    [Anonymous Symbol]                       0x08002e48   Section        0  mqttkit.o(.text.MQTT_DeleteBuffer)
    [Anonymous Symbol]                       0x08002e78   Section        0  mqttkit.o(.text.MQTT_DumpLength)
    [Anonymous Symbol]                       0x08002ed8   Section        0  mqttkit.o(.text.MQTT_NewBuffer)
    [Anonymous Symbol]                       0x08002f80   Section        0  mqttkit.o(.text.MQTT_PacketCmdResp)
    [Anonymous Symbol]                       0x08003048   Section        0  mqttkit.o(.text.MQTT_PacketConnect)
    [Anonymous Symbol]                       0x080034e0   Section        0  mqttkit.o(.text.MQTT_PacketPublish)
    [Anonymous Symbol]                       0x080037b4   Section        0  mqttkit.o(.text.MQTT_PacketSaveData)
    [Anonymous Symbol]                       0x08003854   Section        0  mqttkit.o(.text.MQTT_ReadLength)
    [Anonymous Symbol]                       0x080038d4   Section        0  mqttkit.o(.text.MQTT_UnPacketCmd)
    [Anonymous Symbol]                       0x080039a0   Section        0  mqttkit.o(.text.MQTT_UnPacketConnectAck)
    [Anonymous Symbol]                       0x080039e4   Section        0  mqttkit.o(.text.MQTT_UnPacketPublishAck)
    [Anonymous Symbol]                       0x08003a24   Section        0  mqttkit.o(.text.MQTT_UnPacketRecv)
    [Anonymous Symbol]                       0x08003af4   Section        0  gpio.o(.text.MX_GPIO_Init)
    [Anonymous Symbol]                       0x08003b88   Section        0  usart.o(.text.MX_USART1_UART_Init)
    [Anonymous Symbol]                       0x08003bc8   Section        0  usart.o(.text.MX_USART2_UART_Init)
    [Anonymous Symbol]                       0x08003c08   Section        0  stm32f4xx_it.o(.text.MemManage_Handler)
    [Anonymous Symbol]                       0x08003c0c   Section        0  stm32f4xx_it.o(.text.NMI_Handler)
    NVIC_EncodePriority                      0x08003c11   Thumb Code   108  stm32f4xx_hal_cortex.o(.text.NVIC_EncodePriority)
    [Anonymous Symbol]                       0x08003c10   Section        0  stm32f4xx_hal_cortex.o(.text.NVIC_EncodePriority)
    [Anonymous Symbol]                       0x08003c7c   Section        0  onenet.o(.text.OneNET_DevLink)
    [Anonymous Symbol]                       0x08003dc8   Section        0  onenet.o(.text.OneNET_FillBuf)
    [Anonymous Symbol]                       0x08003e80   Section        0  onenet.o(.text.OneNET_GetIPD)
    [Anonymous Symbol]                       0x08003f08   Section        0  onenet.o(.text.OneNET_RevPro)
    [Anonymous Symbol]                       0x08004024   Section        0  onenet.o(.text.OneNET_SendData)
    [Anonymous Symbol]                       0x080040d0   Section        0  stm32f4xx_it.o(.text.PendSV_Handler)
    [Anonymous Symbol]                       0x080040d4   Section        0  stm32f4xx_it.o(.text.SVC_Handler)
    SysTick_Config                           0x080040d9   Thumb Code    82  stm32f4xx_hal_cortex.o(.text.SysTick_Config)
    [Anonymous Symbol]                       0x080040d8   Section        0  stm32f4xx_hal_cortex.o(.text.SysTick_Config)
    [Anonymous Symbol]                       0x0800412c   Section        0  stm32f4xx_it.o(.text.SysTick_Handler)
    [Anonymous Symbol]                       0x08004168   Section        0  main.o(.text.SystemClock_Config)
    [Anonymous Symbol]                       0x08004224   Section        0  system_stm32f4xx.o(.text.SystemInit)
    UART_DMAAbortOnError                     0x08004239   Thumb Code    32  stm32f4xx_hal_uart.o(.text.UART_DMAAbortOnError)
    [Anonymous Symbol]                       0x08004238   Section        0  stm32f4xx_hal_uart.o(.text.UART_DMAAbortOnError)
    UART_EndRxTransfer                       0x08004259   Thumb Code   148  stm32f4xx_hal_uart.o(.text.UART_EndRxTransfer)
    [Anonymous Symbol]                       0x08004258   Section        0  stm32f4xx_hal_uart.o(.text.UART_EndRxTransfer)
    UART_EndTransmit_IT                      0x080042ed   Thumb Code    38  stm32f4xx_hal_uart.o(.text.UART_EndTransmit_IT)
    [Anonymous Symbol]                       0x080042ec   Section        0  stm32f4xx_hal_uart.o(.text.UART_EndTransmit_IT)
    [Anonymous Symbol]                       0x08004314   Section        0  bsp_uart.o(.text.UART_ProcessData)
    UART_Receive_IT                          0x08004399   Thumb Code   356  stm32f4xx_hal_uart.o(.text.UART_Receive_IT)
    [Anonymous Symbol]                       0x08004398   Section        0  stm32f4xx_hal_uart.o(.text.UART_Receive_IT)
    UART_SetConfig                           0x080044fd   Thumb Code   314  stm32f4xx_hal_uart.o(.text.UART_SetConfig)
    [Anonymous Symbol]                       0x080044fc   Section        0  stm32f4xx_hal_uart.o(.text.UART_SetConfig)
    [Anonymous Symbol]                       0x08004638   Section        0  stm32f4xx_hal_uart.o(.text.UART_Start_Receive_IT)
    UART_Transmit_IT                         0x0800469d   Thumb Code   148  stm32f4xx_hal_uart.o(.text.UART_Transmit_IT)
    [Anonymous Symbol]                       0x0800469c   Section        0  stm32f4xx_hal_uart.o(.text.UART_Transmit_IT)
    UART_WaitOnFlagUntilTimeout              0x08004731   Thumb Code   210  stm32f4xx_hal_uart.o(.text.UART_WaitOnFlagUntilTimeout)
    [Anonymous Symbol]                       0x08004730   Section        0  stm32f4xx_hal_uart.o(.text.UART_WaitOnFlagUntilTimeout)
    [Anonymous Symbol]                       0x08004804   Section        0  bsp_uart.o(.text.UARTx_SendData)
    [Anonymous Symbol]                       0x08004824   Section        0  stm32f4xx_it.o(.text.USART1_IRQHandler)
    [Anonymous Symbol]                       0x08004834   Section        0  stm32f4xx_it.o(.text.USART2_IRQHandler)
    [Anonymous Symbol]                       0x08004844   Section        0  stm32f4xx_it.o(.text.UsageFault_Handler)
    __NVIC_EnableIRQ                         0x08004849   Thumb Code    48  stm32f4xx_hal_cortex.o(.text.__NVIC_EnableIRQ)
    [Anonymous Symbol]                       0x08004848   Section        0  stm32f4xx_hal_cortex.o(.text.__NVIC_EnableIRQ)
    __NVIC_GetPriorityGrouping               0x08004879   Thumb Code    16  stm32f4xx_hal_cortex.o(.text.__NVIC_GetPriorityGrouping)
    [Anonymous Symbol]                       0x08004878   Section        0  stm32f4xx_hal_cortex.o(.text.__NVIC_GetPriorityGrouping)
    __NVIC_SetPriority                       0x08004889   Thumb Code    66  stm32f4xx_hal_cortex.o(.text.__NVIC_SetPriority)
    [Anonymous Symbol]                       0x08004888   Section        0  stm32f4xx_hal_cortex.o(.text.__NVIC_SetPriority)
    __NVIC_SetPriorityGrouping               0x080048cd   Thumb Code    60  stm32f4xx_hal_cortex.o(.text.__NVIC_SetPriorityGrouping)
    [Anonymous Symbol]                       0x080048cc   Section        0  stm32f4xx_hal_cortex.o(.text.__NVIC_SetPriorityGrouping)
    [Anonymous Symbol]                       0x08004908   Section        0  board.o(.text.board_init)
    [Anonymous Symbol]                       0x08004934   Section        0  bsp_gpio.o(.text.bsp_pin_mode)
    [Anonymous Symbol]                       0x08004950   Section        0  bsp_gpio.o(.text.bsp_pin_read)
    [Anonymous Symbol]                       0x08004964   Section        0  bsp_gpio.o(.text.bsp_pin_toggle)
    [Anonymous Symbol]                       0x08004978   Section        0  bsp_gpio.o(.text.bsp_pin_write)
    [Anonymous Symbol]                       0x08004994   Section        0  esp8266.o(.text.clearReciveBuffer)
    [Anonymous Symbol]                       0x080049b0   Section        0  delay.o(.text.delay_Init)
    [Anonymous Symbol]                       0x080049e8   Section        0  delay.o(.text.delay_ms)
    [Anonymous Symbol]                       0x08004a7c   Section        0  delay.o(.text.delay_us)
    [Anonymous Symbol]                       0x08004b10   Section        0  bsp_esp8266.o(.text.esp8266Init)
    [Anonymous Symbol]                       0x08004b64   Section        0  board.o(.text.fputc)
    getLedMode                               0x08004b95   Thumb Code    32  led.o(.text.getLedMode)
    [Anonymous Symbol]                       0x08004b94   Section        0  led.o(.text.getLedMode)
    hw_pin_mode                              0x08004bb5   Thumb Code   234  bsp_gpio.o(.text.hw_pin_mode)
    [Anonymous Symbol]                       0x08004bb4   Section        0  bsp_gpio.o(.text.hw_pin_mode)
    hw_pin_read                              0x08004ca1   Thumb Code    76  bsp_gpio.o(.text.hw_pin_read)
    [Anonymous Symbol]                       0x08004ca0   Section        0  bsp_gpio.o(.text.hw_pin_read)
    hw_pin_toggle                            0x08004ced   Thumb Code    76  bsp_gpio.o(.text.hw_pin_toggle)
    [Anonymous Symbol]                       0x08004cec   Section        0  bsp_gpio.o(.text.hw_pin_toggle)
    hw_pin_write                             0x08004d39   Thumb Code    84  bsp_gpio.o(.text.hw_pin_write)
    [Anonymous Symbol]                       0x08004d38   Section        0  bsp_gpio.o(.text.hw_pin_write)
    [Anonymous Symbol]                       0x08004d8c   Section        0  esp8266.o(.text.isRecieveFinished)
    [Anonymous Symbol]                       0x08004ddc   Section        0  main.o(.text.main)
    [Anonymous Symbol]                       0x08004ec0   Section        0  ringbuffer.o(.text.ringbuffer_data_len)
    [Anonymous Symbol]                       0x08004f34   Section        0  ringbuffer.o(.text.ringbuffer_getchar)
    [Anonymous Symbol]                       0x08004f9c   Section        0  ringbuffer.o(.text.ringbuffer_init)
    [Anonymous Symbol]                       0x08004fe4   Section        0  ringbuffer.o(.text.ringbuffer_putchar)
    [Anonymous Symbol]                       0x08005058   Section        0  ringbuffer.o(.text.ringbuffer_status)
    setupLedMode                             0x080050a1   Thumb Code    40  led.o(.text.setupLedMode)
    [Anonymous Symbol]                       0x080050a0   Section        0  led.o(.text.setupLedMode)
    [Anonymous Symbol]                       0x080050c8   Section        0  bsp_uart.o(.text.uart_init)
    i.__0printf                              0x08005114   Section        0  printfa.o(i.__0printf)
    i.__0sprintf                             0x08005134   Section        0  printfa.o(i.__0sprintf)
    i.__scatterload_copy                     0x0800515c   Section       14  handlers.o(i.__scatterload_copy)
    i.__scatterload_null                     0x0800516a   Section        2  handlers.o(i.__scatterload_null)
    i.__scatterload_zeroinit                 0x0800516c   Section       14  handlers.o(i.__scatterload_zeroinit)
    _fp_digits                               0x0800517d   Thumb Code   366  printfa.o(i._fp_digits)
    i._fp_digits                             0x0800517c   Section        0  printfa.o(i._fp_digits)
    _printf_core                             0x08005301   Thumb Code  1744  printfa.o(i._printf_core)
    i._printf_core                           0x08005300   Section        0  printfa.o(i._printf_core)
    _printf_post_padding                     0x080059dd   Thumb Code    36  printfa.o(i._printf_post_padding)
    i._printf_post_padding                   0x080059dc   Section        0  printfa.o(i._printf_post_padding)
    _printf_pre_padding                      0x08005a01   Thumb Code    46  printfa.o(i._printf_pre_padding)
    i._printf_pre_padding                    0x08005a00   Section        0  printfa.o(i._printf_pre_padding)
    _sputc                                   0x08005a2f   Thumb Code    10  printfa.o(i._sputc)
    i._sputc                                 0x08005a2e   Section        0  printfa.o(i._sputc)
    i.free                                   0x08005a38   Section        0  malloc.o(i.free)
    i.malloc                                 0x08005a88   Section        0  malloc.o(i.malloc)
    .L.str.2                                 0x08005b0c   Data          23  main.o(.rodata.str1.1)
    [Anonymous Symbol]                       0x08005b0c   Section        0  main.o(.rodata.str1.1)
    .L.str.1                                 0x08005b23   Data          27  main.o(.rodata.str1.1)
    .L.str                                   0x08005b3e   Data          24  main.o(.rodata.str1.1)
    .L.str                                   0x08005b56   Data          24  hw_dht11.o(.rodata.str1.1)
    [Anonymous Symbol]                       0x08005b56   Section        0  hw_dht11.o(.rodata.str1.1)
    .L.str.2                                 0x08005b6e   Data          27  hw_dht11.o(.rodata.str1.1)
    .L.str.1                                 0x08005b89   Data          29  hw_dht11.o(.rodata.str1.1)
    .L.str                                   0x08005ba6   Data          46  board.o(.rodata.str1.1)
    [Anonymous Symbol]                       0x08005ba6   Section        0  board.o(.rodata.str1.1)
    .L.str.2                                 0x08005bd4   Data          26  bsp_esp8266.o(.rodata.str1.1)
    [Anonymous Symbol]                       0x08005bd4   Section        0  bsp_esp8266.o(.rodata.str1.1)
    .L.str.1                                 0x08005bee   Data          12  bsp_esp8266.o(.rodata.str1.1)
    .L.str                                   0x08005bfa   Data           6  bsp_esp8266.o(.rodata.str1.1)
    .L.str.8                                 0x08005c00   Data          25  esp8266.o(.rodata.str1.1)
    [Anonymous Symbol]                       0x08005c00   Section        0  esp8266.o(.rodata.str1.1)
    .L.str.17                                0x08005c19   Data          25  esp8266.o(.rodata.str1.1)
    .L.str.6                                 0x08005c32   Data          38  esp8266.o(.rodata.str1.1)
    .L.str.2                                 0x08005c58   Data          48  esp8266.o(.rodata.str1.1)
    .L.str.16                                0x08005c88   Data          45  esp8266.o(.rodata.str1.1)
    .L.str.10                                0x08005cb5   Data          34  esp8266.o(.rodata.str1.1)
    .L.str.18                                0x08005cd7   Data          50  esp8266.o(.rodata.str1.1)
    .L.str.13                                0x08005d09   Data          42  esp8266.o(.rodata.str1.1)
    .L.str.29                                0x08005d33   Data          25  esp8266.o(.rodata.str1.1)
    .L.str.3                                 0x08005d4c   Data          30  esp8266.o(.rodata.str1.1)
    .L.str.11                                0x08005d6a   Data          22  esp8266.o(.rodata.str1.1)
    .L.str.14                                0x08005d80   Data          27  esp8266.o(.rodata.str1.1)
    .L.str.7                                 0x08005d9b   Data          24  esp8266.o(.rodata.str1.1)
    .L.str.4                                 0x08005db3   Data          33  esp8266.o(.rodata.str1.1)
    .L.str                                   0x08005dd4   Data          26  esp8266.o(.rodata.str1.1)
    .L.str.12                                0x08005dee   Data          25  esp8266.o(.rodata.str1.1)
    .L.str.27                                0x08005e07   Data          21  esp8266.o(.rodata.str1.1)
    .L.str.15                                0x08005e1c   Data          14  esp8266.o(.rodata.str1.1)
    .L.str.19                                0x08005e20   Data          15  esp8266.o(.rodata.str1.1)
    .L.str.28                                0x08005e2a   Data          15  esp8266.o(.rodata.str1.1)
    .L.str.20                                0x08005e2f   Data           9  esp8266.o(.rodata.str1.1)
    .L.str.21                                0x08005e38   Data           9  esp8266.o(.rodata.str1.1)
    .L.str.30                                0x08005e39   Data          13  esp8266.o(.rodata.str1.1)
    .L.str.22                                0x08005e41   Data           9  esp8266.o(.rodata.str1.1)
    .L.str.5                                 0x08005e46   Data           9  esp8266.o(.rodata.str1.1)
    .L.str.23                                0x08005e4a   Data           9  esp8266.o(.rodata.str1.1)
    .L.str.24                                0x08005e4f   Data          28  esp8266.o(.rodata.str1.1)
    .L.str.9                                 0x08005e6b   Data          24  esp8266.o(.rodata.str1.1)
    .L.str.25                                0x08005e83   Data          14  esp8266.o(.rodata.str1.1)
    .L.str.1                                 0x08005e91   Data           3  esp8266.o(.rodata.str1.1)
    .L.str.26                                0x08005e94   Data           8  esp8266.o(.rodata.str1.1)
    .L.str.2                                 0x08005e9c   Data           4  mqttkit.o(.rodata.str1.1)
    [Anonymous Symbol]                       0x08005e9c   Section        0  mqttkit.o(.rodata.str1.1)
    .L.str                                   0x08005ea0   Data           6  mqttkit.o(.rodata.str1.1)
    .L.str.1                                 0x08005ea5   Data           1  mqttkit.o(.rodata.str1.1)
    .L.str.10                                0x08005ea6   Data          65  onenet.o(.rodata.str1.1)
    [Anonymous Symbol]                       0x08005ea6   Section        0  onenet.o(.rodata.str1.1)
    .L.str.3                                 0x08005ea7   Data          15  mqttkit.o(.rodata.str1.1)
    .L.str.31                                0x08005ecf   Data           4  esp8266.o(.rodata.str1.1)
    .L.str.32                                0x08005ed3   Data           5  esp8266.o(.rodata.str1.1)
    .L.str.8                                 0x08005ee7   Data          42  onenet.o(.rodata.str1.1)
    .L.str.7                                 0x08005f11   Data          45  onenet.o(.rodata.str1.1)
    .L.str.9                                 0x08005f3e   Data          55  onenet.o(.rodata.str1.1)
    .L.str.6                                 0x08005f75   Data          43  onenet.o(.rodata.str1.1)
    .L.str.11                                0x08005fa0   Data          41  onenet.o(.rodata.str1.1)
    .L.str.5                                 0x08005fc9   Data          30  onenet.o(.rodata.str1.1)
    .L.str.18                                0x08005fe7   Data          29  onenet.o(.rodata.str1.1)
    .L.str.16                                0x08006004   Data          34  onenet.o(.rodata.str1.1)
    .L.str.15                                0x08006026   Data          30  onenet.o(.rodata.str1.1)
    .L.str.12                                0x08006044   Data          34  onenet.o(.rodata.str1.1)
    .L.str.17                                0x08006066   Data          21  onenet.o(.rodata.str1.1)
    .L.str.1                                 0x0800607b   Data          48  onenet.o(.rodata.str1.1)
    .L.str                                   0x080060ab   Data           5  onenet.o(.rodata.str1.1)
    .L.str.4                                 0x080060b0   Data          11  onenet.o(.rodata.str1.1)
    .L.str.2                                 0x080060bb   Data           7  onenet.o(.rodata.str1.1)
    .L.str.3                                 0x080060c2   Data          11  onenet.o(.rodata.str1.1)
    .L.str.13                                0x080060cd   Data           3  onenet.o(.rodata.str1.1)
    .L.str.14                                0x080060d0   Data          16  onenet.o(.rodata.str1.1)
    .data                                    0x20000000   Section        4  stdout.o(.data)
    .data                                    0x20000004   Section        4  mvars.o(.data)
    .data                                    0x20000008   Section        4  mvars.o(.data)
    Led_Mode_funcs                           0x2000000c   Data          48  led.o(.data.Led_Mode_funcs)
    [Anonymous Symbol]                       0x2000000c   Section        0  led.o(.data.Led_Mode_funcs)
    Led_OneshotMode.finished                 0x200000b4   Data           1  led.o(.bss.Led_OneshotMode.finished)
    [Anonymous Symbol]                       0x200000b4   Section        0  led.o(.bss.Led_OneshotMode.finished)
    UARTx_temp                               0x200000b5   Data           1  bsp_uart.o(.bss.UARTx_temp)
    [Anonymous Symbol]                       0x200000b5   Section        0  bsp_uart.o(.bss.UARTx_temp)
    counter                                  0x200000b8   Data           4  stm32f4xx_it.o(.bss.counter)
    [Anonymous Symbol]                       0x200000b8   Section        0  stm32f4xx_it.o(.bss.counter)
    fac_ms                                   0x2000014c   Data           4  delay.o(.bss.fac_ms)
    [Anonymous Symbol]                       0x2000014c   Section        0  delay.o(.bss.fac_ms)
    fac_us                                   0x20000150   Data           2  delay.o(.bss.fac_us)
    [Anonymous Symbol]                       0x20000150   Section        0  delay.o(.bss.fac_us)
    pRxBuffer                                0x200001dc   Data         128  bsp_uart.o(.bss.pRxBuffer)
    [Anonymous Symbol]                       0x200001dc   Section        0  bsp_uart.o(.bss.pRxBuffer)
    rx_rb                                    0x2000025c   Data          12  bsp_uart.o(.bss.rx_rb)
    [Anonymous Symbol]                       0x2000025c   Section        0  bsp_uart.o(.bss.rx_rb)
    HEAP                                     0x20000280   Section      512  startup_stm32f407xx.o(HEAP)
    STACK                                    0x20000480   Section     1024  startup_stm32f407xx.o(STACK)

    Global Symbols

    Symbol Name                              Value     Ov Type        Size  Object(Section)

    BuildAttributes$$THM_ISAv4$E$P$D$K$B$S$7EM$VFPi3$EXTD16$VFPS$VFMA$PE$A:L22UL41UL21$X:L11$S22US41US21$IEEE1$IW$~IW$USESV6$~STKCKD$USESV7$~SHL$OSPACE$ROPI$EBA8$MICROLIB$REQ8$PRES8$EABIv2 0x00000000   Number         0  anon$$obj.o ABSOLUTE
    __cpp_initialize__aeabi_                  - Undefined Weak Reference
    __cxa_finalize                            - Undefined Weak Reference
    __decompress                              - Undefined Weak Reference
    _clock_init                               - Undefined Weak Reference
    _microlib_exit                            - Undefined Weak Reference
    __Vectors_Size                           0x00000188   Number         0  startup_stm32f407xx.o ABSOLUTE
    __Vectors                                0x08000000   Data           4  startup_stm32f407xx.o(RESET)
    __Vectors_End                            0x08000188   Data           0  startup_stm32f407xx.o(RESET)
    __main                                   0x08000189   Thumb Code     0  entry.o(.ARM.Collect$$$$00000000)
    _main_stk                                0x08000189   Thumb Code     0  entry2.o(.ARM.Collect$$$$00000001)
    _main_scatterload                        0x0800018d   Thumb Code     0  entry5.o(.ARM.Collect$$$$00000004)
    __main_after_scatterload                 0x08000191   Thumb Code     0  entry5.o(.ARM.Collect$$$$00000004)
    _main_clock                              0x08000191   Thumb Code     0  entry7b.o(.ARM.Collect$$$$00000008)
    _main_cpp_init                           0x08000191   Thumb Code     0  entry8b.o(.ARM.Collect$$$$0000000A)
    _main_init                               0x08000191   Thumb Code     0  entry9a.o(.ARM.Collect$$$$0000000B)
    __rt_final_cpp                           0x08000199   Thumb Code     0  entry10a.o(.ARM.Collect$$$$0000000D)
    __rt_final_exit                          0x08000199   Thumb Code     0  entry11a.o(.ARM.Collect$$$$0000000F)
    Reset_Handler                            0x0800019d   Thumb Code     8  startup_stm32f407xx.o(.text)
    ADC_IRQHandler                           0x080001b7   Thumb Code     0  startup_stm32f407xx.o(.text)
    CAN1_RX0_IRQHandler                      0x080001b7   Thumb Code     0  startup_stm32f407xx.o(.text)
    CAN1_RX1_IRQHandler                      0x080001b7   Thumb Code     0  startup_stm32f407xx.o(.text)
    CAN1_SCE_IRQHandler                      0x080001b7   Thumb Code     0  startup_stm32f407xx.o(.text)
    CAN1_TX_IRQHandler                       0x080001b7   Thumb Code     0  startup_stm32f407xx.o(.text)
    CAN2_RX0_IRQHandler                      0x080001b7   Thumb Code     0  startup_stm32f407xx.o(.text)
    CAN2_RX1_IRQHandler                      0x080001b7   Thumb Code     0  startup_stm32f407xx.o(.text)
    CAN2_SCE_IRQHandler                      0x080001b7   Thumb Code     0  startup_stm32f407xx.o(.text)
    CAN2_TX_IRQHandler                       0x080001b7   Thumb Code     0  startup_stm32f407xx.o(.text)
    DCMI_IRQHandler                          0x080001b7   Thumb Code     0  startup_stm32f407xx.o(.text)
    DMA1_Stream0_IRQHandler                  0x080001b7   Thumb Code     0  startup_stm32f407xx.o(.text)
    DMA1_Stream1_IRQHandler                  0x080001b7   Thumb Code     0  startup_stm32f407xx.o(.text)
    DMA1_Stream2_IRQHandler                  0x080001b7   Thumb Code     0  startup_stm32f407xx.o(.text)
    DMA1_Stream3_IRQHandler                  0x080001b7   Thumb Code     0  startup_stm32f407xx.o(.text)
    DMA1_Stream4_IRQHandler                  0x080001b7   Thumb Code     0  startup_stm32f407xx.o(.text)
    DMA1_Stream5_IRQHandler                  0x080001b7   Thumb Code     0  startup_stm32f407xx.o(.text)
    DMA1_Stream6_IRQHandler                  0x080001b7   Thumb Code     0  startup_stm32f407xx.o(.text)
    DMA1_Stream7_IRQHandler                  0x080001b7   Thumb Code     0  startup_stm32f407xx.o(.text)
    DMA2_Stream0_IRQHandler                  0x080001b7   Thumb Code     0  startup_stm32f407xx.o(.text)
    DMA2_Stream1_IRQHandler                  0x080001b7   Thumb Code     0  startup_stm32f407xx.o(.text)
    DMA2_Stream2_IRQHandler                  0x080001b7   Thumb Code     0  startup_stm32f407xx.o(.text)
    DMA2_Stream3_IRQHandler                  0x080001b7   Thumb Code     0  startup_stm32f407xx.o(.text)
    DMA2_Stream4_IRQHandler                  0x080001b7   Thumb Code     0  startup_stm32f407xx.o(.text)
    DMA2_Stream5_IRQHandler                  0x080001b7   Thumb Code     0  startup_stm32f407xx.o(.text)
    DMA2_Stream6_IRQHandler                  0x080001b7   Thumb Code     0  startup_stm32f407xx.o(.text)
    DMA2_Stream7_IRQHandler                  0x080001b7   Thumb Code     0  startup_stm32f407xx.o(.text)
    ETH_IRQHandler                           0x080001b7   Thumb Code     0  startup_stm32f407xx.o(.text)
    ETH_WKUP_IRQHandler                      0x080001b7   Thumb Code     0  startup_stm32f407xx.o(.text)
    EXTI0_IRQHandler                         0x080001b7   Thumb Code     0  startup_stm32f407xx.o(.text)
    EXTI15_10_IRQHandler                     0x080001b7   Thumb Code     0  startup_stm32f407xx.o(.text)
    EXTI1_IRQHandler                         0x080001b7   Thumb Code     0  startup_stm32f407xx.o(.text)
    EXTI2_IRQHandler                         0x080001b7   Thumb Code     0  startup_stm32f407xx.o(.text)
    EXTI3_IRQHandler                         0x080001b7   Thumb Code     0  startup_stm32f407xx.o(.text)
    EXTI4_IRQHandler                         0x080001b7   Thumb Code     0  startup_stm32f407xx.o(.text)
    EXTI9_5_IRQHandler                       0x080001b7   Thumb Code     0  startup_stm32f407xx.o(.text)
    FLASH_IRQHandler                         0x080001b7   Thumb Code     0  startup_stm32f407xx.o(.text)
    FMC_IRQHandler                           0x080001b7   Thumb Code     0  startup_stm32f407xx.o(.text)
    FPU_IRQHandler                           0x080001b7   Thumb Code     0  startup_stm32f407xx.o(.text)
    HASH_RNG_IRQHandler                      0x080001b7   Thumb Code     0  startup_stm32f407xx.o(.text)
    I2C1_ER_IRQHandler                       0x080001b7   Thumb Code     0  startup_stm32f407xx.o(.text)
    I2C1_EV_IRQHandler                       0x080001b7   Thumb Code     0  startup_stm32f407xx.o(.text)
    I2C2_ER_IRQHandler                       0x080001b7   Thumb Code     0  startup_stm32f407xx.o(.text)
    I2C2_EV_IRQHandler                       0x080001b7   Thumb Code     0  startup_stm32f407xx.o(.text)
    I2C3_ER_IRQHandler                       0x080001b7   Thumb Code     0  startup_stm32f407xx.o(.text)
    I2C3_EV_IRQHandler                       0x080001b7   Thumb Code     0  startup_stm32f407xx.o(.text)
    OTG_FS_IRQHandler                        0x080001b7   Thumb Code     0  startup_stm32f407xx.o(.text)
    OTG_FS_WKUP_IRQHandler                   0x080001b7   Thumb Code     0  startup_stm32f407xx.o(.text)
    OTG_HS_EP1_IN_IRQHandler                 0x080001b7   Thumb Code     0  startup_stm32f407xx.o(.text)
    OTG_HS_EP1_OUT_IRQHandler                0x080001b7   Thumb Code     0  startup_stm32f407xx.o(.text)
    OTG_HS_IRQHandler                        0x080001b7   Thumb Code     0  startup_stm32f407xx.o(.text)
    OTG_HS_WKUP_IRQHandler                   0x080001b7   Thumb Code     0  startup_stm32f407xx.o(.text)
    PVD_IRQHandler                           0x080001b7   Thumb Code     0  startup_stm32f407xx.o(.text)
    RCC_IRQHandler                           0x080001b7   Thumb Code     0  startup_stm32f407xx.o(.text)
    RTC_Alarm_IRQHandler                     0x080001b7   Thumb Code     0  startup_stm32f407xx.o(.text)
    RTC_WKUP_IRQHandler                      0x080001b7   Thumb Code     0  startup_stm32f407xx.o(.text)
    SDIO_IRQHandler                          0x080001b7   Thumb Code     0  startup_stm32f407xx.o(.text)
    SPI1_IRQHandler                          0x080001b7   Thumb Code     0  startup_stm32f407xx.o(.text)
    SPI2_IRQHandler                          0x080001b7   Thumb Code     0  startup_stm32f407xx.o(.text)
    SPI3_IRQHandler                          0x080001b7   Thumb Code     0  startup_stm32f407xx.o(.text)
    TAMP_STAMP_IRQHandler                    0x080001b7   Thumb Code     0  startup_stm32f407xx.o(.text)
    TIM1_BRK_TIM9_IRQHandler                 0x080001b7   Thumb Code     0  startup_stm32f407xx.o(.text)
    TIM1_CC_IRQHandler                       0x080001b7   Thumb Code     0  startup_stm32f407xx.o(.text)
    TIM1_TRG_COM_TIM11_IRQHandler            0x080001b7   Thumb Code     0  startup_stm32f407xx.o(.text)
    TIM1_UP_TIM10_IRQHandler                 0x080001b7   Thumb Code     0  startup_stm32f407xx.o(.text)
    TIM2_IRQHandler                          0x080001b7   Thumb Code     0  startup_stm32f407xx.o(.text)
    TIM3_IRQHandler                          0x080001b7   Thumb Code     0  startup_stm32f407xx.o(.text)
    TIM4_IRQHandler                          0x080001b7   Thumb Code     0  startup_stm32f407xx.o(.text)
    TIM5_IRQHandler                          0x080001b7   Thumb Code     0  startup_stm32f407xx.o(.text)
    TIM6_DAC_IRQHandler                      0x080001b7   Thumb Code     0  startup_stm32f407xx.o(.text)
    TIM7_IRQHandler                          0x080001b7   Thumb Code     0  startup_stm32f407xx.o(.text)
    TIM8_BRK_TIM12_IRQHandler                0x080001b7   Thumb Code     0  startup_stm32f407xx.o(.text)
    TIM8_CC_IRQHandler                       0x080001b7   Thumb Code     0  startup_stm32f407xx.o(.text)
    TIM8_TRG_COM_TIM14_IRQHandler            0x080001b7   Thumb Code     0  startup_stm32f407xx.o(.text)
    TIM8_UP_TIM13_IRQHandler                 0x080001b7   Thumb Code     0  startup_stm32f407xx.o(.text)
    UART4_IRQHandler                         0x080001b7   Thumb Code     0  startup_stm32f407xx.o(.text)
    UART5_IRQHandler                         0x080001b7   Thumb Code     0  startup_stm32f407xx.o(.text)
    USART3_IRQHandler                        0x080001b7   Thumb Code     0  startup_stm32f407xx.o(.text)
    USART6_IRQHandler                        0x080001b7   Thumb Code     0  startup_stm32f407xx.o(.text)
    WWDG_IRQHandler                          0x080001b7   Thumb Code     0  startup_stm32f407xx.o(.text)
    __aeabi_uldivmod                         0x080001c1   Thumb Code    98  uldiv.o(.text)
    __aeabi_memcpy                           0x08000223   Thumb Code    36  memcpya.o(.text)
    __aeabi_memcpy4                          0x08000223   Thumb Code     0  memcpya.o(.text)
    __aeabi_memcpy8                          0x08000223   Thumb Code     0  memcpya.o(.text)
    __aeabi_memset                           0x08000247   Thumb Code    14  memseta.o(.text)
    __aeabi_memset4                          0x08000247   Thumb Code     0  memseta.o(.text)
    __aeabi_memset8                          0x08000247   Thumb Code     0  memseta.o(.text)
    __aeabi_memclr                           0x08000255   Thumb Code     4  memseta.o(.text)
    __aeabi_memclr4                          0x08000255   Thumb Code     0  memseta.o(.text)
    __aeabi_memclr8                          0x08000255   Thumb Code     0  memseta.o(.text)
    _memset$wrapper                          0x08000259   Thumb Code    18  memseta.o(.text)
    strcat                                   0x0800026b   Thumb Code    24  strcat.o(.text)
    strstr                                   0x08000283   Thumb Code    36  strstr.o(.text)
    strchr                                   0x080002a7   Thumb Code    20  strchr.o(.text)
    strlen                                   0x080002bb   Thumb Code    14  strlen.o(.text)
    strncat                                  0x080002c9   Thumb Code    40  strncat.o(.text)
    strcpy                                   0x080002f1   Thumb Code    18  strcpy.o(.text)
    __aeabi_f2d                              0x08000303   Thumb Code    38  f2d.o(.text)
    __aeabi_uidiv                            0x08000329   Thumb Code     0  uidiv.o(.text)
    __aeabi_uidivmod                         0x08000329   Thumb Code    44  uidiv.o(.text)
    __aeabi_llsl                             0x08000355   Thumb Code    30  llshl.o(.text)
    _ll_shift_l                              0x08000355   Thumb Code     0  llshl.o(.text)
    __aeabi_llsr                             0x08000373   Thumb Code    32  llushr.o(.text)
    _ll_ushift_r                             0x08000373   Thumb Code     0  llushr.o(.text)
    __I$use$fp                               0x08000393   Thumb Code     0  iusefp.o(.text)
    __aeabi_dadd                             0x08000393   Thumb Code   322  dadd.o(.text)
    __aeabi_dsub                             0x080004d5   Thumb Code     6  dadd.o(.text)
    __aeabi_drsub                            0x080004db   Thumb Code     6  dadd.o(.text)
    __aeabi_dmul                             0x080004e1   Thumb Code   228  dmul.o(.text)
    __aeabi_ddiv                             0x080005c5   Thumb Code   222  ddiv.o(.text)
    __aeabi_d2ulz                            0x080006a3   Thumb Code    48  dfixul.o(.text)
    __aeabi_cdrcmple                         0x080006d5   Thumb Code    48  cdrcmple.o(.text)
    __scatterload                            0x08000705   Thumb Code    28  init.o(.text)
    __scatterload_rt2                        0x08000705   Thumb Code     0  init.o(.text)
    __aeabi_lasr                             0x08000729   Thumb Code    36  llsshr.o(.text)
    _ll_sshift_r                             0x08000729   Thumb Code     0  llsshr.o(.text)
    _double_round                            0x0800074d   Thumb Code    30  depilogue.o(.text)
    _double_epilogue                         0x0800076b   Thumb Code   156  depilogue.o(.text)
    BusFault_Handler                         0x08000809   Thumb Code     4  stm32f4xx_it.o(.text.BusFault_Handler)
    DHT11_Init                               0x0800080d   Thumb Code   176  hw_dht11.o(.text.DHT11_Init)
    DebugMon_Handler                         0x080008e1   Thumb Code     2  stm32f4xx_it.o(.text.DebugMon_Handler)
    Error_Handler                            0x08000b19   Thumb Code    14  main.o(.text.Error_Handler)
    Esp8266_ObjecInit                        0x08000b6d   Thumb Code   680  esp8266.o(.text.Esp8266_ObjecInit)
    GetProcessValueFromDHT11                 0x08000fc9   Thumb Code   208  dht11.o(.text.GetProcessValueFromDHT11)
    HAL_DMA_Abort                            0x08001099   Thumb Code   236  stm32f4xx_hal_dma.o(.text.HAL_DMA_Abort)
    HAL_DMA_Abort_IT                         0x08001185   Thumb Code    68  stm32f4xx_hal_dma.o(.text.HAL_DMA_Abort_IT)
    HAL_GPIO_Init                            0x080011c9   Thumb Code   950  stm32f4xx_hal_gpio.o(.text.HAL_GPIO_Init)
    HAL_GPIO_ReadPin                         0x08001581   Thumb Code    46  stm32f4xx_hal_gpio.o(.text.HAL_GPIO_ReadPin)
    HAL_GPIO_TogglePin                       0x080015b1   Thumb Code    38  stm32f4xx_hal_gpio.o(.text.HAL_GPIO_TogglePin)
    HAL_GPIO_WritePin                        0x080015d9   Thumb Code    46  stm32f4xx_hal_gpio.o(.text.HAL_GPIO_WritePin)
    HAL_GetTick                              0x08001609   Thumb Code    12  stm32f4xx_hal.o(.text.HAL_GetTick)
    HAL_IncTick                              0x08001615   Thumb Code    26  stm32f4xx_hal.o(.text.HAL_IncTick)
    HAL_Init                                 0x08001631   Thumb Code    54  stm32f4xx_hal.o(.text.HAL_Init)
    HAL_InitTick                             0x08001669   Thumb Code   112  stm32f4xx_hal.o(.text.HAL_InitTick)
    HAL_MspInit                              0x080016d9   Thumb Code    74  stm32f4xx_hal_msp.o(.text.HAL_MspInit)
    HAL_NVIC_EnableIRQ                       0x08001725   Thumb Code    20  stm32f4xx_hal_cortex.o(.text.HAL_NVIC_EnableIRQ)
    HAL_NVIC_SetPriority                     0x08001739   Thumb Code    50  stm32f4xx_hal_cortex.o(.text.HAL_NVIC_SetPriority)
    HAL_NVIC_SetPriorityGrouping             0x0800176d   Thumb Code    16  stm32f4xx_hal_cortex.o(.text.HAL_NVIC_SetPriorityGrouping)
    HAL_RCC_ClockConfig                      0x0800177d   Thumb Code   610  stm32f4xx_hal_rcc.o(.text.HAL_RCC_ClockConfig)
    HAL_RCC_GetHCLKFreq                      0x080019e1   Thumb Code    12  stm32f4xx_hal_rcc.o(.text.HAL_RCC_GetHCLKFreq)
    HAL_RCC_GetPCLK1Freq                     0x080019ed   Thumb Code    34  stm32f4xx_hal_rcc.o(.text.HAL_RCC_GetPCLK1Freq)
    HAL_RCC_GetPCLK2Freq                     0x08001a11   Thumb Code    34  stm32f4xx_hal_rcc.o(.text.HAL_RCC_GetPCLK2Freq)
    HAL_RCC_GetSysClockFreq                  0x08001a35   Thumb Code   230  stm32f4xx_hal_rcc.o(.text.HAL_RCC_GetSysClockFreq)
    HAL_RCC_OscConfig                        0x08001b1d   Thumb Code  1726  stm32f4xx_hal_rcc.o(.text.HAL_RCC_OscConfig)
    HAL_SYSTICK_Config                       0x080021dd   Thumb Code    16  stm32f4xx_hal_cortex.o(.text.HAL_SYSTICK_Config)
    HAL_UARTEx_RxEventCallback               0x080021ed   Thumb Code    12  stm32f4xx_hal_uart.o(.text.HAL_UARTEx_RxEventCallback)
    HAL_UART_ErrorCallback                   0x080021f9   Thumb Code     8  stm32f4xx_hal_uart.o(.text.HAL_UART_ErrorCallback)
    HAL_UART_IRQHandler                      0x08002201   Thumb Code  1054  stm32f4xx_hal_uart.o(.text.HAL_UART_IRQHandler)
    HAL_UART_Init                            0x08002621   Thumb Code   154  stm32f4xx_hal_uart.o(.text.HAL_UART_Init)
    HAL_UART_MspInit                         0x080026bd   Thumb Code   306  usart.o(.text.HAL_UART_MspInit)
    HAL_UART_Receive_IT                      0x080027f1   Thumb Code   120  stm32f4xx_hal_uart.o(.text.HAL_UART_Receive_IT)
    HAL_UART_RxCpltCallback                  0x08002869   Thumb Code   108  bsp_uart.o(.text.HAL_UART_RxCpltCallback)
    HAL_UART_Transmit                        0x080028d5   Thumb Code   334  stm32f4xx_hal_uart.o(.text.HAL_UART_Transmit)
    HAL_UART_TxCpltCallback                  0x08002a25   Thumb Code     8  stm32f4xx_hal_uart.o(.text.HAL_UART_TxCpltCallback)
    HardFault_Handler                        0x08002a2d   Thumb Code     4  stm32f4xx_it.o(.text.HardFault_Handler)
    InitializeDHT11                          0x08002a31   Thumb Code   130  dht11.o(.text.InitializeDHT11)
    Led_CheckMode                            0x08002ab5   Thumb Code    78  led.o(.text.Led_CheckMode)
    Led_Init                                 0x08002bc1   Thumb Code   174  led.o(.text.Led_Init)
    MQTT_DeleteBuffer                        0x08002e49   Thumb Code    48  mqttkit.o(.text.MQTT_DeleteBuffer)
    MQTT_DumpLength                          0x08002e79   Thumb Code    94  mqttkit.o(.text.MQTT_DumpLength)
    MQTT_NewBuffer                           0x08002ed9   Thumb Code   166  mqttkit.o(.text.MQTT_NewBuffer)
    MQTT_PacketCmdResp                       0x08002f81   Thumb Code   200  mqttkit.o(.text.MQTT_PacketCmdResp)
    MQTT_PacketConnect                       0x08003049   Thumb Code  1174  mqttkit.o(.text.MQTT_PacketConnect)
    MQTT_PacketPublish                       0x080034e1   Thumb Code   724  mqttkit.o(.text.MQTT_PacketPublish)
    MQTT_PacketSaveData                      0x080037b5   Thumb Code   158  mqttkit.o(.text.MQTT_PacketSaveData)
    MQTT_ReadLength                          0x08003855   Thumb Code   128  mqttkit.o(.text.MQTT_ReadLength)
    MQTT_UnPacketCmd                         0x080038d5   Thumb Code   204  mqttkit.o(.text.MQTT_UnPacketCmd)
    MQTT_UnPacketConnectAck                  0x080039a1   Thumb Code    66  mqttkit.o(.text.MQTT_UnPacketConnectAck)
    MQTT_UnPacketPublishAck                  0x080039e5   Thumb Code    64  mqttkit.o(.text.MQTT_UnPacketPublishAck)
    MQTT_UnPacketRecv                        0x08003a25   Thumb Code   208  mqttkit.o(.text.MQTT_UnPacketRecv)
    MX_GPIO_Init                             0x08003af5   Thumb Code   146  gpio.o(.text.MX_GPIO_Init)
    MX_USART1_UART_Init                      0x08003b89   Thumb Code    64  usart.o(.text.MX_USART1_UART_Init)
    MX_USART2_UART_Init                      0x08003bc9   Thumb Code    64  usart.o(.text.MX_USART2_UART_Init)
    MemManage_Handler                        0x08003c09   Thumb Code     4  stm32f4xx_it.o(.text.MemManage_Handler)
    NMI_Handler                              0x08003c0d   Thumb Code     4  stm32f4xx_it.o(.text.NMI_Handler)
    OneNET_DevLink                           0x08003c7d   Thumb Code   332  onenet.o(.text.OneNET_DevLink)
    OneNET_FillBuf                           0x08003dc9   Thumb Code   184  onenet.o(.text.OneNET_FillBuf)
    OneNET_GetIPD                            0x08003e81   Thumb Code   136  onenet.o(.text.OneNET_GetIPD)
    OneNET_RevPro                            0x08003f09   Thumb Code   282  onenet.o(.text.OneNET_RevPro)
    OneNET_SendData                          0x08004025   Thumb Code   172  onenet.o(.text.OneNET_SendData)
    PendSV_Handler                           0x080040d1   Thumb Code     2  stm32f4xx_it.o(.text.PendSV_Handler)
    SVC_Handler                              0x080040d5   Thumb Code     2  stm32f4xx_it.o(.text.SVC_Handler)
    SysTick_Handler                          0x0800412d   Thumb Code    60  stm32f4xx_it.o(.text.SysTick_Handler)
    SystemClock_Config                       0x08004169   Thumb Code   186  main.o(.text.SystemClock_Config)
    SystemInit                               0x08004225   Thumb Code    18  system_stm32f4xx.o(.text.SystemInit)
    UART_ProcessData                         0x08004315   Thumb Code   130  bsp_uart.o(.text.UART_ProcessData)
    UART_Start_Receive_IT                    0x08004639   Thumb Code   100  stm32f4xx_hal_uart.o(.text.UART_Start_Receive_IT)
    UARTx_SendData                           0x08004805   Thumb Code    32  bsp_uart.o(.text.UARTx_SendData)
    USART1_IRQHandler                        0x08004825   Thumb Code    16  stm32f4xx_it.o(.text.USART1_IRQHandler)
    USART2_IRQHandler                        0x08004835   Thumb Code    16  stm32f4xx_it.o(.text.USART2_IRQHandler)
    UsageFault_Handler                       0x08004845   Thumb Code     4  stm32f4xx_it.o(.text.UsageFault_Handler)
    board_init                               0x08004909   Thumb Code    42  board.o(.text.board_init)
    bsp_pin_mode                             0x08004935   Thumb Code    28  bsp_gpio.o(.text.bsp_pin_mode)
    bsp_pin_read                             0x08004951   Thumb Code    20  bsp_gpio.o(.text.bsp_pin_read)
    bsp_pin_toggle                           0x08004965   Thumb Code    20  bsp_gpio.o(.text.bsp_pin_toggle)
    bsp_pin_write                            0x08004979   Thumb Code    28  bsp_gpio.o(.text.bsp_pin_write)
    clearReciveBuffer                        0x08004995   Thumb Code    28  esp8266.o(.text.clearReciveBuffer)
    delay_Init                               0x080049b1   Thumb Code    54  delay.o(.text.delay_Init)
    delay_ms                                 0x080049e9   Thumb Code   146  delay.o(.text.delay_ms)
    delay_us                                 0x08004a7d   Thumb Code   146  delay.o(.text.delay_us)
    esp8266Init                              0x08004b11   Thumb Code    84  bsp_esp8266.o(.text.esp8266Init)
    fputc                                    0x08004b65   Thumb Code    48  board.o(.text.fputc)
    isRecieveFinished                        0x08004d8d   Thumb Code    80  esp8266.o(.text.isRecieveFinished)
    main                                     0x08004ddd   Thumb Code   226  main.o(.text.main)
    ringbuffer_data_len                      0x08004ec1   Thumb Code   114  ringbuffer.o(.text.ringbuffer_data_len)
    ringbuffer_getchar                       0x08004f35   Thumb Code   102  ringbuffer.o(.text.ringbuffer_getchar)
    ringbuffer_init                          0x08004f9d   Thumb Code    72  ringbuffer.o(.text.ringbuffer_init)
    ringbuffer_putchar                       0x08004fe5   Thumb Code   116  ringbuffer.o(.text.ringbuffer_putchar)
    ringbuffer_status                        0x08005059   Thumb Code    72  ringbuffer.o(.text.ringbuffer_status)
    uart_init                                0x080050c9   Thumb Code    74  bsp_uart.o(.text.uart_init)
    __0printf                                0x08005115   Thumb Code    22  printfa.o(i.__0printf)
    __1printf                                0x08005115   Thumb Code     0  printfa.o(i.__0printf)
    __2printf                                0x08005115   Thumb Code     0  printfa.o(i.__0printf)
    __c89printf                              0x08005115   Thumb Code     0  printfa.o(i.__0printf)
    printf                                   0x08005115   Thumb Code     0  printfa.o(i.__0printf)
    __0sprintf                               0x08005135   Thumb Code    34  printfa.o(i.__0sprintf)
    __1sprintf                               0x08005135   Thumb Code     0  printfa.o(i.__0sprintf)
    __2sprintf                               0x08005135   Thumb Code     0  printfa.o(i.__0sprintf)
    __c89sprintf                             0x08005135   Thumb Code     0  printfa.o(i.__0sprintf)
    sprintf                                  0x08005135   Thumb Code     0  printfa.o(i.__0sprintf)
    __scatterload_copy                       0x0800515d   Thumb Code    14  handlers.o(i.__scatterload_copy)
    __scatterload_null                       0x0800516b   Thumb Code     2  handlers.o(i.__scatterload_null)
    __scatterload_zeroinit                   0x0800516d   Thumb Code    14  handlers.o(i.__scatterload_zeroinit)
    free                                     0x08005a39   Thumb Code    76  malloc.o(i.free)
    malloc                                   0x08005a89   Thumb Code    92  malloc.o(i.malloc)
    AHBPrescTable                            0x08005af4   Data          16  system_stm32f4xx.o(.rodata.AHBPrescTable)
    APBPrescTable                            0x08005b04   Data           8  system_stm32f4xx.o(.rodata.APBPrescTable)
    Region$$Table$$Base                      0x080060e0   Number         0  anon$$obj.o(Region$$Table)
    Region$$Table$$Limit                     0x08006100   Number         0  anon$$obj.o(Region$$Table)
    __stdout                                 0x20000000   Data           4  stdout.o(.data)
    __microlib_freelist                      0x20000004   Data           4  mvars.o(.data)
    __microlib_freelist_initialised          0x20000008   Data           4  mvars.o(.data)
    Pin_List                                 0x2000003c   Data           2  led.o(.data.Pin_List)
    SystemCoreClock                          0x20000040   Data           4  system_stm32f4xx.o(.data.SystemCoreClock)
    cwModeCmd                                0x20000044   Data          51  esp8266.o(.data.cwModeCmd)
    uwTickFreq                               0x20000077   Data           1  stm32f4xx_hal.o(.data.uwTickFreq)
    uwTickPrio                               0x20000078   Data           4  stm32f4xx_hal.o(.data.uwTickPrio)
    G_dht11                                  0x20000080   Data          36  hw_dht11.o(.bss.G_dht11)
    G_led_list                               0x200000a4   Data          16  led.o(.bss.G_led_list)
    esp8266                                  0x200000bc   Data         144  bsp_esp8266.o(.bss.esp8266)
    huart1                                   0x20000154   Data          68  usart.o(.bss.huart1)
    huart2                                   0x20000198   Data          68  usart.o(.bss.huart2)
    uart2                                    0x20000268   Data          16  bsp_uart.o(.bss.uart2)
    uwTick                                   0x20000278   Data           4  stm32f4xx_hal.o(.bss.uwTick)
    __heap_base                              0x20000280   Data           0  startup_stm32f407xx.o(HEAP)
    __heap_limit                             0x20000480   Data           0  startup_stm32f407xx.o(HEAP)
    __initial_sp                             0x20000880   Data           0  startup_stm32f407xx.o(STACK)



==============================================================================

Memory Map of the image

  Image Entry point : 0x08000189

  Load Region LR_IROM1 (Base: 0x08000000, Size: 0x00006180, Max: 0x00100000, ABSOLUTE)

    Execution Region ER_IROM1 (Exec base: 0x08000000, Load base: 0x08000000, Size: 0x00006100, Max: 0x00100000, ABSOLUTE)

    Exec Addr    Load Addr    Size         Type   Attr      Idx    E Section Name        Object

    0x08000000   0x08000000   0x00000188   Data   RO            3    RESET               startup_stm32f407xx.o
    0x08000188   0x08000188   0x00000000   Code   RO          951  * .ARM.Collect$$$$00000000  mc_w.l(entry.o)
    0x08000188   0x08000188   0x00000004   Code   RO         1032    .ARM.Collect$$$$00000001  mc_w.l(entry2.o)
    0x0800018c   0x0800018c   0x00000004   Code   RO         1035    .ARM.Collect$$$$00000004  mc_w.l(entry5.o)
    0x08000190   0x08000190   0x00000000   Code   RO         1037    .ARM.Collect$$$$00000008  mc_w.l(entry7b.o)
    0x08000190   0x08000190   0x00000000   Code   RO         1039    .ARM.Collect$$$$0000000A  mc_w.l(entry8b.o)
    0x08000190   0x08000190   0x00000008   Code   RO         1040    .ARM.Collect$$$$0000000B  mc_w.l(entry9a.o)
    0x08000198   0x08000198   0x00000000   Code   RO         1042    .ARM.Collect$$$$0000000D  mc_w.l(entry10a.o)
    0x08000198   0x08000198   0x00000000   Code   RO         1044    .ARM.Collect$$$$0000000F  mc_w.l(entry11a.o)
    0x08000198   0x08000198   0x00000004   Code   RO         1033    .ARM.Collect$$$$00002712  mc_w.l(entry2.o)
    0x0800019c   0x0800019c   0x00000024   Code   RO            4    .text               startup_stm32f407xx.o
    0x080001c0   0x080001c0   0x00000062   Code   RO          954    .text               mc_w.l(uldiv.o)
    0x08000222   0x08000222   0x00000024   Code   RO          956    .text               mc_w.l(memcpya.o)
    0x08000246   0x08000246   0x00000024   Code   RO          958    .text               mc_w.l(memseta.o)
    0x0800026a   0x0800026a   0x00000018   Code   RO          960    .text               mc_w.l(strcat.o)
    0x08000282   0x08000282   0x00000024   Code   RO          962    .text               mc_w.l(strstr.o)
    0x080002a6   0x080002a6   0x00000014   Code   RO          964    .text               mc_w.l(strchr.o)
    0x080002ba   0x080002ba   0x0000000e   Code   RO          966    .text               mc_w.l(strlen.o)
    0x080002c8   0x080002c8   0x00000028   Code   RO          968    .text               mc_w.l(strncat.o)
    0x080002f0   0x080002f0   0x00000012   Code   RO          970    .text               mc_w.l(strcpy.o)
    0x08000302   0x08000302   0x00000026   Code   RO         1030    .text               mf_w.l(f2d.o)
    0x08000328   0x08000328   0x0000002c   Code   RO         1056    .text               mc_w.l(uidiv.o)
    0x08000354   0x08000354   0x0000001e   Code   RO         1058    .text               mc_w.l(llshl.o)
    0x08000372   0x08000372   0x00000020   Code   RO         1060    .text               mc_w.l(llushr.o)
    0x08000392   0x08000392   0x00000000   Code   RO         1064    .text               mc_w.l(iusefp.o)
    0x08000392   0x08000392   0x0000014e   Code   RO         1065    .text               mf_w.l(dadd.o)
    0x080004e0   0x080004e0   0x000000e4   Code   RO         1067    .text               mf_w.l(dmul.o)
    0x080005c4   0x080005c4   0x000000de   Code   RO         1069    .text               mf_w.l(ddiv.o)
    0x080006a2   0x080006a2   0x00000030   Code   RO         1071    .text               mf_w.l(dfixul.o)
    0x080006d2   0x080006d2   0x00000002   PAD
    0x080006d4   0x080006d4   0x00000030   Code   RO         1073    .text               mf_w.l(cdrcmple.o)
    0x08000704   0x08000704   0x00000024   Code   RO         1075    .text               mc_w.l(init.o)
    0x08000728   0x08000728   0x00000024   Code   RO         1077    .text               mc_w.l(llsshr.o)
    0x0800074c   0x0800074c   0x000000ba   Code   RO         1079    .text               mf_w.l(depilogue.o)
    0x08000806   0x08000806   0x00000002   PAD
    0x08000808   0x08000808   0x00000004   Code   RO          107    .text.BusFault_Handler  stm32f4xx_it.o
    0x0800080c   0x0800080c   0x000000b0   Code   RO          752    .text.DHT11_Init    hw_dht11.o
    0x080008bc   0x080008bc   0x00000022   Code   RO          754    .text.DHT11_get_data  hw_dht11.o
    0x080008de   0x080008de   0x00000002   PAD
    0x080008e0   0x080008e0   0x00000002   Code   RO          113    .text.DebugMon_Handler  stm32f4xx_it.o
    0x080008e2   0x080008e2   0x00000002   PAD
    0x080008e4   0x080008e4   0x000000c8   Code   RO          737    .text.Dht11_get_status  dht11.o
    0x080009ac   0x080009ac   0x0000002a   Code   RO          760    .text.Dht11_pin_mode  hw_dht11.o
    0x080009d6   0x080009d6   0x00000002   PAD
    0x080009d8   0x080009d8   0x0000000a   Code   RO          758    .text.Dht11_pin_read  hw_dht11.o
    0x080009e2   0x080009e2   0x00000002   PAD
    0x080009e4   0x080009e4   0x00000016   Code   RO          756    .text.Dht11_pin_write  hw_dht11.o
    0x080009fa   0x080009fa   0x00000002   PAD
    0x080009fc   0x080009fc   0x000000a0   Code   RO          743    .text.Dht11_read_bit  dht11.o
    0x08000a9c   0x08000a9c   0x00000046   Code   RO          739    .text.Dht11_read_byte  dht11.o
    0x08000ae2   0x08000ae2   0x00000002   PAD
    0x08000ae4   0x08000ae4   0x00000034   Code   RO          735    .text.Dht11_reset   dht11.o
    0x08000b18   0x08000b18   0x0000000e   Code   RO           65    .text.Error_Handler  main.o
    0x08000b26   0x08000b26   0x00000002   PAD
    0x08000b28   0x08000b28   0x00000020   Code   RO          849    .text.Esp8266_GpioInit  esp8266.o
    0x08000b48   0x08000b48   0x00000022   Code   RO          834    .text.Esp8266_HW_sendData  bsp_esp8266.o
    0x08000b6a   0x08000b6a   0x00000002   PAD
    0x08000b6c   0x08000b6c   0x000002a8   Code   RO          845    .text.Esp8266_ObjecInit  esp8266.o
    0x08000e14   0x08000e14   0x0000002a   Code   RO          851    .text.Esp8266_Restart  esp8266.o
    0x08000e3e   0x08000e3e   0x00000002   PAD
    0x08000e40   0x08000e40   0x000000f6   Code   RO          855    .text.Esp8266_enterTrans  esp8266.o
    0x08000f36   0x08000f36   0x00000002   PAD
    0x08000f38   0x08000f38   0x0000008e   Code   RO          853    .text.Esp8266_sendCommmand  esp8266.o
    0x08000fc6   0x08000fc6   0x00000002   PAD
    0x08000fc8   0x08000fc8   0x000000d0   Code   RO          733    .text.GetProcessValueFromDHT11  dht11.o
    0x08001098   0x08001098   0x000000ec   Code   RO          475    .text.HAL_DMA_Abort  stm32f4xx_hal_dma.o
    0x08001184   0x08001184   0x00000044   Code   RO          477    .text.HAL_DMA_Abort_IT  stm32f4xx_hal_dma.o
    0x080011c8   0x080011c8   0x000003b6   Code   RO          423    .text.HAL_GPIO_Init  stm32f4xx_hal_gpio.o
    0x0800157e   0x0800157e   0x00000002   PAD
    0x08001580   0x08001580   0x0000002e   Code   RO          427    .text.HAL_GPIO_ReadPin  stm32f4xx_hal_gpio.o
    0x080015ae   0x080015ae   0x00000002   PAD
    0x080015b0   0x080015b0   0x00000026   Code   RO          431    .text.HAL_GPIO_TogglePin  stm32f4xx_hal_gpio.o
    0x080015d6   0x080015d6   0x00000002   PAD
    0x080015d8   0x080015d8   0x0000002e   Code   RO          429    .text.HAL_GPIO_WritePin  stm32f4xx_hal_gpio.o
    0x08001606   0x08001606   0x00000002   PAD
    0x08001608   0x08001608   0x0000000c   Code   RO          601    .text.HAL_GetTick   stm32f4xx_hal.o
    0x08001614   0x08001614   0x0000001a   Code   RO          599    .text.HAL_IncTick   stm32f4xx_hal.o
    0x0800162e   0x0800162e   0x00000002   PAD
    0x08001630   0x08001630   0x00000036   Code   RO          589    .text.HAL_Init      stm32f4xx_hal.o
    0x08001666   0x08001666   0x00000002   PAD
    0x08001668   0x08001668   0x00000070   Code   RO          591    .text.HAL_InitTick  stm32f4xx_hal.o
    0x080016d8   0x080016d8   0x0000004a   Code   RO          131    .text.HAL_MspInit   stm32f4xx_hal_msp.o
    0x08001722   0x08001722   0x00000002   PAD
    0x08001724   0x08001724   0x00000014   Code   RO          530    .text.HAL_NVIC_EnableIRQ  stm32f4xx_hal_cortex.o
    0x08001738   0x08001738   0x00000032   Code   RO          522    .text.HAL_NVIC_SetPriority  stm32f4xx_hal_cortex.o
    0x0800176a   0x0800176a   0x00000002   PAD
    0x0800176c   0x0800176c   0x00000010   Code   RO          518    .text.HAL_NVIC_SetPriorityGrouping  stm32f4xx_hal_cortex.o
    0x0800177c   0x0800177c   0x00000262   Code   RO          291    .text.HAL_RCC_ClockConfig  stm32f4xx_hal_rcc.o
    0x080019de   0x080019de   0x00000002   PAD
    0x080019e0   0x080019e0   0x0000000c   Code   RO          301    .text.HAL_RCC_GetHCLKFreq  stm32f4xx_hal_rcc.o
    0x080019ec   0x080019ec   0x00000022   Code   RO          303    .text.HAL_RCC_GetPCLK1Freq  stm32f4xx_hal_rcc.o
    0x08001a0e   0x08001a0e   0x00000002   PAD
    0x08001a10   0x08001a10   0x00000022   Code   RO          305    .text.HAL_RCC_GetPCLK2Freq  stm32f4xx_hal_rcc.o
    0x08001a32   0x08001a32   0x00000002   PAD
    0x08001a34   0x08001a34   0x000000e6   Code   RO          293    .text.HAL_RCC_GetSysClockFreq  stm32f4xx_hal_rcc.o
    0x08001b1a   0x08001b1a   0x00000002   PAD
    0x08001b1c   0x08001b1c   0x000006be   Code   RO          289    .text.HAL_RCC_OscConfig  stm32f4xx_hal_rcc.o
    0x080021da   0x080021da   0x00000002   PAD
    0x080021dc   0x080021dc   0x00000010   Code   RO          542    .text.HAL_SYSTICK_Config  stm32f4xx_hal_cortex.o
    0x080021ec   0x080021ec   0x0000000c   Code   RO          248    .text.HAL_UARTEx_RxEventCallback  stm32f4xx_hal_uart.o
    0x080021f8   0x080021f8   0x00000008   Code   RO          246    .text.HAL_UART_ErrorCallback  stm32f4xx_hal_uart.o
    0x08002200   0x08002200   0x0000041e   Code   RO          240    .text.HAL_UART_IRQHandler  stm32f4xx_hal_uart.o
    0x0800261e   0x0800261e   0x00000002   PAD
    0x08002620   0x08002620   0x0000009a   Code   RO          158    .text.HAL_UART_Init  stm32f4xx_hal_uart.o
    0x080026ba   0x080026ba   0x00000002   PAD
    0x080026bc   0x080026bc   0x00000132   Code   RO           88    .text.HAL_UART_MspInit  usart.o
    0x080027ee   0x080027ee   0x00000002   PAD
    0x080027f0   0x080027f0   0x00000078   Code   RO          182    .text.HAL_UART_Receive_IT  stm32f4xx_hal_uart.o
    0x08002868   0x08002868   0x0000006c   Code   RO          818    .text.HAL_UART_RxCpltCallback  bsp_uart.o
    0x080028d4   0x080028d4   0x0000014e   Code   RO          174    .text.HAL_UART_Transmit  stm32f4xx_hal_uart.o
    0x08002a22   0x08002a22   0x00000002   PAD
    0x08002a24   0x08002a24   0x00000008   Code   RO          254    .text.HAL_UART_TxCpltCallback  stm32f4xx_hal_uart.o
    0x08002a2c   0x08002a2c   0x00000004   Code   RO          103    .text.HardFault_Handler  stm32f4xx_it.o
    0x08002a30   0x08002a30   0x00000082   Code   RO          741    .text.InitializeDHT11  dht11.o
    0x08002ab2   0x08002ab2   0x00000002   PAD
    0x08002ab4   0x08002ab4   0x0000004e   Code   RO           34    .text.Led_CheckMode  led.o
    0x08002b02   0x08002b02   0x00000002   PAD
    0x08002b04   0x08002b04   0x000000ba   Code   RO           40    .text.Led_HeartbeatMode  led.o
    0x08002bbe   0x08002bbe   0x00000002   PAD
    0x08002bc0   0x08002bc0   0x000000ae   Code   RO           28    .text.Led_Init      led.o
    0x08002c6e   0x08002c6e   0x00000002   PAD
    0x08002c70   0x08002c70   0x00000014   Code   RO           36    .text.Led_NoneMode  led.o
    0x08002c84   0x08002c84   0x000000ec   Code   RO           38    .text.Led_OneshotMode  led.o
    0x08002d70   0x08002d70   0x0000005e   Code   RO           42    .text.Led_TimerMode  led.o
    0x08002dce   0x08002dce   0x00000002   PAD
    0x08002dd0   0x08002dd0   0x00000026   Code   RO           48    .text.Led_Toggle    led.o
    0x08002df6   0x08002df6   0x00000002   PAD
    0x08002df8   0x08002df8   0x00000028   Code   RO           46    .text.Led_turnOff   led.o
    0x08002e20   0x08002e20   0x00000028   Code   RO           44    .text.Led_turnOn    led.o
    0x08002e48   0x08002e48   0x00000030   Code   RO          874    .text.MQTT_DeleteBuffer  mqttkit.o
    0x08002e78   0x08002e78   0x0000005e   Code   RO          876    .text.MQTT_DumpLength  mqttkit.o
    0x08002ed6   0x08002ed6   0x00000002   PAD
    0x08002ed8   0x08002ed8   0x000000a6   Code   RO          872    .text.MQTT_NewBuffer  mqttkit.o
    0x08002f7e   0x08002f7e   0x00000002   PAD
    0x08002f80   0x08002f80   0x000000c8   Code   RO          896    .text.MQTT_PacketCmdResp  mqttkit.o
    0x08003048   0x08003048   0x00000496   Code   RO          882    .text.MQTT_PacketConnect  mqttkit.o
    0x080034de   0x080034de   0x00000002   PAD
    0x080034e0   0x080034e0   0x000002d4   Code   RO          890    .text.MQTT_PacketPublish  mqttkit.o
    0x080037b4   0x080037b4   0x0000009e   Code   RO          888    .text.MQTT_PacketSaveData  mqttkit.o
    0x08003852   0x08003852   0x00000002   PAD
    0x08003854   0x08003854   0x00000080   Code   RO          878    .text.MQTT_ReadLength  mqttkit.o
    0x080038d4   0x080038d4   0x000000cc   Code   RO          894    .text.MQTT_UnPacketCmd  mqttkit.o
    0x080039a0   0x080039a0   0x00000042   Code   RO          886    .text.MQTT_UnPacketConnectAck  mqttkit.o
    0x080039e2   0x080039e2   0x00000002   PAD
    0x080039e4   0x080039e4   0x00000040   Code   RO          910    .text.MQTT_UnPacketPublishAck  mqttkit.o
    0x08003a24   0x08003a24   0x000000d0   Code   RO          880    .text.MQTT_UnPacketRecv  mqttkit.o
    0x08003af4   0x08003af4   0x00000092   Code   RO           76    .text.MX_GPIO_Init  gpio.o
    0x08003b86   0x08003b86   0x00000002   PAD
    0x08003b88   0x08003b88   0x00000040   Code   RO           84    .text.MX_USART1_UART_Init  usart.o
    0x08003bc8   0x08003bc8   0x00000040   Code   RO           86    .text.MX_USART2_UART_Init  usart.o
    0x08003c08   0x08003c08   0x00000004   Code   RO          105    .text.MemManage_Handler  stm32f4xx_it.o
    0x08003c0c   0x08003c0c   0x00000004   Code   RO          101    .text.NMI_Handler   stm32f4xx_it.o
    0x08003c10   0x08003c10   0x0000006c   Code   RO          528    .text.NVIC_EncodePriority  stm32f4xx_hal_cortex.o
    0x08003c7c   0x08003c7c   0x0000014c   Code   RO          936    .text.OneNET_DevLink  onenet.o
    0x08003dc8   0x08003dc8   0x000000b8   Code   RO          938    .text.OneNET_FillBuf  onenet.o
    0x08003e80   0x08003e80   0x00000088   Code   RO          934    .text.OneNET_GetIPD  onenet.o
    0x08003f08   0x08003f08   0x0000011a   Code   RO          942    .text.OneNET_RevPro  onenet.o
    0x08004022   0x08004022   0x00000002   PAD
    0x08004024   0x08004024   0x000000ac   Code   RO          940    .text.OneNET_SendData  onenet.o
    0x080040d0   0x080040d0   0x00000002   Code   RO          115    .text.PendSV_Handler  stm32f4xx_it.o
    0x080040d2   0x080040d2   0x00000002   PAD
    0x080040d4   0x080040d4   0x00000002   Code   RO          111    .text.SVC_Handler   stm32f4xx_it.o
    0x080040d6   0x080040d6   0x00000002   PAD
    0x080040d8   0x080040d8   0x00000052   Code   RO          544    .text.SysTick_Config  stm32f4xx_hal_cortex.o
    0x0800412a   0x0800412a   0x00000002   PAD
    0x0800412c   0x0800412c   0x0000003c   Code   RO          117    .text.SysTick_Handler  stm32f4xx_it.o
    0x08004168   0x08004168   0x000000ba   Code   RO           63    .text.SystemClock_Config  main.o
    0x08004222   0x08004222   0x00000002   PAD
    0x08004224   0x08004224   0x00000012   Code   RO          719    .text.SystemInit    system_stm32f4xx.o
    0x08004236   0x08004236   0x00000002   PAD
    0x08004238   0x08004238   0x00000020   Code   RO          244    .text.UART_DMAAbortOnError  stm32f4xx_hal_uart.o
    0x08004258   0x08004258   0x00000094   Code   RO          206    .text.UART_EndRxTransfer  stm32f4xx_hal_uart.o
    0x080042ec   0x080042ec   0x00000026   Code   RO          252    .text.UART_EndTransmit_IT  stm32f4xx_hal_uart.o
    0x08004312   0x08004312   0x00000002   PAD
    0x08004314   0x08004314   0x00000082   Code   RO          816    .text.UART_ProcessData  bsp_uart.o
    0x08004396   0x08004396   0x00000002   PAD
    0x08004398   0x08004398   0x00000164   Code   RO          242    .text.UART_Receive_IT  stm32f4xx_hal_uart.o
    0x080044fc   0x080044fc   0x0000013a   Code   RO          162    .text.UART_SetConfig  stm32f4xx_hal_uart.o
    0x08004636   0x08004636   0x00000002   PAD
    0x08004638   0x08004638   0x00000064   Code   RO          184    .text.UART_Start_Receive_IT  stm32f4xx_hal_uart.o
    0x0800469c   0x0800469c   0x00000094   Code   RO          250    .text.UART_Transmit_IT  stm32f4xx_hal_uart.o
    0x08004730   0x08004730   0x000000d2   Code   RO          176    .text.UART_WaitOnFlagUntilTimeout  stm32f4xx_hal_uart.o
    0x08004802   0x08004802   0x00000002   PAD
    0x08004804   0x08004804   0x00000020   Code   RO          808    .text.UARTx_SendData  bsp_uart.o
    0x08004824   0x08004824   0x00000010   Code   RO          119    .text.USART1_IRQHandler  stm32f4xx_it.o
    0x08004834   0x08004834   0x00000010   Code   RO          121    .text.USART2_IRQHandler  stm32f4xx_it.o
    0x08004844   0x08004844   0x00000004   Code   RO          109    .text.UsageFault_Handler  stm32f4xx_it.o
    0x08004848   0x08004848   0x00000030   Code   RO          532    .text.__NVIC_EnableIRQ  stm32f4xx_hal_cortex.o
    0x08004878   0x08004878   0x00000010   Code   RO          524    .text.__NVIC_GetPriorityGrouping  stm32f4xx_hal_cortex.o
    0x08004888   0x08004888   0x00000042   Code   RO          526    .text.__NVIC_SetPriority  stm32f4xx_hal_cortex.o
    0x080048ca   0x080048ca   0x00000002   PAD
    0x080048cc   0x080048cc   0x0000003c   Code   RO          520    .text.__NVIC_SetPriorityGrouping  stm32f4xx_hal_cortex.o
    0x08004908   0x08004908   0x0000002a   Code   RO          771    .text.board_init    board.o
    0x08004932   0x08004932   0x00000002   PAD
    0x08004934   0x08004934   0x0000001c   Code   RO          783    .text.bsp_pin_mode  bsp_gpio.o
    0x08004950   0x08004950   0x00000014   Code   RO          791    .text.bsp_pin_read  bsp_gpio.o
    0x08004964   0x08004964   0x00000014   Code   RO          795    .text.bsp_pin_toggle  bsp_gpio.o
    0x08004978   0x08004978   0x0000001c   Code   RO          787    .text.bsp_pin_write  bsp_gpio.o
    0x08004994   0x08004994   0x0000001c   Code   RO          847    .text.clearReciveBuffer  esp8266.o
    0x080049b0   0x080049b0   0x00000036   Code   RO           11    .text.delay_Init    delay.o
    0x080049e6   0x080049e6   0x00000002   PAD
    0x080049e8   0x080049e8   0x00000092   Code   RO           15    .text.delay_ms      delay.o
    0x08004a7a   0x08004a7a   0x00000002   PAD
    0x08004a7c   0x08004a7c   0x00000092   Code   RO           13    .text.delay_us      delay.o
    0x08004b0e   0x08004b0e   0x00000002   PAD
    0x08004b10   0x08004b10   0x00000054   Code   RO          832    .text.esp8266Init   bsp_esp8266.o
    0x08004b64   0x08004b64   0x00000030   Code   RO          773    .text.fputc         board.o
    0x08004b94   0x08004b94   0x00000020   Code   RO           30    .text.getLedMode    led.o
    0x08004bb4   0x08004bb4   0x000000ea   Code   RO          785    .text.hw_pin_mode   bsp_gpio.o
    0x08004c9e   0x08004c9e   0x00000002   PAD
    0x08004ca0   0x08004ca0   0x0000004c   Code   RO          793    .text.hw_pin_read   bsp_gpio.o
    0x08004cec   0x08004cec   0x0000004c   Code   RO          797    .text.hw_pin_toggle  bsp_gpio.o
    0x08004d38   0x08004d38   0x00000054   Code   RO          789    .text.hw_pin_write  bsp_gpio.o
    0x08004d8c   0x08004d8c   0x00000050   Code   RO          861    .text.isRecieveFinished  esp8266.o
    0x08004ddc   0x08004ddc   0x000000e2   Code   RO           61    .text.main          main.o
    0x08004ebe   0x08004ebe   0x00000002   PAD
    0x08004ec0   0x08004ec0   0x00000072   Code   RO          141    .text.ringbuffer_data_len  ringbuffer.o
    0x08004f32   0x08004f32   0x00000002   PAD
    0x08004f34   0x08004f34   0x00000066   Code   RO          147    .text.ringbuffer_getchar  ringbuffer.o
    0x08004f9a   0x08004f9a   0x00000002   PAD
    0x08004f9c   0x08004f9c   0x00000048   Code   RO          143    .text.ringbuffer_init  ringbuffer.o
    0x08004fe4   0x08004fe4   0x00000074   Code   RO          145    .text.ringbuffer_putchar  ringbuffer.o
    0x08005058   0x08005058   0x00000048   Code   RO          139    .text.ringbuffer_status  ringbuffer.o
    0x080050a0   0x080050a0   0x00000028   Code   RO           32    .text.setupLedMode  led.o
    0x080050c8   0x080050c8   0x0000004a   Code   RO          806    .text.uart_init     bsp_uart.o
    0x08005112   0x08005112   0x00000002   PAD
    0x08005114   0x08005114   0x00000020   Code   RO          975    i.__0printf         mc_w.l(printfa.o)
    0x08005134   0x08005134   0x00000028   Code   RO          977    i.__0sprintf        mc_w.l(printfa.o)
    0x0800515c   0x0800515c   0x0000000e   Code   RO         1083    i.__scatterload_copy  mc_w.l(handlers.o)
    0x0800516a   0x0800516a   0x00000002   Code   RO         1084    i.__scatterload_null  mc_w.l(handlers.o)
    0x0800516c   0x0800516c   0x0000000e   Code   RO         1085    i.__scatterload_zeroinit  mc_w.l(handlers.o)
    0x0800517a   0x0800517a   0x00000002   PAD
    0x0800517c   0x0800517c   0x00000184   Code   RO          982    i._fp_digits        mc_w.l(printfa.o)
    0x08005300   0x08005300   0x000006dc   Code   RO          983    i._printf_core      mc_w.l(printfa.o)
    0x080059dc   0x080059dc   0x00000024   Code   RO          984    i._printf_post_padding  mc_w.l(printfa.o)
    0x08005a00   0x08005a00   0x0000002e   Code   RO          985    i._printf_pre_padding  mc_w.l(printfa.o)
    0x08005a2e   0x08005a2e   0x0000000a   Code   RO          987    i._sputc            mc_w.l(printfa.o)
    0x08005a38   0x08005a38   0x00000050   Code   RO         1002    i.free              mc_w.l(malloc.o)
    0x08005a88   0x08005a88   0x0000006c   Code   RO         1003    i.malloc            mc_w.l(malloc.o)
    0x08005af4   0x08005af4   0x00000010   Data   RO          724    .rodata.AHBPrescTable  system_stm32f4xx.o
    0x08005b04   0x08005b04   0x00000008   Data   RO          725    .rodata.APBPrescTable  system_stm32f4xx.o
    0x08005b0c   0x08005b0c   0x0000004a   Data   RO           67    .rodata.str1.1      main.o
    0x08005b56   0x08005b56   0x00000050   Data   RO          763    .rodata.str1.1      hw_dht11.o
    0x08005ba6   0x08005ba6   0x0000002e   Data   RO          775    .rodata.str1.1      board.o
    0x08005bd4   0x08005bd4   0x0000002c   Data   RO          837    .rodata.str1.1      bsp_esp8266.o
    0x08005c00   0x08005c00   0x0000029c   Data   RO          864    .rodata.str1.1      esp8266.o
    0x08005e9c   0x08005e9c   0x0000000a   Data   RO          926    .rodata.str1.1      mqttkit.o
    0x08005ea6   0x08005ea6   0x0000023a   Data   RO          944    .rodata.str1.1      onenet.o
    0x080060e0   0x080060e0   0x00000020   Data   RO         1082    Region$$Table       anon$$obj.o


    Execution Region RW_IRAM1 (Exec base: 0x20000000, Load base: 0x08006100, Size: 0x00000880, Max: 0x0001c000, ABSOLUTE)

    Exec Addr    Load Addr    Size         Type   Attr      Idx    E Section Name        Object

    0x20000000   0x08006100   0x00000004   Data   RW         1046    .data               mc_w.l(stdout.o)
    0x20000004   0x08006104   0x00000004   Data   RW         1062    .data               mc_w.l(mvars.o)
    0x20000008   0x08006108   0x00000004   Data   RW         1063    .data               mc_w.l(mvars.o)
    0x2000000c   0x0800610c   0x00000030   Data   RW           52    .data.Led_Mode_funcs  led.o
    0x2000003c   0x0800613c   0x00000002   Data   RW           50    .data.Pin_List      led.o
    0x2000003e   0x0800613e   0x00000002   PAD
    0x20000040   0x08006140   0x00000004   Data   RW          723    .data.SystemCoreClock  system_stm32f4xx.o
    0x20000044   0x08006144   0x00000033   Data   RW          863    .data.cwModeCmd     esp8266.o
    0x20000077   0x08006177   0x00000001   Data   RW          644    .data.uwTickFreq    stm32f4xx_hal.o
    0x20000078   0x08006178   0x00000004   Data   RW          643    .data.uwTickPrio    stm32f4xx_hal.o
    0x2000007c   0x0800617c   0x00000004   PAD
    0x20000080        -       0x00000024   Zero   RW          762    .bss.G_dht11        hw_dht11.o
    0x200000a4        -       0x00000010   Zero   RW           51    .bss.G_led_list     led.o
    0x200000b4        -       0x00000001   Zero   RW           53    .bss.Led_OneshotMode.finished  led.o
    0x200000b5        -       0x00000001   Zero   RW          823    .bss.UARTx_temp     bsp_uart.o
    0x200000b6   0x0800617c   0x00000002   PAD
    0x200000b8        -       0x00000004   Zero   RW          123    .bss.counter        stm32f4xx_it.o
    0x200000bc        -       0x00000090   Zero   RW          836    .bss.esp8266        bsp_esp8266.o
    0x2000014c        -       0x00000004   Zero   RW           19    .bss.fac_ms         delay.o
    0x20000150        -       0x00000002   Zero   RW           20    .bss.fac_us         delay.o
    0x20000152   0x0800617c   0x00000002   PAD
    0x20000154        -       0x00000044   Zero   RW           92    .bss.huart1         usart.o
    0x20000198        -       0x00000044   Zero   RW           93    .bss.huart2         usart.o
    0x200001dc        -       0x00000080   Zero   RW          821    .bss.pRxBuffer      bsp_uart.o
    0x2000025c        -       0x0000000c   Zero   RW          820    .bss.rx_rb          bsp_uart.o
    0x20000268        -       0x00000010   Zero   RW          822    .bss.uart2          bsp_uart.o
    0x20000278        -       0x00000004   Zero   RW          645    .bss.uwTick         stm32f4xx_hal.o
    0x2000027c   0x0800617c   0x00000004   PAD
    0x20000280        -       0x00000200   Zero   RW            2    HEAP                startup_stm32f407xx.o
    0x20000480        -       0x00000400   Zero   RW            1    STACK               startup_stm32f407xx.o


    Execution Region RW_IRAM2 (Exec base: 0x2001c000, Load base: 0x08006180, Size: 0x00000000, Max: 0x00004000, ABSOLUTE)

    **** No section assigned to this execution region ****


==============================================================================

Image component sizes


      Code (inc. data)   RO Data    RW Data    ZI Data      Debug   Object Name

        90          0         46          0          0       1329   board.o
       118          0         44          0        144       1555   bsp_esp8266.o
       566          0          0          0          0       3584   bsp_gpio.o
       344          0          0          0        157       5784   bsp_uart.o
       346          0          0          0          6       1730   delay.o
       820          4          0          0          0       3092   dht11.o
      1250          0        668         51          0       4513   esp8266.o
       146          0          0          0          0       2011   gpio.o
       284          0         80          0         36       2224   hw_dht11.o
       978          0          0         50         17       3232   led.o
       426          0         74          0          0       2879   main.o
      3234          0         10          0          0      12003   mqttkit.o
      1106         10        570          0          0       3129   onenet.o
       476          0          0          0          0       1990   ringbuffer.o
        36          8        392          0       1536        840   startup_stm32f407xx.o
       204          0          0          5          4       7116   stm32f4xx_hal.o
       482          0          0          0          0       9435   stm32f4xx_hal_cortex.o
       304          0          0          0          0       8462   stm32f4xx_hal_dma.o
      1080          0          0          0          0       5104   stm32f4xx_hal_gpio.o
        74          0          0          0          0       1485   stm32f4xx_hal_msp.o
      2646          0          0          0          0       7586   stm32f4xx_hal_rcc.o
      3036          0          0          0          0      20037   stm32f4xx_hal_uart.o
       118          0          0          0          4       1414   stm32f4xx_it.o
        18          0         24          4          0       2532   system_stm32f4xx.o
       434          0          0          0        136       6965   usart.o

    ----------------------------------------------------------------------
     18736         22       1940        112       2052     120031   Object Totals
         0          0         32          0          0          0   (incl. Generated)
       120          0          0          2         12          0   (incl. Padding)

    ----------------------------------------------------------------------

      Code (inc. data)   RO Data    RW Data    ZI Data      Debug   Library Member Name

         0          0          0          0          0          0   entry.o
         0          0          0          0          0          0   entry10a.o
         0          0          0          0          0          0   entry11a.o
         8          4          0          0          0          0   entry2.o
         4          0          0          0          0          0   entry5.o
         0          0          0          0          0          0   entry7b.o
         0          0          0          0          0          0   entry8b.o
         8          4          0          0          0          0   entry9a.o
        30          0          0          0          0          0   handlers.o
        36          8          0          0          0         68   init.o
         0          0          0          0          0          0   iusefp.o
        30          0          0          0          0         68   llshl.o
        36          0          0          0          0         68   llsshr.o
        32          0          0          0          0         68   llushr.o
       188         20          0          0          0        160   malloc.o
        36          0          0          0          0         68   memcpya.o
        36          0          0          0          0        108   memseta.o
         0          0          0          8          0          0   mvars.o
      2308         96          0          0          0        604   printfa.o
         0          0          0          4          0          0   stdout.o
        24          0          0          0          0         68   strcat.o
        20          0          0          0          0         68   strchr.o
        18          0          0          0          0         68   strcpy.o
        14          0          0          0          0         68   strlen.o
        40          0          0          0          0         76   strncat.o
        36          0          0          0          0         80   strstr.o
        44          0          0          0          0         80   uidiv.o
        98          0          0          0          0         92   uldiv.o
        48          0          0          0          0         68   cdrcmple.o
       334          0          0          0          0        148   dadd.o
       222          0          0          0          0        100   ddiv.o
       186          0          0          0          0        176   depilogue.o
        48          0          0          0          0         68   dfixul.o
       228          0          0          0          0         96   dmul.o
        38          0          0          0          0         68   f2d.o

    ----------------------------------------------------------------------
      4156        132          0         12          0       2536   Library Totals
         6          0          0          0          0          0   (incl. Padding)

    ----------------------------------------------------------------------

      Code (inc. data)   RO Data    RW Data    ZI Data      Debug   Library Name

      3046        132          0         12          0       1812   mc_w.l
      1104          0          0          0          0        724   mf_w.l

    ----------------------------------------------------------------------
      4156        132          0         12          0       2536   Library Totals

    ----------------------------------------------------------------------

==============================================================================


      Code (inc. data)   RO Data    RW Data    ZI Data      Debug   

     22892        154       1940        124       2052     120907   Grand Totals
     22892        154       1940        124       2052     120907   ELF Image Totals
     22892        154       1940        124          0          0   ROM Totals

==============================================================================

    Total RO  Size (Code + RO Data)                24832 (  24.25kB)
    Total RW  Size (RW Data + ZI Data)              2176 (   2.13kB)
    Total ROM Size (Code + RO Data + RW Data)      24956 (  24.37kB)

==============================================================================

