Component: ARM Compiler 6.16 Tool: armlink [5dfeaa00]

==============================================================================

Section Cross References

    startup_stm32f407xx.o(RESET) refers to startup_stm32f407xx.o(STACK) for __initial_sp
    startup_stm32f407xx.o(RESET) refers to startup_stm32f407xx.o(.text) for Reset_Handler
    startup_stm32f407xx.o(RESET) refers to stm32f4xx_it.o(.text.NMI_Handler) for NMI_Handler
    startup_stm32f407xx.o(RESET) refers to stm32f4xx_it.o(.text.HardFault_Handler) for HardFault_Handler
    startup_stm32f407xx.o(RESET) refers to stm32f4xx_it.o(.text.MemManage_Handler) for MemManage_Handler
    startup_stm32f407xx.o(RESET) refers to stm32f4xx_it.o(.text.BusFault_Handler) for BusFault_Handler
    startup_stm32f407xx.o(RESET) refers to stm32f4xx_it.o(.text.UsageFault_Handler) for UsageFault_Handler
    startup_stm32f407xx.o(RESET) refers to stm32f4xx_it.o(.text.SVC_Handler) for SVC_Handler
    startup_stm32f407xx.o(RESET) refers to stm32f4xx_it.o(.text.DebugMon_Handler) for DebugMon_Handler
    startup_stm32f407xx.o(RESET) refers to stm32f4xx_it.o(.text.PendSV_Handler) for PendSV_Handler
    startup_stm32f407xx.o(RESET) refers to stm32f4xx_it.o(.text.SysTick_Handler) for SysTick_Handler
    startup_stm32f407xx.o(RESET) refers to stm32f4xx_it.o(.text.USART1_IRQHandler) for USART1_IRQHandler
    startup_stm32f407xx.o(RESET) refers to stm32f4xx_it.o(.text.USART2_IRQHandler) for USART2_IRQHandler
    startup_stm32f407xx.o(.text) refers to system_stm32f4xx.o(.text.SystemInit) for SystemInit
    startup_stm32f407xx.o(.text) refers to entry.o(.ARM.Collect$$$$00000000) for __main
    delay.o(.text.delay_Init) refers to system_stm32f4xx.o(.data.SystemCoreClock) for SystemCoreClock
    delay.o(.text.delay_Init) refers to delay.o(.bss.fac_ms) for fac_ms
    delay.o(.text.delay_Init) refers to delay.o(.bss.fac_us) for fac_us
    delay.o(.ARM.exidx.text.delay_Init) refers to delay.o(.text.delay_Init) for [Anonymous Symbol]
    delay.o(.text.delay_us) refers to delay.o(.bss.fac_us) for fac_us
    delay.o(.ARM.exidx.text.delay_us) refers to delay.o(.text.delay_us) for [Anonymous Symbol]
    delay.o(.text.delay_ms) refers to delay.o(.bss.fac_ms) for fac_ms
    delay.o(.ARM.exidx.text.delay_ms) refers to delay.o(.text.delay_ms) for [Anonymous Symbol]
    delay.o(.text.HAL_Delay) refers to stm32f4xx_hal.o(.text.HAL_GetTick) for HAL_GetTick
    delay.o(.ARM.exidx.text.HAL_Delay) refers to delay.o(.text.HAL_Delay) for [Anonymous Symbol]
    led.o(.text.Led_Init) refers to led.o(.bss.G_led_list) for G_led_list
    led.o(.text.Led_Init) refers to led.o(.text.getLedMode) for getLedMode
    led.o(.text.Led_Init) refers to led.o(.text.setupLedMode) for setupLedMode
    led.o(.text.Led_Init) refers to led.o(.data.Pin_List) for Pin_List
    led.o(.text.Led_Init) refers to bsp_gpio.o(.text.bsp_pin_mode) for bsp_pin_mode
    led.o(.text.Led_Init) refers to led.o(.text.Led_CheckMode) for Led_CheckMode
    led.o(.ARM.exidx.text.Led_Init) refers to led.o(.text.Led_Init) for [Anonymous Symbol]
    led.o(.text.getLedMode) refers to led.o(.bss.G_led_list) for G_led_list
    led.o(.ARM.exidx.text.getLedMode) refers to led.o(.text.getLedMode) for [Anonymous Symbol]
    led.o(.text.setupLedMode) refers to led.o(.bss.G_led_list) for G_led_list
    led.o(.ARM.exidx.text.setupLedMode) refers to led.o(.text.setupLedMode) for [Anonymous Symbol]
    led.o(.text.Led_CheckMode) refers to led.o(.bss.G_led_list) for G_led_list
    led.o(.text.Led_CheckMode) refers to led.o(.data.Led_Mode_funcs) for Led_Mode_funcs
    led.o(.ARM.exidx.text.Led_CheckMode) refers to led.o(.text.Led_CheckMode) for [Anonymous Symbol]
    led.o(.text.Led_NoneMode) refers to led.o(.text.Led_turnOff) for Led_turnOff
    led.o(.ARM.exidx.text.Led_NoneMode) refers to led.o(.text.Led_NoneMode) for [Anonymous Symbol]
    led.o(.text.Led_OneshotMode) refers to led.o(.bss.G_led_list) for G_led_list
    led.o(.text.Led_OneshotMode) refers to led.o(.bss.Led_OneshotMode.finished) for Led_OneshotMode.finished
    led.o(.text.Led_OneshotMode) refers to bsp_gpio.o(.text.bsp_pin_read) for bsp_pin_read
    led.o(.text.Led_OneshotMode) refers to led.o(.text.Led_turnOff) for Led_turnOff
    led.o(.text.Led_OneshotMode) refers to led.o(.text.Led_turnOn) for Led_turnOn
    led.o(.ARM.exidx.text.Led_OneshotMode) refers to led.o(.text.Led_OneshotMode) for [Anonymous Symbol]
    led.o(.text.Led_HeartbeatMode) refers to led.o(.bss.G_led_list) for G_led_list
    led.o(.text.Led_HeartbeatMode) refers to led.o(.text.Led_turnOff) for Led_turnOff
    led.o(.text.Led_HeartbeatMode) refers to led.o(.text.Led_Toggle) for Led_Toggle
    led.o(.ARM.exidx.text.Led_HeartbeatMode) refers to led.o(.text.Led_HeartbeatMode) for [Anonymous Symbol]
    led.o(.text.Led_TimerMode) refers to led.o(.bss.G_led_list) for G_led_list
    led.o(.text.Led_TimerMode) refers to led.o(.text.Led_Toggle) for Led_Toggle
[...]
    Removing esp8266.o(.ARM.exidx.text.ESP8266_Net_Mode_Choose), (8 bytes).
    Removing esp8266.o(.ARM.exidx.text.ESP8266_JoinAP), (8 bytes).
    Removing esp8266.o(.text.ESP8266_BuildAP), (66 bytes).
    Removing esp8266.o(.ARM.exidx.text.ESP8266_BuildAP), (8 bytes).
    Removing esp8266.o(.ARM.exidx.text.ESP8266_Enable_MultipleId), (8 bytes).
    Removing esp8266.o(.ARM.exidx.text.ESP8266_Link_Server), (8 bytes).
    Removing esp8266.o(.text.ESP8266_StartOrShutServer), (180 bytes).
    Removing esp8266.o(.ARM.exidx.text.ESP8266_StartOrShutServer), (8 bytes).
    Removing esp8266.o(.ARM.exidx.text.ESP8266_Get_LinkStatus), (8 bytes).
    Removing esp8266.o(.text.ESP8266_Get_IdLinkStatus), (312 bytes).
    Removing esp8266.o(.ARM.exidx.text.ESP8266_Get_IdLinkStatus), (8 bytes).
    Removing esp8266.o(.text.ESP8266_Inquire_ApIp), (170 bytes).
    Removing esp8266.o(.ARM.exidx.text.ESP8266_Inquire_ApIp), (8 bytes).
    Removing esp8266.o(.ARM.exidx.text.ESP8266_UnvarnishSend), (8 bytes).
    Removing esp8266.o(.ARM.exidx.text.ESP8266_ExitUnvarnishSend), (8 bytes).
    Removing esp8266.o(.text.ESP8266_SendString), (178 bytes).
    Removing esp8266.o(.ARM.exidx.text.ESP8266_SendString), (8 bytes).
    Removing esp8266.o(.text.ESP8266_ReceiveString), (154 bytes).
    Removing esp8266.o(.ARM.exidx.text.ESP8266_ReceiveString), (8 bytes).
    Removing esp8266.o(.bss.strUSART_Fram_Record), (1026 bytes).

571 unused section(s) (total 35045 bytes) removed from the image.

==============================================================================

Image Symbol Table

    Local Symbols

    Symbol Name                              Value     Ov Type        Size  Object(Section)

    ../clib/division.s                       0x00000000   Number         0  aeabi_sdiv.o ABSOLUTE
    ../clib/microlib/division.c              0x00000000   Number         0  uldiv.o ABSOLUTE
    ../clib/microlib/division.c              0x00000000   Number         0  uidiv.o ABSOLUTE
    ../clib/microlib/init/entry.s            0x00000000   Number         0  entry.o ABSOLUTE
    ../clib/microlib/init/entry.s            0x00000000   Number         0  entry2.o ABSOLUTE
    ../clib/microlib/init/entry.s            0x00000000   Number         0  entry5.o ABSOLUTE
    ../clib/microlib/init/entry.s            0x00000000   Number         0  entry7a.o ABSOLUTE
    ../clib/microlib/init/entry.s            0x00000000   Number         0  entry7b.o ABSOLUTE
    ../clib/microlib/init/entry.s            0x00000000   Number         0  entry8a.o ABSOLUTE
    ../clib/microlib/init/entry.s            0x00000000   Number         0  entry8b.o ABSOLUTE
    ../clib/microlib/init/entry.s            0x00000000   Number         0  entry9a.o ABSOLUTE
    ../clib/microlib/init/entry.s            0x00000000   Number         0  entry9b.o ABSOLUTE
    ../clib/microlib/init/entry.s            0x00000000   Number         0  entry10a.o ABSOLUTE
    ../clib/microlib/init/entry.s            0x00000000   Number         0  entry10b.o ABSOLUTE
    ../clib/microlib/init/entry.s            0x00000000   Number         0  entry11a.o ABSOLUTE
    ../clib/microlib/init/entry.s            0x00000000   Number         0  entry11b.o ABSOLUTE
    ../clib/microlib/longlong.c              0x00000000   Number         0  llshl.o ABSOLUTE
    ../clib/microlib/longlong.c              0x00000000   Number         0  llushr.o ABSOLUTE
    ../clib/microlib/longlong.c              0x00000000   Number         0  llsshr.o ABSOLUTE
    ../clib/microlib/printf/printf.c         0x00000000   Number         0  printfa.o ABSOLUTE
    ../clib/microlib/stdio/streams.c         0x00000000   Number         0  stdout.o ABSOLUTE
    ../clib/microlib/string/memset.c         0x00000000   Number         0  memseta.o ABSOLUTE
    ../clib/microlib/string/strcmp.c         0x00000000   Number         0  strcmp.o ABSOLUTE
    ../clib/microlib/string/strcpy.c         0x00000000   Number         0  strcpy.o ABSOLUTE
    ../clib/microlib/string/strlen.c         0x00000000   Number         0  strlen.o ABSOLUTE
    ../clib/microlib/string/strstr.c         0x00000000   Number         0  strstr.o ABSOLUTE
    ../clib/microlib/string/strtok.c         0x00000000   Number         0  strtok.o ABSOLUTE
    ../clib/microlib/string/strtok.c         0x00000000   Number         0  strtok_r.o ABSOLUTE
    ../clib/microlib/stubs.s                 0x00000000   Number         0  iusefp.o ABSOLUTE
    ../fplib/microlib/fpadd.c                0x00000000   Number         0  dadd.o ABSOLUTE
    ../fplib/microlib/fpdiv.c                0x00000000   Number         0  ddiv.o ABSOLUTE
    ../fplib/microlib/fpepilogue.c           0x00000000   Number         0  depilogue.o ABSOLUTE
    ../fplib/microlib/fpfix.c                0x00000000   Number         0  dfixul.o ABSOLUTE
    ../fplib/microlib/fpmul.c                0x00000000   Number         0  dmul.o ABSOLUTE
    board.c                                  0x00000000   Number         0  board.o ABSOLUTE
    bsp_esp8266_test.c                       0x00000000   Number         0  bsp_esp8266_test.o ABSOLUTE
    bsp_gpio.c                               0x00000000   Number         0  bsp_gpio.o ABSOLUTE
    bsp_uart.c                               0x00000000   Number         0  bsp_uart.o ABSOLUTE
    cdrcmple.s                               0x00000000   Number         0  cdrcmple.o ABSOLUTE
    dc.s                                     0x00000000   Number         0  dc.o ABSOLUTE
    delay.c                                  0x00000000   Number         0  delay.o ABSOLUTE
    dht11.c                                  0x00000000   Number         0  dht11.o ABSOLUTE
    esp8266.c                                0x00000000   Number         0  esp8266.o ABSOLUTE
    gpio.c                                   0x00000000   Number         0  gpio.o ABSOLUTE
    handlers.s                               0x00000000   Number         0  handlers.o ABSOLUTE
    hw_dht11.c                               0x00000000   Number         0  hw_dht11.o ABSOLUTE
    init.s                                   0x00000000   Number         0  init.o ABSOLUTE
    led.c                                    0x00000000   Number         0  led.o ABSOLUTE
    main.c                                   0x00000000   Number         0  main.o ABSOLUTE
    ringbuffer.c                             0x00000000   Number         0  ringbuffer.o ABSOLUTE
    startup_stm32f407xx.s                    0x00000000   Number         0  startup_stm32f407xx.o ABSOLUTE
    stm32f4xx_hal.c                          0x00000000   Number         0  stm32f4xx_hal.o ABSOLUTE
    stm32f4xx_hal_cortex.c                   0x00000000   Number         0  stm32f4xx_hal_cortex.o ABSOLUTE
    stm32f4xx_hal_dma.c                      0x00000000   Number         0  stm32f4xx_hal_dma.o ABSOLUTE
    stm32f4xx_hal_dma_ex.c                   0x00000000   Number         0  stm32f4xx_hal_dma_ex.o ABSOLUTE
    stm32f4xx_hal_exti.c                     0x00000000   Number         0  stm32f4xx_hal_exti.o ABSOLUTE
    stm32f4xx_hal_flash.c                    0x00000000   Number         0  stm32f4xx_hal_flash.o ABSOLUTE
    stm32f4xx_hal_flash_ex.c                 0x00000000   Number         0  stm32f4xx_hal_flash_ex.o ABSOLUTE
    stm32f4xx_hal_flash_ramfunc.c            0x00000000   Number         0  stm32f4xx_hal_flash_ramfunc.o ABSOLUTE
    stm32f4xx_hal_gpio.c                     0x00000000   Number         0  stm32f4xx_hal_gpio.o ABSOLUTE
    stm32f4xx_hal_msp.c                      0x00000000   Number         0  stm32f4xx_hal_msp.o ABSOLUTE
    stm32f4xx_hal_pwr.c                      0x00000000   Number         0  stm32f4xx_hal_pwr_1.o ABSOLUTE
    stm32f4xx_hal_pwr_ex.c                   0x00000000   Number         0  stm32f4xx_hal_pwr_ex.o ABSOLUTE
    stm32f4xx_hal_rcc.c                      0x00000000   Number         0  stm32f4xx_hal_rcc.o ABSOLUTE
    stm32f4xx_hal_rcc_ex.c                   0x00000000   Number         0  stm32f4xx_hal_rcc_ex.o ABSOLUTE
    stm32f4xx_hal_tim.c                      0x00000000   Number         0  stm32f4xx_hal_tim.o ABSOLUTE
    stm32f4xx_hal_tim_ex.c                   0x00000000   Number         0  stm32f4xx_hal_tim_ex.o ABSOLUTE
    stm32f4xx_hal_uart.c                     0x00000000   Number         0  stm32f4xx_hal_uart.o ABSOLUTE
    stm32f4xx_it.c                           0x00000000   Number         0  stm32f4xx_it.o ABSOLUTE
    system_stm32f4xx.c                       0x00000000   Number         0  system_stm32f4xx.o ABSOLUTE
    usart.c                                  0x00000000   Number         0  usart.o ABSOLUTE
    RESET                                    0x08000000   Section      392  startup_stm32f407xx.o(RESET)
    .ARM.Collect$$$$00000000                 0x08000188   Section        0  entry.o(.ARM.Collect$$$$00000000)
    .ARM.Collect$$$$00000001                 0x08000188   Section        4  entry2.o(.ARM.Collect$$$$00000001)
    .ARM.Collect$$$$00000004                 0x0800018c   Section        4  entry5.o(.ARM.Collect$$$$00000004)
    .ARM.Collect$$$$00000008                 0x08000190   Section        0  entry7b.o(.ARM.Collect$$$$00000008)
    .ARM.Collect$$$$0000000A                 0x08000190   Section        0  entry8b.o(.ARM.Collect$$$$0000000A)
    .ARM.Collect$$$$0000000B                 0x08000190   Section        8  entry9a.o(.ARM.Collect$$$$0000000B)
    __lit__00000000                          0x08000198   Data           4  entry2.o(.ARM.Collect$$$$00002712)
    .ARM.Collect$$$$0000000D                 0x08000198   Section        0  entry10a.o(.ARM.Collect$$$$0000000D)
    .ARM.Collect$$$$0000000F                 0x08000198   Section        0  entry11a.o(.ARM.Collect$$$$0000000F)
    .ARM.Collect$$$$00002712                 0x08000198   Section        4  entry2.o(.ARM.Collect$$$$00002712)
    $v0                                      0x0800019c   Number         0  startup_stm32f407xx.o(.text)
    .text                                    0x0800019c   Section       36  startup_stm32f407xx.o(.text)
    .text                                    0x080001c0   Section        0  uldiv.o(.text)
    .text                                    0x08000222   Section        0  memseta.o(.text)
    .text                                    0x08000246   Section        0  strstr.o(.text)
    .text                                    0x0800026a   Section        0  strcmp.o(.text)
    .text                                    0x08000286   Section        0  uidiv.o(.text)
    .text                                    0x080002b2   Section        0  llshl.o(.text)
    .text                                    0x080002d0   Section        0  llushr.o(.text)
    .text                                    0x080002f0   Section        0  iusefp.o(.text)
    .text                                    0x080002f0   Section        0  dadd.o(.text)
    .text                                    0x0800043e   Section        0  dmul.o(.text)
    .text                                    0x08000522   Section        0  ddiv.o(.text)
    .text                                    0x08000600   Section        0  dfixul.o(.text)
    .text                                    0x08000630   Section       48  cdrcmple.o(.text)
    .text                                    0x08000660   Section       36  init.o(.text)
    .text                                    0x08000684   Section        0  llsshr.o(.text)
    .text                                    0x080006a8   Section        0  depilogue.o(.text)
    [Anonymous Symbol]                       0x08000764   Section        0  stm32f4xx_it.o(.text.BusFault_Handler)
    [Anonymous Symbol]                       0x08000768   Section        0  hw_dht11.o(.text.DHT11_Init)
    DHT11_get_data                           0x0800080d   Thumb Code    34  hw_dht11.o(.text.DHT11_get_data)
    [Anonymous Symbol]                       0x0800080c   Section        0  hw_dht11.o(.text.DHT11_get_data)
    [Anonymous Symbol]                       0x08000830   Section        0  stm32f4xx_it.o(.text.DebugMon_Handler)
    Dht11_get_status                         0x08000835   Thumb Code   200  dht11.o(.text.Dht11_get_status)
    [Anonymous Symbol]                       0x08000834   Section        0  dht11.o(.text.Dht11_get_status)
    Dht11_pin_mode                           0x080008fd   Thumb Code    42  hw_dht11.o(.text.Dht11_pin_mode)
    [Anonymous Symbol]                       0x080008fc   Section        0  hw_dht11.o(.text.Dht11_pin_mode)
    Dht11_pin_read                           0x08000929   Thumb Code    10  hw_dht11.o(.text.Dht11_pin_read)
    [Anonymous Symbol]                       0x08000928   Section        0  hw_dht11.o(.text.Dht11_pin_read)
    Dht11_pin_write                          0x08000935   Thumb Code    22  hw_dht11.o(.text.Dht11_pin_write)
    [Anonymous Symbol]                       0x08000934   Section        0  hw_dht11.o(.text.Dht11_pin_write)
    Dht11_read_bit                           0x0800094d   Thumb Code   160  dht11.o(.text.Dht11_read_bit)
    [Anonymous Symbol]                       0x0800094c   Section        0  dht11.o(.text.Dht11_read_bit)
    Dht11_read_byte                          0x080009ed   Thumb Code    70  dht11.o(.text.Dht11_read_byte)
    [Anonymous Symbol]                       0x080009ec   Section        0  dht11.o(.text.Dht11_read_byte)
    Dht11_reset                              0x08000a35   Thumb Code    52  dht11.o(.text.Dht11_reset)
    [Anonymous Symbol]                       0x08000a34   Section        0  dht11.o(.text.Dht11_reset)
    [Anonymous Symbol]                       0x08000a68   Section        0  esp8266.o(.text.ESP8266_AT_Test)
    [Anonymous Symbol]                       0x08000b00   Section        0  bsp_esp8266_test.o(.text.ESP8266_CheckRecvDataTest)
    [Anonymous Symbol]                       0x08000d00   Section        0  esp8266.o(.text.ESP8266_Cmd)
    [Anonymous Symbol]                       0x08000e8c   Section        0  esp8266.o(.text.ESP8266_Enable_MultipleId)
    [Anonymous Symbol]                       0x08000ec8   Section        0  esp8266.o(.text.ESP8266_ExitUnvarnishSend)
    [Anonymous Symbol]                       0x08000ef0   Section        0  esp8266.o(.text.ESP8266_Get_LinkStatus)
    [Anonymous Symbol]                       0x08000f88   Section        0  esp8266.o(.text.ESP8266_Init)
    [Anonymous Symbol]                       0x08000f9c   Section        0  esp8266.o(.text.ESP8266_JoinAP)
    [Anonymous Symbol]                       0x08000fd0   Section        0  esp8266.o(.text.ESP8266_Link_Server)
    [Anonymous Symbol]                       0x080010a0   Section        0  esp8266.o(.text.ESP8266_Net_Mode_Choose)
    [Anonymous Symbol]                       0x08001148   Section        0  esp8266.o(.text.ESP8266_Rst)
    [Anonymous Symbol]                       0x0800116c   Section        0  bsp_esp8266_test.o(.text.ESP8266_StaTcpClient_Unvarnish_ConfigTest)
    [Anonymous Symbol]                       0x08001254   Section        0  esp8266.o(.text.ESP8266_UnvarnishSend)
    [Anonymous Symbol]                       0x080012ac   Section        0  main.o(.text.Error_Handler)
    [Anonymous Symbol]                       0x080012bc   Section        0  dht11.o(.text.GetProcessValueFromDHT11)
    [Anonymous Symbol]                       0x0800138c   Section        0  stm32f4xx_hal_dma.o(.text.HAL_DMA_Abort)
    [Anonymous Symbol]                       0x08001478   Section        0  stm32f4xx_hal_dma.o(.text.HAL_DMA_Abort_IT)
    [Anonymous Symbol]                       0x080014bc   Section        0  delay.o(.text.HAL_Delay)
    [Anonymous Symbol]                       0x080014e4   Section        0  stm32f4xx_hal_gpio.o(.text.HAL_GPIO_Init)
    [Anonymous Symbol]                       0x0800189c   Section        0  stm32f4xx_hal_gpio.o(.text.HAL_GPIO_ReadPin)
    [Anonymous Symbol]                       0x080018cc   Section        0  stm32f4xx_hal_gpio.o(.text.HAL_GPIO_TogglePin)
    [Anonymous Symbol]                       0x080018f4   Section        0  stm32f4xx_hal_gpio.o(.text.HAL_GPIO_WritePin)
    [Anonymous Symbol]                       0x08001924   Section        0  stm32f4xx_hal.o(.text.HAL_GetTick)
    [Anonymous Symbol]                       0x08001930   Section        0  stm32f4xx_hal.o(.text.HAL_IncTick)
    [Anonymous Symbol]                       0x0800194c   Section        0  stm32f4xx_hal.o(.text.HAL_Init)
    [Anonymous Symbol]                       0x08001984   Section        0  stm32f4xx_hal.o(.text.HAL_InitTick)
    [Anonymous Symbol]                       0x080019f4   Section        0  stm32f4xx_hal_msp.o(.text.HAL_MspInit)
    [Anonymous Symbol]                       0x08001a40   Section        0  stm32f4xx_hal_cortex.o(.text.HAL_NVIC_EnableIRQ)
    [Anonymous Symbol]                       0x08001a54   Section        0  stm32f4xx_hal_cortex.o(.text.HAL_NVIC_SetPriority)
    [Anonymous Symbol]                       0x08001a88   Section        0  stm32f4xx_hal_cortex.o(.text.HAL_NVIC_SetPriorityGrouping)
    [Anonymous Symbol]                       0x08001a98   Section        0  stm32f4xx_hal_rcc.o(.text.HAL_RCC_ClockConfig)
    [Anonymous Symbol]                       0x08001cfc   Section        0  stm32f4xx_hal_rcc.o(.text.HAL_RCC_GetHCLKFreq)
    [Anonymous Symbol]                       0x08001d08   Section        0  stm32f4xx_hal_rcc.o(.text.HAL_RCC_GetPCLK1Freq)
    [Anonymous Symbol]                       0x08001d2c   Section        0  stm32f4xx_hal_rcc.o(.text.HAL_RCC_GetPCLK2Freq)
    [Anonymous Symbol]                       0x08001d50   Section        0  stm32f4xx_hal_rcc.o(.text.HAL_RCC_GetSysClockFreq)
    [Anonymous Symbol]                       0x08001e38   Section        0  stm32f4xx_hal_rcc.o(.text.HAL_RCC_OscConfig)
    [Anonymous Symbol]                       0x080024f8   Section        0  stm32f4xx_hal_cortex.o(.text.HAL_SYSTICK_Config)
    [Anonymous Symbol]                       0x08002508   Section        0  stm32f4xx_hal_uart.o(.text.HAL_UARTEx_RxEventCallback)
    [Anonymous Symbol]                       0x08002514   Section        0  stm32f4xx_hal_uart.o(.text.HAL_UART_ErrorCallback)
    [Anonymous Symbol]                       0x0800251c   Section        0  stm32f4xx_hal_uart.o(.text.HAL_UART_IRQHandler)
    [Anonymous Symbol]                       0x0800293c   Section        0  stm32f4xx_hal_uart.o(.text.HAL_UART_Init)
    [Anonymous Symbol]                       0x080029d8   Section        0  usart.o(.text.HAL_UART_MspInit)
    [Anonymous Symbol]                       0x08002b0c   Section        0  stm32f4xx_hal_uart.o(.text.HAL_UART_Receive_IT)
    [Anonymous Symbol]                       0x08002b84   Section        0  bsp_uart.o(.text.HAL_UART_RxCpltCallback)
    [Anonymous Symbol]                       0x08002bcc   Section        0  stm32f4xx_hal_uart.o(.text.HAL_UART_TxCpltCallback)
    [Anonymous Symbol]                       0x08002bd4   Section        0  stm32f4xx_it.o(.text.HardFault_Handler)
    [Anonymous Symbol]                       0x08002bd8   Section        0  dht11.o(.text.InitializeDHT11)
    [Anonymous Symbol]                       0x08002c5c   Section        0  led.o(.text.Led_CheckMode)
    Led_HeartbeatMode                        0x08002cad   Thumb Code   186  led.o(.text.Led_HeartbeatMode)
    [Anonymous Symbol]                       0x08002cac   Section        0  led.o(.text.Led_HeartbeatMode)
    [Anonymous Symbol]                       0x08002d68   Section        0  led.o(.text.Led_Init)
    Led_NoneMode                             0x08002e0d   Thumb Code    20  led.o(.text.Led_NoneMode)
    [Anonymous Symbol]                       0x08002e0c   Section        0  led.o(.text.Led_NoneMode)
    Led_OneshotMode                          0x08002e21   Thumb Code   236  led.o(.text.Led_OneshotMode)
    [Anonymous Symbol]                       0x08002e20   Section        0  led.o(.text.Led_OneshotMode)
    Led_TimerMode                            0x08002f0d   Thumb Code    94  led.o(.text.Led_TimerMode)
    [Anonymous Symbol]                       0x08002f0c   Section        0  led.o(.text.Led_TimerMode)
    Led_Toggle                               0x08002f6d   Thumb Code    38  led.o(.text.Led_Toggle)
    [Anonymous Symbol]                       0x08002f6c   Section        0  led.o(.text.Led_Toggle)
    Led_turnOff                              0x08002f95   Thumb Code    40  led.o(.text.Led_turnOff)
    [Anonymous Symbol]                       0x08002f94   Section        0  led.o(.text.Led_turnOff)
    Led_turnOn                               0x08002fbd   Thumb Code    40  led.o(.text.Led_turnOn)
    [Anonymous Symbol]                       0x08002fbc   Section        0  led.o(.text.Led_turnOn)
    [Anonymous Symbol]                       0x08002fe4   Section        0  gpio.o(.text.MX_GPIO_Init)
    [Anonymous Symbol]                       0x08003078   Section        0  usart.o(.text.MX_USART1_UART_Init)
    [Anonymous Symbol]                       0x080030b8   Section        0  usart.o(.text.MX_USART2_UART_Init)
    [Anonymous Symbol]                       0x08003110   Section        0  stm32f4xx_it.o(.text.MemManage_Handler)
    [Anonymous Symbol]                       0x08003114   Section        0  stm32f4xx_it.o(.text.NMI_Handler)
    NVIC_EncodePriority                      0x08003119   Thumb Code   108  stm32f4xx_hal_cortex.o(.text.NVIC_EncodePriority)
    [Anonymous Symbol]                       0x08003118   Section        0  stm32f4xx_hal_cortex.o(.text.NVIC_EncodePriority)
    [Anonymous Symbol]                       0x08003184   Section        0  stm32f4xx_it.o(.text.PendSV_Handler)
    [Anonymous Symbol]                       0x08003188   Section        0  stm32f4xx_it.o(.text.SVC_Handler)
    SysTick_Config                           0x0800318d   Thumb Code    82  stm32f4xx_hal_cortex.o(.text.SysTick_Config)
    [Anonymous Symbol]                       0x0800318c   Section        0  stm32f4xx_hal_cortex.o(.text.SysTick_Config)
    [Anonymous Symbol]                       0x080031e0   Section        0  stm32f4xx_it.o(.text.SysTick_Handler)
    [Anonymous Symbol]                       0x08003218   Section        0  main.o(.text.SystemClock_Config)
    [Anonymous Symbol]                       0x080032d4   Section        0  system_stm32f4xx.o(.text.SystemInit)
    UART_DMAAbortOnError                     0x080032e9   Thumb Code    32  stm32f4xx_hal_uart.o(.text.UART_DMAAbortOnError)
    [Anonymous Symbol]                       0x080032e8   Section        0  stm32f4xx_hal_uart.o(.text.UART_DMAAbortOnError)
    UART_EndRxTransfer                       0x08003309   Thumb Code   148  stm32f4xx_hal_uart.o(.text.UART_EndRxTransfer)
    [Anonymous Symbol]                       0x08003308   Section        0  stm32f4xx_hal_uart.o(.text.UART_EndRxTransfer)
    UART_EndTransmit_IT                      0x0800339d   Thumb Code    38  stm32f4xx_hal_uart.o(.text.UART_EndTransmit_IT)
    [Anonymous Symbol]                       0x0800339c   Section        0  stm32f4xx_hal_uart.o(.text.UART_EndTransmit_IT)
    UART_Receive_IT                          0x080033c5   Thumb Code   356  stm32f4xx_hal_uart.o(.text.UART_Receive_IT)
    [Anonymous Symbol]                       0x080033c4   Section        0  stm32f4xx_hal_uart.o(.text.UART_Receive_IT)
    UART_SetConfig                           0x08003529   Thumb Code   314  stm32f4xx_hal_uart.o(.text.UART_SetConfig)
    [Anonymous Symbol]                       0x08003528   Section        0  stm32f4xx_hal_uart.o(.text.UART_SetConfig)
    [Anonymous Symbol]                       0x08003664   Section        0  stm32f4xx_hal_uart.o(.text.UART_Start_Receive_IT)
    UART_Transmit_IT                         0x080036c9   Thumb Code   148  stm32f4xx_hal_uart.o(.text.UART_Transmit_IT)
    [Anonymous Symbol]                       0x080036c8   Section        0  stm32f4xx_hal_uart.o(.text.UART_Transmit_IT)
    [Anonymous Symbol]                       0x0800375c   Section        0  stm32f4xx_it.o(.text.USART1_IRQHandler)
    [Anonymous Symbol]                       0x0800376c   Section        0  stm32f4xx_it.o(.text.USART2_IRQHandler)
    [Anonymous Symbol]                       0x0800377c   Section        0  bsp_uart.o(.text.USART_printf)
    USARTx_TransmitData8                     0x080038f9   Thumb Code    22  bsp_uart.o(.text.USARTx_TransmitData8)
    [Anonymous Symbol]                       0x080038f8   Section        0  bsp_uart.o(.text.USARTx_TransmitData8)
    [Anonymous Symbol]                       0x08003910   Section        0  stm32f4xx_it.o(.text.UsageFault_Handler)
    __NVIC_EnableIRQ                         0x08003915   Thumb Code    48  stm32f4xx_hal_cortex.o(.text.__NVIC_EnableIRQ)
    [Anonymous Symbol]                       0x08003914   Section        0  stm32f4xx_hal_cortex.o(.text.__NVIC_EnableIRQ)
    __NVIC_GetPriorityGrouping               0x08003945   Thumb Code    16  stm32f4xx_hal_cortex.o(.text.__NVIC_GetPriorityGrouping)
    [Anonymous Symbol]                       0x08003944   Section        0  stm32f4xx_hal_cortex.o(.text.__NVIC_GetPriorityGrouping)
    __NVIC_SetPriority                       0x08003955   Thumb Code    66  stm32f4xx_hal_cortex.o(.text.__NVIC_SetPriority)
    [Anonymous Symbol]                       0x08003954   Section        0  stm32f4xx_hal_cortex.o(.text.__NVIC_SetPriority)
    __NVIC_SetPriorityGrouping               0x08003999   Thumb Code    60  stm32f4xx_hal_cortex.o(.text.__NVIC_SetPriorityGrouping)
    [Anonymous Symbol]                       0x08003998   Section        0  stm32f4xx_hal_cortex.o(.text.__NVIC_SetPriorityGrouping)
    [Anonymous Symbol]                       0x080039d4   Section        0  board.o(.text.board_init)
    [Anonymous Symbol]                       0x08003a04   Section        0  bsp_gpio.o(.text.bsp_pin_mode)
    [Anonymous Symbol]                       0x08003a20   Section        0  bsp_gpio.o(.text.bsp_pin_read)
    [Anonymous Symbol]                       0x08003a34   Section        0  bsp_gpio.o(.text.bsp_pin_toggle)
    [Anonymous Symbol]                       0x08003a48   Section        0  bsp_gpio.o(.text.bsp_pin_write)
    [Anonymous Symbol]                       0x08003a64   Section        0  delay.o(.text.delay_Init)
    [Anonymous Symbol]                       0x08003a9c   Section        0  delay.o(.text.delay_ms)
    [Anonymous Symbol]                       0x08003b30   Section        0  delay.o(.text.delay_us)
    [Anonymous Symbol]                       0x08003bc4   Section        0  board.o(.text.fputc)
    getLedMode                               0x08003bf5   Thumb Code    32  led.o(.text.getLedMode)
    [Anonymous Symbol]                       0x08003bf4   Section        0  led.o(.text.getLedMode)
    hw_pin_mode                              0x08003c15   Thumb Code   234  bsp_gpio.o(.text.hw_pin_mode)
    [Anonymous Symbol]                       0x08003c14   Section        0  bsp_gpio.o(.text.hw_pin_mode)
    hw_pin_read                              0x08003d01   Thumb Code    76  bsp_gpio.o(.text.hw_pin_read)
    [Anonymous Symbol]                       0x08003d00   Section        0  bsp_gpio.o(.text.hw_pin_read)
    hw_pin_toggle                            0x08003d4d   Thumb Code    76  bsp_gpio.o(.text.hw_pin_toggle)
    [Anonymous Symbol]                       0x08003d4c   Section        0  bsp_gpio.o(.text.hw_pin_toggle)
    hw_pin_write                             0x08003d99   Thumb Code    84  bsp_gpio.o(.text.hw_pin_write)
    [Anonymous Symbol]                       0x08003d98   Section        0  bsp_gpio.o(.text.hw_pin_write)
    itoa                                     0x08003ded   Thumb Code   204  bsp_uart.o(.text.itoa)
    [Anonymous Symbol]                       0x08003dec   Section        0  bsp_uart.o(.text.itoa)
    [Anonymous Symbol]                       0x08003eb8   Section        0  main.o(.text.main)
    [Anonymous Symbol]                       0x08003efc   Section        0  ringbuffer.o(.text.ringbuffer_data_len)
    [Anonymous Symbol]                       0x08003f70   Section        0  ringbuffer.o(.text.ringbuffer_getchar)
    [Anonymous Symbol]                       0x08003fd8   Section        0  ringbuffer.o(.text.ringbuffer_init)
    [Anonymous Symbol]                       0x08004020   Section        0  ringbuffer.o(.text.ringbuffer_putchar)
    [Anonymous Symbol]                       0x08004094   Section        0  ringbuffer.o(.text.ringbuffer_status)
    setupLedMode                             0x080040dd   Thumb Code    40  led.o(.text.setupLedMode)
    [Anonymous Symbol]                       0x080040dc   Section        0  led.o(.text.setupLedMode)
    [Anonymous Symbol]                       0x08004104   Section        0  bsp_uart.o(.text.uart_init)
    i.__0printf                              0x08004140   Section        0  printfa.o(i.__0printf)
    i.__0sprintf                             0x08004160   Section        0  printfa.o(i.__0sprintf)
    i.__scatterload_copy                     0x08004188   Section       14  handlers.o(i.__scatterload_copy)
    i.__scatterload_null                     0x08004196   Section        2  handlers.o(i.__scatterload_null)
    i.__scatterload_zeroinit                 0x08004198   Section       14  handlers.o(i.__scatterload_zeroinit)
    _fp_digits                               0x080041a9   Thumb Code   366  printfa.o(i._fp_digits)
    i._fp_digits                             0x080041a8   Section        0  printfa.o(i._fp_digits)
    _printf_core                             0x0800432d   Thumb Code  1744  printfa.o(i._printf_core)
    i._printf_core                           0x0800432c   Section        0  printfa.o(i._printf_core)
    _printf_post_padding                     0x08004a09   Thumb Code    36  printfa.o(i._printf_post_padding)
    i._printf_post_padding                   0x08004a08   Section        0  printfa.o(i._printf_post_padding)
    _printf_pre_padding                      0x08004a2d   Thumb Code    46  printfa.o(i._printf_pre_padding)
    i._printf_pre_padding                    0x08004a2c   Section        0  printfa.o(i._printf_pre_padding)
    _sputc                                   0x08004a5b   Thumb Code    10  printfa.o(i._sputc)
    i._sputc                                 0x08004a5a   Section        0  printfa.o(i._sputc)
    .L.str.14                                0x08004a7c   Data           6  bsp_esp8266_test.o(.rodata.str1.1)
    [Anonymous Symbol]                       0x08004a7c   Section        0  bsp_esp8266_test.o(.rodata.str1.1)
    .L.str                                   0x08004a82   Data          32  bsp_esp8266_test.o(.rodata.str1.1)
    .L.str.1                                 0x08004aa2   Data          25  bsp_esp8266_test.o(.rodata.str1.1)
    .L.str.2                                 0x08004abb   Data          41  bsp_esp8266_test.o(.rodata.str1.1)
    .L.str.3                                 0x08004ae4   Data          29  bsp_esp8266_test.o(.rodata.str1.1)
    .L.str.16                                0x08004b01   Data          46  bsp_esp8266_test.o(.rodata.str1.1)
    .L.str.10                                0x08004b2f   Data          36  bsp_esp8266_test.o(.rodata.str1.1)
    .L.str.6                                 0x08004b53   Data          27  bsp_esp8266_test.o(.rodata.str1.1)
    .L.str.7                                 0x08004b6e   Data          33  bsp_esp8266_test.o(.rodata.str1.1)
    .L.str.12                                0x08004b8f   Data          23  bsp_esp8266_test.o(.rodata.str1.1)
    .L.str.17                                0x08004ba6   Data          49  bsp_esp8266_test.o(.rodata.str1.1)
    .L.str.11                                0x08004bd7   Data          26  bsp_esp8266_test.o(.rodata.str1.1)
    .L.str.15                                0x08004bf1   Data           4  bsp_esp8266_test.o(.rodata.str1.1)
    .L.str.36                                0x08004bf1   Data           4  bsp_esp8266_test.o(.rodata.str1.1)
    .L.str.9                                 0x08004bf5   Data           5  bsp_esp8266_test.o(.rodata.str1.1)
    .L.str.5                                 0x08004bfa   Data          12  bsp_esp8266_test.o(.rodata.str1.1)
    .L.str.4                                 0x08004c06   Data           6  bsp_esp8266_test.o(.rodata.str1.1)
    .L.str.8                                 0x08004c0c   Data          14  bsp_esp8266_test.o(.rodata.str1.1)
    .L.str                                   0x08004c1a   Data          24  hw_dht11.o(.rodata.str1.1)
    [Anonymous Symbol]                       0x08004c1a   Section        0  hw_dht11.o(.rodata.str1.1)
    .L.str.2                                 0x08004c32   Data          27  hw_dht11.o(.rodata.str1.1)
    .L.str.1                                 0x08004c4d   Data          29  hw_dht11.o(.rodata.str1.1)
    .L.str                                   0x08004c6a   Data          46  board.o(.rodata.str1.1)
    [Anonymous Symbol]                       0x08004c6a   Section        0  board.o(.rodata.str1.1)
    .L.str.3                                 0x08004c98   Data          35  esp8266.o(.rodata.str1.1)
    [Anonymous Symbol]                       0x08004c98   Section        0  esp8266.o(.rodata.str1.1)
    .L.str.6                                 0x08004cbb   Data          43  esp8266.o(.rodata.str1.1)
    .L.str.2                                 0x08004ce6   Data          17  esp8266.o(.rodata.str1.1)
    .L.str.23                                0x08004cf7   Data          11  esp8266.o(.rodata.str1.1)
    .L.str.24                                0x08004d02   Data          11  esp8266.o(.rodata.str1.1)
    .L.str.25                                0x08004d0d   Data          11  esp8266.o(.rodata.str1.1)
    .L.str                                   0x08004d18   Data           5  esp8266.o(.rodata.str1.1)
    .L.str.11                                0x08004d1d   Data          19  esp8266.o(.rodata.str1.1)
    .L.str.33                                0x08004d30   Data          13  esp8266.o(.rodata.str1.1)
    .L.str.7                                 0x08004d3d   Data          12  esp8266.o(.rodata.str1.1)
    .L.str.12                                0x08004d46   Data          24  esp8266.o(.rodata.str1.1)
    .L.str.9                                 0x08004d49   Data          12  esp8266.o(.rodata.str1.1)
    .L.str.10                                0x08004d55   Data          12  esp8266.o(.rodata.str1.1)
    .L.str.35                                0x08004d61   Data           2  esp8266.o(.rodata.str1.1)
    .L.str.34                                0x08004d63   Data          11  esp8266.o(.rodata.str1.1)
    .L.str.5                                 0x08004d6e   Data           3  esp8266.o(.rodata.str1.1)
    .L.str.15                                0x08004d71   Data           4  esp8266.o(.rodata.str1.1)
    .L.str.16                                0x08004d75   Data           4  esp8266.o(.rodata.str1.1)
    .L.str.22                                0x08004d79   Data          13  esp8266.o(.rodata.str1.1)
    .L.str.4                                 0x08004d86   Data           3  esp8266.o(.rodata.str1.1)
    .L.str.19                                0x08004d89   Data          15  esp8266.o(.rodata.str1.1)
    .L.str.13                                0x08004d98   Data          13  esp8266.o(.rodata.str1.1)
    .L.str.8                                 0x08004da5   Data          10  esp8266.o(.rodata.str1.1)
    .L.str.14                                0x08004daf   Data          13  esp8266.o(.rodata.str1.1)
    .L.str.20                                0x08004db0   Data          19  esp8266.o(.rodata.str1.1)
    .L.str.17                                0x08004dbc   Data          18  esp8266.o(.rodata.str1.1)
    .L.str.21                                0x08004dc3   Data          13  esp8266.o(.rodata.str1.1)
    .L.str.18                                0x08004dce   Data          15  esp8266.o(.rodata.str1.1)
    .L.str.1                                 0x08004dda   Data           3  esp8266.o(.rodata.str1.1)
    .L.str.13                                0x08004dda   Data           3  esp8266.o(.rodata.str1.1)
    .L.str.26                                0x08004dfe   Data          14  esp8266.o(.rodata.str1.1)
    .L.str.27                                0x08004e0c   Data          14  esp8266.o(.rodata.str1.1)
    .L.str.28                                0x08004e1a   Data          14  esp8266.o(.rodata.str1.1)
    .L.str.29                                0x08004e28   Data          14  esp8266.o(.rodata.str1.1)
    .L.str.30                                0x08004e36   Data          14  esp8266.o(.rodata.str1.1)
    .L.str.31                                0x08004e44   Data           9  esp8266.o(.rodata.str1.1)
    .L.str.32                                0x08004e4d   Data           7  esp8266.o(.rodata.str1.1)
    .L.str.37                                0x08004e72   Data          17  esp8266.o(.rodata.str1.1)
    .L.str.38                                0x08004e83   Data          14  esp8266.o(.rodata.str1.1)
    .L.str.39                                0x08004e91   Data           3  esp8266.o(.rodata.str1.1)
    .L.str.40                                0x08004e94   Data           8  esp8266.o(.rodata.str1.1)
    .L.str.41                                0x08004e9c   Data           5  esp8266.o(.rodata.str1.1)
    .data                                    0x20000000   Section        4  stdout.o(.data)
    Led_Mode_funcs                           0x20000004   Data          48  led.o(.data.Led_Mode_funcs)
    [Anonymous Symbol]                       0x20000004   Section        0  led.o(.data.Led_Mode_funcs)
    Led_OneshotMode.finished                 0x2000007c   Data           1  led.o(.bss.Led_OneshotMode.finished)
    [Anonymous Symbol]                       0x2000007c   Section        0  led.o(.bss.Led_OneshotMode.finished)
    counter                                  0x20000080   Data           4  stm32f4xx_it.o(.bss.counter)
    [Anonymous Symbol]                       0x20000080   Section        0  stm32f4xx_it.o(.bss.counter)
    fac_ms                                   0x20000084   Data           4  delay.o(.bss.fac_ms)
    [Anonymous Symbol]                       0x20000084   Section        0  delay.o(.bss.fac_ms)
    fac_us                                   0x20000088   Data           2  delay.o(.bss.fac_us)
    [Anonymous Symbol]                       0x20000088   Section        0  delay.o(.bss.fac_us)
    rx_rb                                    0x20000194   Data          12  bsp_uart.o(.bss.rx_rb)
    [Anonymous Symbol]                       0x20000194   Section        0  bsp_uart.o(.bss.rx_rb)
    STACK                                    0x200005c0   Section     1024  startup_stm32f407xx.o(STACK)

    Global Symbols

    Symbol Name                              Value     Ov Type        Size  Object(Section)

    BuildAttributes$$THM_ISAv4$E$P$D$K$B$S$7EM$VFPi3$EXTD16$VFPS$VFMA$PE$A:L22UL41UL21$X:L11$S22US41US21$IEEE1$IW$~IW$USESV6$~STKCKD$USESV7$~SHL$OSPACE$ROPI$EBA8$MICROLIB$REQ8$PRES8$EABIv2 0x00000000   Number         0  anon$$obj.o ABSOLUTE
    __cpp_initialize__aeabi_                  - Undefined Weak Reference
    __cxa_finalize                            - Undefined Weak Reference
    __decompress                              - Undefined Weak Reference
    _clock_init                               - Undefined Weak Reference
    _microlib_exit                            - Undefined Weak Reference
    __Vectors_Size                           0x00000188   Number         0  startup_stm32f407xx.o ABSOLUTE
    __Vectors                                0x08000000   Data           4  startup_stm32f407xx.o(RESET)
    __Vectors_End                            0x08000188   Data           0  startup_stm32f407xx.o(RESET)
    __main                                   0x08000189   Thumb Code     0  entry.o(.ARM.Collect$$$$00000000)
    _main_stk                                0x08000189   Thumb Code     0  entry2.o(.ARM.Collect$$$$00000001)
    _main_scatterload                        0x0800018d   Thumb Code     0  entry5.o(.ARM.Collect$$$$00000004)
    __main_after_scatterload                 0x08000191   Thumb Code     0  entry5.o(.ARM.Collect$$$$00000004)
    _main_clock                              0x08000191   Thumb Code     0  entry7b.o(.ARM.Collect$$$$00000008)
    _main_cpp_init                           0x08000191   Thumb Code     0  entry8b.o(.ARM.Collect$$$$0000000A)
    _main_init                               0x08000191   Thumb Code     0  entry9a.o(.ARM.Collect$$$$0000000B)
    __rt_final_cpp                           0x08000199   Thumb Code     0  entry10a.o(.ARM.Collect$$$$0000000D)
    __rt_final_exit                          0x08000199   Thumb Code     0  entry11a.o(.ARM.Collect$$$$0000000F)
    Reset_Handler                            0x0800019d   Thumb Code     8  startup_stm32f407xx.o(.text)
    ADC_IRQHandler                           0x080001b7   Thumb Code     0  startup_stm32f407xx.o(.text)
    CAN1_RX0_IRQHandler                      0x080001b7   Thumb Code     0  startup_stm32f407xx.o(.text)
    CAN1_RX1_IRQHandler                      0x080001b7   Thumb Code     0  startup_stm32f407xx.o(.text)
    CAN1_SCE_IRQHandler                      0x080001b7   Thumb Code     0  startup_stm32f407xx.o(.text)
    CAN1_TX_IRQHandler                       0x080001b7   Thumb Code     0  startup_stm32f407xx.o(.text)
    CAN2_RX0_IRQHandler                      0x080001b7   Thumb Code     0  startup_stm32f407xx.o(.text)
    CAN2_RX1_IRQHandler                      0x080001b7   Thumb Code     0  startup_stm32f407xx.o(.text)
    CAN2_SCE_IRQHandler                      0x080001b7   Thumb Code     0  startup_stm32f407xx.o(.text)
    CAN2_TX_IRQHandler                       0x080001b7   Thumb Code     0  startup_stm32f407xx.o(.text)
    DCMI_IRQHandler                          0x080001b7   Thumb Code     0  startup_stm32f407xx.o(.text)
    DMA1_Stream0_IRQHandler                  0x080001b7   Thumb Code     0  startup_stm32f407xx.o(.text)
    DMA1_Stream1_IRQHandler                  0x080001b7   Thumb Code     0  startup_stm32f407xx.o(.text)
    DMA1_Stream2_IRQHandler                  0x080001b7   Thumb Code     0  startup_stm32f407xx.o(.text)
    DMA1_Stream3_IRQHandler                  0x080001b7   Thumb Code     0  startup_stm32f407xx.o(.text)
    DMA1_Stream4_IRQHandler                  0x080001b7   Thumb Code     0  startup_stm32f407xx.o(.text)
    DMA1_Stream5_IRQHandler                  0x080001b7   Thumb Code     0  startup_stm32f407xx.o(.text)
    DMA1_Stream6_IRQHandler                  0x080001b7   Thumb Code     0  startup_stm32f407xx.o(.text)
    DMA1_Stream7_IRQHandler                  0x080001b7   Thumb Code     0  startup_stm32f407xx.o(.text)
    DMA2_Stream0_IRQHandler                  0x080001b7   Thumb Code     0  startup_stm32f407xx.o(.text)
    DMA2_Stream1_IRQHandler                  0x080001b7   Thumb Code     0  startup_stm32f407xx.o(.text)
    DMA2_Stream2_IRQHandler                  0x080001b7   Thumb Code     0  startup_stm32f407xx.o(.text)
    DMA2_Stream3_IRQHandler                  0x080001b7   Thumb Code     0  startup_stm32f407xx.o(.text)
    DMA2_Stream4_IRQHandler                  0x080001b7   Thumb Code     0  startup_stm32f407xx.o(.text)
    DMA2_Stream5_IRQHandler                  0x080001b7   Thumb Code     0  startup_stm32f407xx.o(.text)
    DMA2_Stream6_IRQHandler                  0x080001b7   Thumb Code     0  startup_stm32f407xx.o(.text)
    DMA2_Stream7_IRQHandler                  0x080001b7   Thumb Code     0  startup_stm32f407xx.o(.text)
    ETH_IRQHandler                           0x080001b7   Thumb Code     0  startup_stm32f407xx.o(.text)
    ETH_WKUP_IRQHandler                      0x080001b7   Thumb Code     0  startup_stm32f407xx.o(.text)
    EXTI0_IRQHandler                         0x080001b7   Thumb Code     0  startup_stm32f407xx.o(.text)
    EXTI15_10_IRQHandler                     0x080001b7   Thumb Code     0  startup_stm32f407xx.o(.text)
    EXTI1_IRQHandler                         0x080001b7   Thumb Code     0  startup_stm32f407xx.o(.text)
    EXTI2_IRQHandler                         0x080001b7   Thumb Code     0  startup_stm32f407xx.o(.text)
    EXTI3_IRQHandler                         0x080001b7   Thumb Code     0  startup_stm32f407xx.o(.text)
    EXTI4_IRQHandler                         0x080001b7   Thumb Code     0  startup_stm32f407xx.o(.text)
    EXTI9_5_IRQHandler                       0x080001b7   Thumb Code     0  startup_stm32f407xx.o(.text)
    FLASH_IRQHandler                         0x080001b7   Thumb Code     0  startup_stm32f407xx.o(.text)
    FMC_IRQHandler                           0x080001b7   Thumb Code     0  startup_stm32f407xx.o(.text)
    FPU_IRQHandler                           0x080001b7   Thumb Code     0  startup_stm32f407xx.o(.text)
    HASH_RNG_IRQHandler                      0x080001b7   Thumb Code     0  startup_stm32f407xx.o(.text)
    I2C1_ER_IRQHandler                       0x080001b7   Thumb Code     0  startup_stm32f407xx.o(.text)
    I2C1_EV_IRQHandler                       0x080001b7   Thumb Code     0  startup_stm32f407xx.o(.text)
    I2C2_ER_IRQHandler                       0x080001b7   Thumb Code     0  startup_stm32f407xx.o(.text)
    I2C2_EV_IRQHandler                       0x080001b7   Thumb Code     0  startup_stm32f407xx.o(.text)
    I2C3_ER_IRQHandler                       0x080001b7   Thumb Code     0  startup_stm32f407xx.o(.text)
    I2C3_EV_IRQHandler                       0x080001b7   Thumb Code     0  startup_stm32f407xx.o(.text)
    OTG_FS_IRQHandler                        0x080001b7   Thumb Code     0  startup_stm32f407xx.o(.text)
    OTG_FS_WKUP_IRQHandler                   0x080001b7   Thumb Code     0  startup_stm32f407xx.o(.text)
    OTG_HS_EP1_IN_IRQHandler                 0x080001b7   Thumb Code     0  startup_stm32f407xx.o(.text)
    OTG_HS_EP1_OUT_IRQHandler                0x080001b7   Thumb Code     0  startup_stm32f407xx.o(.text)
    OTG_HS_IRQHandler                        0x080001b7   Thumb Code     0  startup_stm32f407xx.o(.text)
    OTG_HS_WKUP_IRQHandler                   0x080001b7   Thumb Code     0  startup_stm32f407xx.o(.text)
    PVD_IRQHandler                           0x080001b7   Thumb Code     0  startup_stm32f407xx.o(.text)
    RCC_IRQHandler                           0x080001b7   Thumb Code     0  startup_stm32f407xx.o(.text)
    RTC_Alarm_IRQHandler                     0x080001b7   Thumb Code     0  startup_stm32f407xx.o(.text)
    RTC_WKUP_IRQHandler                      0x080001b7   Thumb Code     0  startup_stm32f407xx.o(.text)
    SDIO_IRQHandler                          0x080001b7   Thumb Code     0  startup_stm32f407xx.o(.text)
    SPI1_IRQHandler                          0x080001b7   Thumb Code     0  startup_stm32f407xx.o(.text)
    SPI2_IRQHandler                          0x080001b7   Thumb Code     0  startup_stm32f407xx.o(.text)
    SPI3_IRQHandler                          0x080001b7   Thumb Code     0  startup_stm32f407xx.o(.text)
    TAMP_STAMP_IRQHandler                    0x080001b7   Thumb Code     0  startup_stm32f407xx.o(.text)
    TIM1_BRK_TIM9_IRQHandler                 0x080001b7   Thumb Code     0  startup_stm32f407xx.o(.text)
    TIM1_CC_IRQHandler                       0x080001b7   Thumb Code     0  startup_stm32f407xx.o(.text)
    TIM1_TRG_COM_TIM11_IRQHandler            0x080001b7   Thumb Code     0  startup_stm32f407xx.o(.text)
    TIM1_UP_TIM10_IRQHandler                 0x080001b7   Thumb Code     0  startup_stm32f407xx.o(.text)
    TIM2_IRQHandler                          0x080001b7   Thumb Code     0  startup_stm32f407xx.o(.text)
    TIM3_IRQHandler                          0x080001b7   Thumb Code     0  startup_stm32f407xx.o(.text)
    TIM4_IRQHandler                          0x080001b7   Thumb Code     0  startup_stm32f407xx.o(.text)
    TIM5_IRQHandler                          0x080001b7   Thumb Code     0  startup_stm32f407xx.o(.text)
    TIM6_DAC_IRQHandler                      0x080001b7   Thumb Code     0  startup_stm32f407xx.o(.text)
    TIM7_IRQHandler                          0x080001b7   Thumb Code     0  startup_stm32f407xx.o(.text)
    TIM8_BRK_TIM12_IRQHandler                0x080001b7   Thumb Code     0  startup_stm32f407xx.o(.text)
    TIM8_CC_IRQHandler                       0x080001b7   Thumb Code     0  startup_stm32f407xx.o(.text)
    TIM8_TRG_COM_TIM14_IRQHandler            0x080001b7   Thumb Code     0  startup_stm32f407xx.o(.text)
    TIM8_UP_TIM13_IRQHandler                 0x080001b7   Thumb Code     0  startup_stm32f407xx.o(.text)
    UART4_IRQHandler                         0x080001b7   Thumb Code     0  startup_stm32f407xx.o(.text)
    UART5_IRQHandler                         0x080001b7   Thumb Code     0  startup_stm32f407xx.o(.text)
    USART3_IRQHandler                        0x080001b7   Thumb Code     0  startup_stm32f407xx.o(.text)
    USART6_IRQHandler                        0x080001b7   Thumb Code     0  startup_stm32f407xx.o(.text)
    WWDG_IRQHandler                          0x080001b7   Thumb Code     0  startup_stm32f407xx.o(.text)
    __aeabi_uldivmod                         0x080001c1   Thumb Code    98  uldiv.o(.text)
    __aeabi_memset                           0x08000223   Thumb Code    14  memseta.o(.text)
    __aeabi_memset4                          0x08000223   Thumb Code     0  memseta.o(.text)
    __aeabi_memset8                          0x08000223   Thumb Code     0  memseta.o(.text)
    __aeabi_memclr                           0x08000231   Thumb Code     4  memseta.o(.text)
    __aeabi_memclr4                          0x08000231   Thumb Code     0  memseta.o(.text)
    __aeabi_memclr8                          0x08000231   Thumb Code     0  memseta.o(.text)
    _memset$wrapper                          0x08000235   Thumb Code    18  memseta.o(.text)
    strstr                                   0x08000247   Thumb Code    36  strstr.o(.text)
    strcmp                                   0x0800026b   Thumb Code    28  strcmp.o(.text)
    __aeabi_uidiv                            0x08000287   Thumb Code     0  uidiv.o(.text)
    __aeabi_uidivmod                         0x08000287   Thumb Code    44  uidiv.o(.text)
    __aeabi_llsl                             0x080002b3   Thumb Code    30  llshl.o(.text)
    _ll_shift_l                              0x080002b3   Thumb Code     0  llshl.o(.text)
    __aeabi_llsr                             0x080002d1   Thumb Code    32  llushr.o(.text)
    _ll_ushift_r                             0x080002d1   Thumb Code     0  llushr.o(.text)
    __I$use$fp                               0x080002f1   Thumb Code     0  iusefp.o(.text)
    __aeabi_dadd                             0x080002f1   Thumb Code   322  dadd.o(.text)
    __aeabi_dsub                             0x08000433   Thumb Code     6  dadd.o(.text)
    __aeabi_drsub                            0x08000439   Thumb Code     6  dadd.o(.text)
    __aeabi_dmul                             0x0800043f   Thumb Code   228  dmul.o(.text)
    __aeabi_ddiv                             0x08000523   Thumb Code   222  ddiv.o(.text)
    __aeabi_d2ulz                            0x08000601   Thumb Code    48  dfixul.o(.text)
    __aeabi_cdrcmple                         0x08000631   Thumb Code    48  cdrcmple.o(.text)
    __scatterload                            0x08000661   Thumb Code    28  init.o(.text)
    __scatterload_rt2                        0x08000661   Thumb Code     0  init.o(.text)
    __aeabi_lasr                             0x08000685   Thumb Code    36  llsshr.o(.text)
    _ll_sshift_r                             0x08000685   Thumb Code     0  llsshr.o(.text)
    _double_round                            0x080006a9   Thumb Code    30  depilogue.o(.text)
    _double_epilogue                         0x080006c7   Thumb Code   156  depilogue.o(.text)
    BusFault_Handler                         0x08000765   Thumb Code     4  stm32f4xx_it.o(.text.BusFault_Handler)
    DHT11_Init                               0x08000769   Thumb Code   164  hw_dht11.o(.text.DHT11_Init)
    DebugMon_Handler                         0x08000831   Thumb Code     2  stm32f4xx_it.o(.text.DebugMon_Handler)
    ESP8266_AT_Test                          0x08000a69   Thumb Code   152  esp8266.o(.text.ESP8266_AT_Test)
    ESP8266_CheckRecvDataTest                0x08000b01   Thumb Code   510  bsp_esp8266_test.o(.text.ESP8266_CheckRecvDataTest)
    ESP8266_Cmd                              0x08000d01   Thumb Code   394  esp8266.o(.text.ESP8266_Cmd)
    ESP8266_Enable_MultipleId                0x08000e8d   Thumb Code    60  esp8266.o(.text.ESP8266_Enable_MultipleId)
    ESP8266_ExitUnvarnishSend                0x08000ec9   Thumb Code    40  esp8266.o(.text.ESP8266_ExitUnvarnishSend)
    ESP8266_Get_LinkStatus                   0x08000ef1   Thumb Code   152  esp8266.o(.text.ESP8266_Get_LinkStatus)
    ESP8266_Init                             0x08000f89   Thumb Code    20  esp8266.o(.text.ESP8266_Init)
    ESP8266_JoinAP                           0x08000f9d   Thumb Code    52  esp8266.o(.text.ESP8266_JoinAP)
    ESP8266_Link_Server                      0x08000fd1   Thumb Code   206  esp8266.o(.text.ESP8266_Link_Server)
    ESP8266_Net_Mode_Choose                  0x080010a1   Thumb Code   166  esp8266.o(.text.ESP8266_Net_Mode_Choose)
    ESP8266_Rst                              0x08001149   Thumb Code    34  esp8266.o(.text.ESP8266_Rst)
    ESP8266_StaTcpClient_Unvarnish_ConfigTest 0x0800116d   Thumb Code   232  bsp_esp8266_test.o(.text.ESP8266_StaTcpClient_Unvarnish_ConfigTest)
    ESP8266_UnvarnishSend                    0x08001255   Thumb Code    88  esp8266.o(.text.ESP8266_UnvarnishSend)
    Error_Handler                            0x080012ad   Thumb Code    14  main.o(.text.Error_Handler)
    GetProcessValueFromDHT11                 0x080012bd   Thumb Code   208  dht11.o(.text.GetProcessValueFromDHT11)
    HAL_DMA_Abort                            0x0800138d   Thumb Code   236  stm32f4xx_hal_dma.o(.text.HAL_DMA_Abort)
    HAL_DMA_Abort_IT                         0x08001479   Thumb Code    68  stm32f4xx_hal_dma.o(.text.HAL_DMA_Abort_IT)
    HAL_Delay                                0x080014bd   Thumb Code    40  delay.o(.text.HAL_Delay)
    HAL_GPIO_Init                            0x080014e5   Thumb Code   950  stm32f4xx_hal_gpio.o(.text.HAL_GPIO_Init)
    HAL_GPIO_ReadPin                         0x0800189d   Thumb Code    46  stm32f4xx_hal_gpio.o(.text.HAL_GPIO_ReadPin)
    HAL_GPIO_TogglePin                       0x080018cd   Thumb Code    38  stm32f4xx_hal_gpio.o(.text.HAL_GPIO_TogglePin)
    HAL_GPIO_WritePin                        0x080018f5   Thumb Code    46  stm32f4xx_hal_gpio.o(.text.HAL_GPIO_WritePin)
    HAL_GetTick                              0x08001925   Thumb Code    12  stm32f4xx_hal.o(.text.HAL_GetTick)
    HAL_IncTick                              0x08001931   Thumb Code    26  stm32f4xx_hal.o(.text.HAL_IncTick)
    HAL_Init                                 0x0800194d   Thumb Code    54  stm32f4xx_hal.o(.text.HAL_Init)
    HAL_InitTick                             0x08001985   Thumb Code   112  stm32f4xx_hal.o(.text.HAL_InitTick)
    HAL_MspInit                              0x080019f5   Thumb Code    74  stm32f4xx_hal_msp.o(.text.HAL_MspInit)
    HAL_NVIC_EnableIRQ                       0x08001a41   Thumb Code    20  stm32f4xx_hal_cortex.o(.text.HAL_NVIC_EnableIRQ)
    HAL_NVIC_SetPriority                     0x08001a55   Thumb Code    50  stm32f4xx_hal_cortex.o(.text.HAL_NVIC_SetPriority)
    HAL_NVIC_SetPriorityGrouping             0x08001a89   Thumb Code    16  stm32f4xx_hal_cortex.o(.text.HAL_NVIC_SetPriorityGrouping)
    HAL_RCC_ClockConfig                      0x08001a99   Thumb Code   610  stm32f4xx_hal_rcc.o(.text.HAL_RCC_ClockConfig)
    HAL_RCC_GetHCLKFreq                      0x08001cfd   Thumb Code    12  stm32f4xx_hal_rcc.o(.text.HAL_RCC_GetHCLKFreq)
    HAL_RCC_GetPCLK1Freq                     0x08001d09   Thumb Code    34  stm32f4xx_hal_rcc.o(.text.HAL_RCC_GetPCLK1Freq)
    HAL_RCC_GetPCLK2Freq                     0x08001d2d   Thumb Code    34  stm32f4xx_hal_rcc.o(.text.HAL_RCC_GetPCLK2Freq)
    HAL_RCC_GetSysClockFreq                  0x08001d51   Thumb Code   230  stm32f4xx_hal_rcc.o(.text.HAL_RCC_GetSysClockFreq)
    HAL_RCC_OscConfig                        0x08001e39   Thumb Code  1726  stm32f4xx_hal_rcc.o(.text.HAL_RCC_OscConfig)
    HAL_SYSTICK_Config                       0x080024f9   Thumb Code    16  stm32f4xx_hal_cortex.o(.text.HAL_SYSTICK_Config)
    HAL_UARTEx_RxEventCallback               0x08002509   Thumb Code    12  stm32f4xx_hal_uart.o(.text.HAL_UARTEx_RxEventCallback)
    HAL_UART_ErrorCallback                   0x08002515   Thumb Code     8  stm32f4xx_hal_uart.o(.text.HAL_UART_ErrorCallback)
    HAL_UART_IRQHandler                      0x0800251d   Thumb Code  1054  stm32f4xx_hal_uart.o(.text.HAL_UART_IRQHandler)
    HAL_UART_Init                            0x0800293d   Thumb Code   154  stm32f4xx_hal_uart.o(.text.HAL_UART_Init)
    HAL_UART_MspInit                         0x080029d9   Thumb Code   306  usart.o(.text.HAL_UART_MspInit)
    HAL_UART_Receive_IT                      0x08002b0d   Thumb Code   120  stm32f4xx_hal_uart.o(.text.HAL_UART_Receive_IT)
    HAL_UART_RxCpltCallback                  0x08002b85   Thumb Code    70  bsp_uart.o(.text.HAL_UART_RxCpltCallback)
    HAL_UART_TxCpltCallback                  0x08002bcd   Thumb Code     8  stm32f4xx_hal_uart.o(.text.HAL_UART_TxCpltCallback)
    HardFault_Handler                        0x08002bd5   Thumb Code     4  stm32f4xx_it.o(.text.HardFault_Handler)
    InitializeDHT11                          0x08002bd9   Thumb Code   130  dht11.o(.text.InitializeDHT11)
    Led_CheckMode                            0x08002c5d   Thumb Code    78  led.o(.text.Led_CheckMode)
    Led_Init                                 0x08002d69   Thumb Code   162  led.o(.text.Led_Init)
    MX_GPIO_Init                             0x08002fe5   Thumb Code   146  gpio.o(.text.MX_GPIO_Init)
    MX_USART1_UART_Init                      0x08003079   Thumb Code    64  usart.o(.text.MX_USART1_UART_Init)
    MX_USART2_UART_Init                      0x080030b9   Thumb Code    86  usart.o(.text.MX_USART2_UART_Init)
    MemManage_Handler                        0x08003111   Thumb Code     4  stm32f4xx_it.o(.text.MemManage_Handler)
    NMI_Handler                              0x08003115   Thumb Code     4  stm32f4xx_it.o(.text.NMI_Handler)
    PendSV_Handler                           0x08003185   Thumb Code     2  stm32f4xx_it.o(.text.PendSV_Handler)
    SVC_Handler                              0x08003189   Thumb Code     2  stm32f4xx_it.o(.text.SVC_Handler)
    SysTick_Handler                          0x080031e1   Thumb Code    56  stm32f4xx_it.o(.text.SysTick_Handler)
    SystemClock_Config                       0x08003219   Thumb Code   186  main.o(.text.SystemClock_Config)
    SystemInit                               0x080032d5   Thumb Code    18  system_stm32f4xx.o(.text.SystemInit)
    UART_Start_Receive_IT                    0x08003665   Thumb Code   100  stm32f4xx_hal_uart.o(.text.UART_Start_Receive_IT)
    USART1_IRQHandler                        0x0800375d   Thumb Code    16  stm32f4xx_it.o(.text.USART1_IRQHandler)
    USART2_IRQHandler                        0x0800376d   Thumb Code    16  stm32f4xx_it.o(.text.USART2_IRQHandler)
    USART_printf                             0x0800377d   Thumb Code   380  bsp_uart.o(.text.USART_printf)
    UsageFault_Handler                       0x08003911   Thumb Code     4  stm32f4xx_it.o(.text.UsageFault_Handler)
    board_init                               0x080039d5   Thumb Code    46  board.o(.text.board_init)
    bsp_pin_mode                             0x08003a05   Thumb Code    28  bsp_gpio.o(.text.bsp_pin_mode)
    bsp_pin_read                             0x08003a21   Thumb Code    20  bsp_gpio.o(.text.bsp_pin_read)
    bsp_pin_toggle                           0x08003a35   Thumb Code    20  bsp_gpio.o(.text.bsp_pin_toggle)
    bsp_pin_write                            0x08003a49   Thumb Code    28  bsp_gpio.o(.text.bsp_pin_write)
    delay_Init                               0x08003a65   Thumb Code    54  delay.o(.text.delay_Init)
    delay_ms                                 0x08003a9d   Thumb Code   146  delay.o(.text.delay_ms)
    delay_us                                 0x08003b31   Thumb Code   146  delay.o(.text.delay_us)
    fputc                                    0x08003bc5   Thumb Code    48  board.o(.text.fputc)
    main                                     0x08003eb9   Thumb Code    68  main.o(.text.main)
    ringbuffer_data_len                      0x08003efd   Thumb Code   114  ringbuffer.o(.text.ringbuffer_data_len)
    ringbuffer_getchar                       0x08003f71   Thumb Code   102  ringbuffer.o(.text.ringbuffer_getchar)
    ringbuffer_init                          0x08003fd9   Thumb Code    72  ringbuffer.o(.text.ringbuffer_init)
    ringbuffer_putchar                       0x08004021   Thumb Code   116  ringbuffer.o(.text.ringbuffer_putchar)
    ringbuffer_status                        0x08004095   Thumb Code    72  ringbuffer.o(.text.ringbuffer_status)
    uart_init                                0x08004105   Thumb Code    60  bsp_uart.o(.text.uart_init)
    __0printf                                0x08004141   Thumb Code    22  printfa.o(i.__0printf)
    __1printf                                0x08004141   Thumb Code     0  printfa.o(i.__0printf)
    __2printf                                0x08004141   Thumb Code     0  printfa.o(i.__0printf)
    __c89printf                              0x08004141   Thumb Code     0  printfa.o(i.__0printf)
    printf                                   0x08004141   Thumb Code     0  printfa.o(i.__0printf)
    __0sprintf                               0x08004161   Thumb Code    34  printfa.o(i.__0sprintf)
    __1sprintf                               0x08004161   Thumb Code     0  printfa.o(i.__0sprintf)
    __2sprintf                               0x08004161   Thumb Code     0  printfa.o(i.__0sprintf)
    __c89sprintf                             0x08004161   Thumb Code     0  printfa.o(i.__0sprintf)
    sprintf                                  0x08004161   Thumb Code     0  printfa.o(i.__0sprintf)
    __scatterload_copy                       0x08004189   Thumb Code    14  handlers.o(i.__scatterload_copy)
    __scatterload_null                       0x08004197   Thumb Code     2  handlers.o(i.__scatterload_null)
    __scatterload_zeroinit                   0x08004199   Thumb Code    14  handlers.o(i.__scatterload_zeroinit)
    AHBPrescTable                            0x08004a64   Data          16  system_stm32f4xx.o(.rodata.AHBPrescTable)
    APBPrescTable                            0x08004a74   Data           8  system_stm32f4xx.o(.rodata.APBPrescTable)
    Region$$Table$$Base                      0x08004de0   Number         0  anon$$obj.o(Region$$Table)
    Region$$Table$$Limit                     0x08004e00   Number         0  anon$$obj.o(Region$$Table)
    __stdout                                 0x20000000   Data           4  stdout.o(.data)
    Pin_List                                 0x20000034   Data           2  led.o(.data.Pin_List)
    SystemCoreClock                          0x20000038   Data           4  system_stm32f4xx.o(.data.SystemCoreClock)
    buffer                                   0x2000003c   Data           2  bsp_uart.o(.data.buffer)
    uwTickFreq                               0x2000003e   Data           1  stm32f4xx_hal.o(.data.uwTickFreq)
    uwTickPrio                               0x20000040   Data           4  stm32f4xx_hal.o(.data.uwTickPrio)
    G_dht11                                  0x20000048   Data          36  hw_dht11.o(.bss.G_dht11)
    G_led_list                               0x2000006c   Data          16  led.o(.bss.G_led_list)
    UARTx_temp                               0x2000007d   Data           1  bsp_uart.o(.bss.UARTx_temp)
    huart1                                   0x2000008c   Data          68  usart.o(.bss.huart1)
    huart2                                   0x200000d0   Data          68  usart.o(.bss.huart2)
    pRxBuffer                                0x20000114   Data         128  bsp_uart.o(.bss.pRxBuffer)
    strEsp8266_Fram_Record                   0x200001a0   Data        1026  esp8266.o(.bss.strEsp8266_Fram_Record)
    uart2                                    0x200005a4   Data          16  bsp_uart.o(.bss.uart2)
    ucTcpClosedFlag                          0x200005b4   Data           1  bsp_esp8266_test.o(.bss.ucTcpClosedFlag)
    uwTick                                   0x200005b8   Data           4  stm32f4xx_hal.o(.bss.uwTick)
    __initial_sp                             0x200009c0   Data           0  startup_stm32f407xx.o(STACK)



==============================================================================

Memory Map of the image

  Image Entry point : 0x08000189

  Load Region LR_IROM1 (Base: 0x08000000, Size: 0x00004e48, Max: 0x00100000, ABSOLUTE)

    Execution Region ER_IROM1 (Exec base: 0x08000000, Load base: 0x08000000, Size: 0x00004e00, Max: 0x00100000, ABSOLUTE)

    Exec Addr    Load Addr    Size         Type   Attr      Idx    E Section Name        Object

    0x08000000   0x08000000   0x00000188   Data   RO            3    RESET               startup_stm32f407xx.o
    0x08000188   0x08000188   0x00000000   Code   RO          897  * .ARM.Collect$$$$00000000  mc_w.l(entry.o)
    0x08000188   0x08000188   0x00000004   Code   RO          946    .ARM.Collect$$$$00000001  mc_w.l(entry2.o)
    0x0800018c   0x0800018c   0x00000004   Code   RO          949    .ARM.Collect$$$$00000004  mc_w.l(entry5.o)
    0x08000190   0x08000190   0x00000000   Code   RO          951    .ARM.Collect$$$$00000008  mc_w.l(entry7b.o)
    0x08000190   0x08000190   0x00000000   Code   RO          953    .ARM.Collect$$$$0000000A  mc_w.l(entry8b.o)
    0x08000190   0x08000190   0x00000008   Code   RO          954    .ARM.Collect$$$$0000000B  mc_w.l(entry9a.o)
    0x08000198   0x08000198   0x00000000   Code   RO          956    .ARM.Collect$$$$0000000D  mc_w.l(entry10a.o)
    0x08000198   0x08000198   0x00000000   Code   RO          958    .ARM.Collect$$$$0000000F  mc_w.l(entry11a.o)
    0x08000198   0x08000198   0x00000004   Code   RO          947    .ARM.Collect$$$$00002712  mc_w.l(entry2.o)
    0x0800019c   0x0800019c   0x00000024   Code   RO            4    .text               startup_stm32f407xx.o
    0x080001c0   0x080001c0   0x00000062   Code   RO          900    .text               mc_w.l(uldiv.o)
    0x08000222   0x08000222   0x00000024   Code   RO          902    .text               mc_w.l(memseta.o)
    0x08000246   0x08000246   0x00000024   Code   RO          904    .text               mc_w.l(strstr.o)
    0x0800026a   0x0800026a   0x0000001c   Code   RO          908    .text               mc_w.l(strcmp.o)
    0x08000286   0x08000286   0x0000002c   Code   RO          970    .text               mc_w.l(uidiv.o)
    0x080002b2   0x080002b2   0x0000001e   Code   RO          972    .text               mc_w.l(llshl.o)
    0x080002d0   0x080002d0   0x00000020   Code   RO          974    .text               mc_w.l(llushr.o)
    0x080002f0   0x080002f0   0x00000000   Code   RO          976    .text               mc_w.l(iusefp.o)
    0x080002f0   0x080002f0   0x0000014e   Code   RO          977    .text               mf_w.l(dadd.o)
    0x0800043e   0x0800043e   0x000000e4   Code   RO          979    .text               mf_w.l(dmul.o)
    0x08000522   0x08000522   0x000000de   Code   RO          981    .text               mf_w.l(ddiv.o)
    0x08000600   0x08000600   0x00000030   Code   RO          983    .text               mf_w.l(dfixul.o)
    0x08000630   0x08000630   0x00000030   Code   RO          985    .text               mf_w.l(cdrcmple.o)
    0x08000660   0x08000660   0x00000024   Code   RO          987    .text               mc_w.l(init.o)
    0x08000684   0x08000684   0x00000024   Code   RO          989    .text               mc_w.l(llsshr.o)
    0x080006a8   0x080006a8   0x000000ba   Code   RO          991    .text               mf_w.l(depilogue.o)
    0x08000762   0x08000762   0x00000002   PAD
    0x08000764   0x08000764   0x00000004   Code   RO          106    .text.BusFault_Handler  stm32f4xx_it.o
    0x08000768   0x08000768   0x000000a4   Code   RO          764    .text.DHT11_Init    hw_dht11.o
    0x0800080c   0x0800080c   0x00000022   Code   RO          766    .text.DHT11_get_data  hw_dht11.o
    0x0800082e   0x0800082e   0x00000002   PAD
    0x08000830   0x08000830   0x00000002   Code   RO          112    .text.DebugMon_Handler  stm32f4xx_it.o
    0x08000832   0x08000832   0x00000002   PAD
    0x08000834   0x08000834   0x000000c8   Code   RO          749    .text.Dht11_get_status  dht11.o
    0x080008fc   0x080008fc   0x0000002a   Code   RO          772    .text.Dht11_pin_mode  hw_dht11.o
    0x08000926   0x08000926   0x00000002   PAD
    0x08000928   0x08000928   0x0000000a   Code   RO          770    .text.Dht11_pin_read  hw_dht11.o
    0x08000932   0x08000932   0x00000002   PAD
    0x08000934   0x08000934   0x00000016   Code   RO          768    .text.Dht11_pin_write  hw_dht11.o
    0x0800094a   0x0800094a   0x00000002   PAD
    0x0800094c   0x0800094c   0x000000a0   Code   RO          755    .text.Dht11_read_bit  dht11.o
    0x080009ec   0x080009ec   0x00000046   Code   RO          751    .text.Dht11_read_byte  dht11.o
    0x08000a32   0x08000a32   0x00000002   PAD
    0x08000a34   0x08000a34   0x00000034   Code   RO          747    .text.Dht11_reset   dht11.o
    0x08000a68   0x08000a68   0x00000098   Code   RO          860    .text.ESP8266_AT_Test  esp8266.o
    0x08000b00   0x08000b00   0x000001fe   Code   RO          157    .text.ESP8266_CheckRecvDataTest  bsp_esp8266_test.o
    0x08000cfe   0x08000cfe   0x00000002   PAD
    0x08000d00   0x08000d00   0x0000018a   Code   RO          858    .text.ESP8266_Cmd   esp8266.o
    0x08000e8a   0x08000e8a   0x00000002   PAD
    0x08000e8c   0x08000e8c   0x0000003c   Code   RO          868    .text.ESP8266_Enable_MultipleId  esp8266.o
    0x08000ec8   0x08000ec8   0x00000028   Code   RO          882    .text.ESP8266_ExitUnvarnishSend  esp8266.o
    0x08000ef0   0x08000ef0   0x00000098   Code   RO          874    .text.ESP8266_Get_LinkStatus  esp8266.o
    0x08000f88   0x08000f88   0x00000014   Code   RO          854    .text.ESP8266_Init  esp8266.o
    0x08000f9c   0x08000f9c   0x00000034   Code   RO          864    .text.ESP8266_JoinAP  esp8266.o
    0x08000fd0   0x08000fd0   0x000000ce   Code   RO          870    .text.ESP8266_Link_Server  esp8266.o
    0x0800109e   0x0800109e   0x00000002   PAD
    0x080010a0   0x080010a0   0x000000a6   Code   RO          862    .text.ESP8266_Net_Mode_Choose  esp8266.o
    0x08001146   0x08001146   0x00000002   PAD
    0x08001148   0x08001148   0x00000022   Code   RO          856    .text.ESP8266_Rst   esp8266.o
    0x0800116a   0x0800116a   0x00000002   PAD
    0x0800116c   0x0800116c   0x000000e8   Code   RO          155    .text.ESP8266_StaTcpClient_Unvarnish_ConfigTest  bsp_esp8266_test.o
    0x08001254   0x08001254   0x00000058   Code   RO          880    .text.ESP8266_UnvarnishSend  esp8266.o
    0x080012ac   0x080012ac   0x0000000e   Code   RO           65    .text.Error_Handler  main.o
    0x080012ba   0x080012ba   0x00000002   PAD
    0x080012bc   0x080012bc   0x000000d0   Code   RO          745    .text.GetProcessValueFromDHT11  dht11.o
    0x0800138c   0x0800138c   0x000000ec   Code   RO          487    .text.HAL_DMA_Abort  stm32f4xx_hal_dma.o
    0x08001478   0x08001478   0x00000044   Code   RO          489    .text.HAL_DMA_Abort_IT  stm32f4xx_hal_dma.o
    0x080014bc   0x080014bc   0x00000028   Code   RO           17    .text.HAL_Delay     delay.o
    0x080014e4   0x080014e4   0x000003b6   Code   RO          435    .text.HAL_GPIO_Init  stm32f4xx_hal_gpio.o
    0x0800189a   0x0800189a   0x00000002   PAD
    0x0800189c   0x0800189c   0x0000002e   Code   RO          439    .text.HAL_GPIO_ReadPin  stm32f4xx_hal_gpio.o
    0x080018ca   0x080018ca   0x00000002   PAD
    0x080018cc   0x080018cc   0x00000026   Code   RO          443    .text.HAL_GPIO_TogglePin  stm32f4xx_hal_gpio.o
    0x080018f2   0x080018f2   0x00000002   PAD
    0x080018f4   0x080018f4   0x0000002e   Code   RO          441    .text.HAL_GPIO_WritePin  stm32f4xx_hal_gpio.o
    0x08001922   0x08001922   0x00000002   PAD
    0x08001924   0x08001924   0x0000000c   Code   RO          613    .text.HAL_GetTick   stm32f4xx_hal.o
    0x08001930   0x08001930   0x0000001a   Code   RO          611    .text.HAL_IncTick   stm32f4xx_hal.o
    0x0800194a   0x0800194a   0x00000002   PAD
    0x0800194c   0x0800194c   0x00000036   Code   RO          601    .text.HAL_Init      stm32f4xx_hal.o
    0x08001982   0x08001982   0x00000002   PAD
    0x08001984   0x08001984   0x00000070   Code   RO          603    .text.HAL_InitTick  stm32f4xx_hal.o
    0x080019f4   0x080019f4   0x0000004a   Code   RO          130    .text.HAL_MspInit   stm32f4xx_hal_msp.o
    0x08001a3e   0x08001a3e   0x00000002   PAD
    0x08001a40   0x08001a40   0x00000014   Code   RO          542    .text.HAL_NVIC_EnableIRQ  stm32f4xx_hal_cortex.o
    0x08001a54   0x08001a54   0x00000032   Code   RO          534    .text.HAL_NVIC_SetPriority  stm32f4xx_hal_cortex.o
    0x08001a86   0x08001a86   0x00000002   PAD
    0x08001a88   0x08001a88   0x00000010   Code   RO          530    .text.HAL_NVIC_SetPriorityGrouping  stm32f4xx_hal_cortex.o
    0x08001a98   0x08001a98   0x00000262   Code   RO          303    .text.HAL_RCC_ClockConfig  stm32f4xx_hal_rcc.o
    0x08001cfa   0x08001cfa   0x00000002   PAD
    0x08001cfc   0x08001cfc   0x0000000c   Code   RO          313    .text.HAL_RCC_GetHCLKFreq  stm32f4xx_hal_rcc.o
    0x08001d08   0x08001d08   0x00000022   Code   RO          315    .text.HAL_RCC_GetPCLK1Freq  stm32f4xx_hal_rcc.o
    0x08001d2a   0x08001d2a   0x00000002   PAD
    0x08001d2c   0x08001d2c   0x00000022   Code   RO          317    .text.HAL_RCC_GetPCLK2Freq  stm32f4xx_hal_rcc.o
    0x08001d4e   0x08001d4e   0x00000002   PAD
    0x08001d50   0x08001d50   0x000000e6   Code   RO          305    .text.HAL_RCC_GetSysClockFreq  stm32f4xx_hal_rcc.o
    0x08001e36   0x08001e36   0x00000002   PAD
    0x08001e38   0x08001e38   0x000006be   Code   RO          301    .text.HAL_RCC_OscConfig  stm32f4xx_hal_rcc.o
    0x080024f6   0x080024f6   0x00000002   PAD
    0x080024f8   0x080024f8   0x00000010   Code   RO          554    .text.HAL_SYSTICK_Config  stm32f4xx_hal_cortex.o
    0x08002508   0x08002508   0x0000000c   Code   RO          260    .text.HAL_UARTEx_RxEventCallback  stm32f4xx_hal_uart.o
    0x08002514   0x08002514   0x00000008   Code   RO          258    .text.HAL_UART_ErrorCallback  stm32f4xx_hal_uart.o
    0x0800251c   0x0800251c   0x0000041e   Code   RO          252    .text.HAL_UART_IRQHandler  stm32f4xx_hal_uart.o
    0x0800293a   0x0800293a   0x00000002   PAD
    0x0800293c   0x0800293c   0x0000009a   Code   RO          170    .text.HAL_UART_Init  stm32f4xx_hal_uart.o
    0x080029d6   0x080029d6   0x00000002   PAD
    0x080029d8   0x080029d8   0x00000132   Code   RO           87    .text.HAL_UART_MspInit  usart.o
    0x08002b0a   0x08002b0a   0x00000002   PAD
    0x08002b0c   0x08002b0c   0x00000078   Code   RO          194    .text.HAL_UART_Receive_IT  stm32f4xx_hal_uart.o
    0x08002b84   0x08002b84   0x00000046   Code   RO          826    .text.HAL_UART_RxCpltCallback  bsp_uart.o
    0x08002bca   0x08002bca   0x00000002   PAD
    0x08002bcc   0x08002bcc   0x00000008   Code   RO          266    .text.HAL_UART_TxCpltCallback  stm32f4xx_hal_uart.o
    0x08002bd4   0x08002bd4   0x00000004   Code   RO          102    .text.HardFault_Handler  stm32f4xx_it.o
    0x08002bd8   0x08002bd8   0x00000082   Code   RO          753    .text.InitializeDHT11  dht11.o
    0x08002c5a   0x08002c5a   0x00000002   PAD
    0x08002c5c   0x08002c5c   0x0000004e   Code   RO           34    .text.Led_CheckMode  led.o
    0x08002caa   0x08002caa   0x00000002   PAD
    0x08002cac   0x08002cac   0x000000ba   Code   RO           40    .text.Led_HeartbeatMode  led.o
    0x08002d66   0x08002d66   0x00000002   PAD
    0x08002d68   0x08002d68   0x000000a2   Code   RO           28    .text.Led_Init      led.o
    0x08002e0a   0x08002e0a   0x00000002   PAD
    0x08002e0c   0x08002e0c   0x00000014   Code   RO           36    .text.Led_NoneMode  led.o
    0x08002e20   0x08002e20   0x000000ec   Code   RO           38    .text.Led_OneshotMode  led.o
    0x08002f0c   0x08002f0c   0x0000005e   Code   RO           42    .text.Led_TimerMode  led.o
    0x08002f6a   0x08002f6a   0x00000002   PAD
    0x08002f6c   0x08002f6c   0x00000026   Code   RO           48    .text.Led_Toggle    led.o
    0x08002f92   0x08002f92   0x00000002   PAD
    0x08002f94   0x08002f94   0x00000028   Code   RO           46    .text.Led_turnOff   led.o
    0x08002fbc   0x08002fbc   0x00000028   Code   RO           44    .text.Led_turnOn    led.o
    0x08002fe4   0x08002fe4   0x00000092   Code   RO           75    .text.MX_GPIO_Init  gpio.o
    0x08003076   0x08003076   0x00000002   PAD
    0x08003078   0x08003078   0x00000040   Code   RO           83    .text.MX_USART1_UART_Init  usart.o
    0x080030b8   0x080030b8   0x00000056   Code   RO           85    .text.MX_USART2_UART_Init  usart.o
    0x0800310e   0x0800310e   0x00000002   PAD
    0x08003110   0x08003110   0x00000004   Code   RO          104    .text.MemManage_Handler  stm32f4xx_it.o
    0x08003114   0x08003114   0x00000004   Code   RO          100    .text.NMI_Handler   stm32f4xx_it.o
    0x08003118   0x08003118   0x0000006c   Code   RO          540    .text.NVIC_EncodePriority  stm32f4xx_hal_cortex.o
    0x08003184   0x08003184   0x00000002   Code   RO          114    .text.PendSV_Handler  stm32f4xx_it.o
    0x08003186   0x08003186   0x00000002   PAD
    0x08003188   0x08003188   0x00000002   Code   RO          110    .text.SVC_Handler   stm32f4xx_it.o
    0x0800318a   0x0800318a   0x00000002   PAD
    0x0800318c   0x0800318c   0x00000052   Code   RO          556    .text.SysTick_Config  stm32f4xx_hal_cortex.o
    0x080031de   0x080031de   0x00000002   PAD
    0x080031e0   0x080031e0   0x00000038   Code   RO          116    .text.SysTick_Handler  stm32f4xx_it.o
    0x08003218   0x08003218   0x000000ba   Code   RO           63    .text.SystemClock_Config  main.o
    0x080032d2   0x080032d2   0x00000002   PAD
    0x080032d4   0x080032d4   0x00000012   Code   RO          731    .text.SystemInit    system_stm32f4xx.o
    0x080032e6   0x080032e6   0x00000002   PAD
    0x080032e8   0x080032e8   0x00000020   Code   RO          256    .text.UART_DMAAbortOnError  stm32f4xx_hal_uart.o
    0x08003308   0x08003308   0x00000094   Code   RO          218    .text.UART_EndRxTransfer  stm32f4xx_hal_uart.o
    0x0800339c   0x0800339c   0x00000026   Code   RO          264    .text.UART_EndTransmit_IT  stm32f4xx_hal_uart.o
    0x080033c2   0x080033c2   0x00000002   PAD
    0x080033c4   0x080033c4   0x00000164   Code   RO          254    .text.UART_Receive_IT  stm32f4xx_hal_uart.o
    0x08003528   0x08003528   0x0000013a   Code   RO          174    .text.UART_SetConfig  stm32f4xx_hal_uart.o
    0x08003662   0x08003662   0x00000002   PAD
    0x08003664   0x08003664   0x00000064   Code   RO          196    .text.UART_Start_Receive_IT  stm32f4xx_hal_uart.o
    0x080036c8   0x080036c8   0x00000094   Code   RO          262    .text.UART_Transmit_IT  stm32f4xx_hal_uart.o
    0x0800375c   0x0800375c   0x00000010   Code   RO          118    .text.USART1_IRQHandler  stm32f4xx_it.o
    0x0800376c   0x0800376c   0x00000010   Code   RO          120    .text.USART2_IRQHandler  stm32f4xx_it.o
    0x0800377c   0x0800377c   0x0000017c   Code   RO          830    .text.USART_printf  bsp_uart.o
    0x080038f8   0x080038f8   0x00000016   Code   RO          832    .text.USARTx_TransmitData8  bsp_uart.o
    0x0800390e   0x0800390e   0x00000002   PAD
    0x08003910   0x08003910   0x00000004   Code   RO          108    .text.UsageFault_Handler  stm32f4xx_it.o
    0x08003914   0x08003914   0x00000030   Code   RO          544    .text.__NVIC_EnableIRQ  stm32f4xx_hal_cortex.o
    0x08003944   0x08003944   0x00000010   Code   RO          536    .text.__NVIC_GetPriorityGrouping  stm32f4xx_hal_cortex.o
    0x08003954   0x08003954   0x00000042   Code   RO          538    .text.__NVIC_SetPriority  stm32f4xx_hal_cortex.o
    0x08003996   0x08003996   0x00000002   PAD
    0x08003998   0x08003998   0x0000003c   Code   RO          532    .text.__NVIC_SetPriorityGrouping  stm32f4xx_hal_cortex.o
    0x080039d4   0x080039d4   0x0000002e   Code   RO          783    .text.board_init    board.o
    0x08003a02   0x08003a02   0x00000002   PAD
    0x08003a04   0x08003a04   0x0000001c   Code   RO          795    .text.bsp_pin_mode  bsp_gpio.o
    0x08003a20   0x08003a20   0x00000014   Code   RO          803    .text.bsp_pin_read  bsp_gpio.o
    0x08003a34   0x08003a34   0x00000014   Code   RO          807    .text.bsp_pin_toggle  bsp_gpio.o
    0x08003a48   0x08003a48   0x0000001c   Code   RO          799    .text.bsp_pin_write  bsp_gpio.o
    0x08003a64   0x08003a64   0x00000036   Code   RO           11    .text.delay_Init    delay.o
    0x08003a9a   0x08003a9a   0x00000002   PAD
    0x08003a9c   0x08003a9c   0x00000092   Code   RO           15    .text.delay_ms      delay.o
    0x08003b2e   0x08003b2e   0x00000002   PAD
    0x08003b30   0x08003b30   0x00000092   Code   RO           13    .text.delay_us      delay.o
    0x08003bc2   0x08003bc2   0x00000002   PAD
    0x08003bc4   0x08003bc4   0x00000030   Code   RO          785    .text.fputc         board.o
    0x08003bf4   0x08003bf4   0x00000020   Code   RO           30    .text.getLedMode    led.o
    0x08003c14   0x08003c14   0x000000ea   Code   RO          797    .text.hw_pin_mode   bsp_gpio.o
    0x08003cfe   0x08003cfe   0x00000002   PAD
    0x08003d00   0x08003d00   0x0000004c   Code   RO          805    .text.hw_pin_read   bsp_gpio.o
    0x08003d4c   0x08003d4c   0x0000004c   Code   RO          809    .text.hw_pin_toggle  bsp_gpio.o
    0x08003d98   0x08003d98   0x00000054   Code   RO          801    .text.hw_pin_write  bsp_gpio.o
    0x08003dec   0x08003dec   0x000000cc   Code   RO          834    .text.itoa          bsp_uart.o
    0x08003eb8   0x08003eb8   0x00000044   Code   RO           61    .text.main          main.o
    0x08003efc   0x08003efc   0x00000072   Code   RO          140    .text.ringbuffer_data_len  ringbuffer.o
    0x08003f6e   0x08003f6e   0x00000002   PAD
    0x08003f70   0x08003f70   0x00000066   Code   RO          146    .text.ringbuffer_getchar  ringbuffer.o
    0x08003fd6   0x08003fd6   0x00000002   PAD
    0x08003fd8   0x08003fd8   0x00000048   Code   RO          142    .text.ringbuffer_init  ringbuffer.o
    0x08004020   0x08004020   0x00000074   Code   RO          144    .text.ringbuffer_putchar  ringbuffer.o
    0x08004094   0x08004094   0x00000048   Code   RO          138    .text.ringbuffer_status  ringbuffer.o
    0x080040dc   0x080040dc   0x00000028   Code   RO           32    .text.setupLedMode  led.o
    0x08004104   0x08004104   0x0000003c   Code   RO          818    .text.uart_init     bsp_uart.o
    0x08004140   0x08004140   0x00000020   Code   RO          919    i.__0printf         mc_w.l(printfa.o)
    0x08004160   0x08004160   0x00000028   Code   RO          921    i.__0sprintf        mc_w.l(printfa.o)
    0x08004188   0x08004188   0x0000000e   Code   RO          995    i.__scatterload_copy  mc_w.l(handlers.o)
    0x08004196   0x08004196   0x00000002   Code   RO          996    i.__scatterload_null  mc_w.l(handlers.o)
    0x08004198   0x08004198   0x0000000e   Code   RO          997    i.__scatterload_zeroinit  mc_w.l(handlers.o)
    0x080041a6   0x080041a6   0x00000002   PAD
    0x080041a8   0x080041a8   0x00000184   Code   RO          926    i._fp_digits        mc_w.l(printfa.o)
    0x0800432c   0x0800432c   0x000006dc   Code   RO          927    i._printf_core      mc_w.l(printfa.o)
    0x08004a08   0x08004a08   0x00000024   Code   RO          928    i._printf_post_padding  mc_w.l(printfa.o)
    0x08004a2c   0x08004a2c   0x0000002e   Code   RO          929    i._printf_pre_padding  mc_w.l(printfa.o)
    0x08004a5a   0x08004a5a   0x0000000a   Code   RO          931    i._sputc            mc_w.l(printfa.o)
    0x08004a64   0x08004a64   0x00000010   Data   RO          736    .rodata.AHBPrescTable  system_stm32f4xx.o
    0x08004a74   0x08004a74   0x00000008   Data   RO          737    .rodata.APBPrescTable  system_stm32f4xx.o
    0x08004a7c   0x08004a7c   0x0000019e   Data   RO          160    .rodata.str1.1      bsp_esp8266_test.o
    0x08004c1a   0x08004c1a   0x00000050   Data   RO          775    .rodata.str1.1      hw_dht11.o
    0x08004c6a   0x08004c6a   0x0000002e   Data   RO          787    .rodata.str1.1      board.o
    0x08004c98   0x08004c98   0x00000145   Data   RO          890    .rodata.str1.1      esp8266.o
    0x08004ddd   0x08004ddd   0x00000003   PAD
    0x08004de0   0x08004de0   0x00000020   Data   RO          994    Region$$Table       anon$$obj.o


    Execution Region RW_IRAM1 (Exec base: 0x20000000, Load base: 0x08004e00, Size: 0x000009c0, Max: 0x0001c000, ABSOLUTE)

    Exec Addr    Load Addr    Size         Type   Attr      Idx    E Section Name        Object

    0x20000000   0x08004e00   0x00000004   Data   RW          960    .data               mc_w.l(stdout.o)
    0x20000004   0x08004e04   0x00000030   Data   RW           52    .data.Led_Mode_funcs  led.o
    0x20000034   0x08004e34   0x00000002   Data   RW           50    .data.Pin_List      led.o
    0x20000036   0x08004e36   0x00000002   PAD
    0x20000038   0x08004e38   0x00000004   Data   RW          735    .data.SystemCoreClock  system_stm32f4xx.o
    0x2000003c   0x08004e3c   0x00000002   Data   RW          844    .data.buffer        bsp_uart.o
    0x2000003e   0x08004e3e   0x00000001   Data   RW          656    .data.uwTickFreq    stm32f4xx_hal.o
    0x2000003f   0x08004e3f   0x00000001   PAD
    0x20000040   0x08004e40   0x00000004   Data   RW          655    .data.uwTickPrio    stm32f4xx_hal.o
    0x20000044   0x08004e44   0x00000004   PAD
    0x20000048        -       0x00000024   Zero   RW          774    .bss.G_dht11        hw_dht11.o
    0x2000006c        -       0x00000010   Zero   RW           51    .bss.G_led_list     led.o
    0x2000007c        -       0x00000001   Zero   RW           53    .bss.Led_OneshotMode.finished  led.o
    0x2000007d        -       0x00000001   Zero   RW          843    .bss.UARTx_temp     bsp_uart.o
    0x2000007e   0x08004e44   0x00000002   PAD
    0x20000080        -       0x00000004   Zero   RW          122    .bss.counter        stm32f4xx_it.o
    0x20000084        -       0x00000004   Zero   RW           19    .bss.fac_ms         delay.o
    0x20000088        -       0x00000002   Zero   RW           20    .bss.fac_us         delay.o
    0x2000008a   0x08004e44   0x00000002   PAD
    0x2000008c        -       0x00000044   Zero   RW           91    .bss.huart1         usart.o
    0x200000d0        -       0x00000044   Zero   RW           92    .bss.huart2         usart.o
    0x20000114        -       0x00000080   Zero   RW          837    .bss.pRxBuffer      bsp_uart.o
    0x20000194        -       0x0000000c   Zero   RW          836    .bss.rx_rb          bsp_uart.o
    0x200001a0        -       0x00000402   Zero   RW          888    .bss.strEsp8266_Fram_Record  esp8266.o
    0x200005a2   0x08004e44   0x00000002   PAD
    0x200005a4        -       0x00000010   Zero   RW          838    .bss.uart2          bsp_uart.o
    0x200005b4        -       0x00000001   Zero   RW          159    .bss.ucTcpClosedFlag  bsp_esp8266_test.o
    0x200005b5   0x08004e44   0x00000003   PAD
    0x200005b8        -       0x00000004   Zero   RW          657    .bss.uwTick         stm32f4xx_hal.o
    0x200005bc   0x08004e44   0x00000004   PAD
    0x200005c0        -       0x00000400   Zero   RW            1    STACK               startup_stm32f407xx.o


    Execution Region RW_IRAM2 (Exec base: 0x2001c000, Load base: 0x08004e48, Size: 0x00000000, Max: 0x00004000, ABSOLUTE)

    **** No section assigned to this execution region ****


==============================================================================

Image component sizes


      Code (inc. data)   RO Data    RW Data    ZI Data      Debug   Object Name

        94          0         46          0          0       1330   board.o
       742          0        414          0          1       1805   bsp_esp8266_test.o
       566          0          0          0          0       3584   bsp_gpio.o
       736          0          0          2        157       6174   bsp_uart.o
       386          0          0          0          6       1730   delay.o
       820          4          0          0          0       3092   dht11.o
      1364          0        325          0       1026       5466   esp8266.o
       146          0          0          0          0       2011   gpio.o
       272          0         80          0         36       2214   hw_dht11.o
       966          0          0         50         17       3227   led.o
       268          0          0          0          0       2885   main.o
       476          0          0          0          0       1990   ringbuffer.o
        36          8        392          0       1024        840   startup_stm32f407xx.o
       204          0          0          5          4       7116   stm32f4xx_hal.o
       482          0          0          0          0       9435   stm32f4xx_hal_cortex.o
       304          0          0          0          0       8462   stm32f4xx_hal_dma.o
      1080          0          0          0          0       5104   stm32f4xx_hal_gpio.o
        74          0          0          0          0       1485   stm32f4xx_hal_msp.o
      2646          0          0          0          0       7586   stm32f4xx_hal_rcc.o
      2492          0          0          0          0      20037   stm32f4xx_hal_uart.o
       114          0          0          0          4       1413   stm32f4xx_it.o
        18          0         24          4          0       2532   system_stm32f4xx.o
       456          0          0          0        136       6967   usart.o

    ----------------------------------------------------------------------
     14848         12       1316         64       2428     106485   Object Totals
         0          0         32          0          0          0   (incl. Generated)
       106          0          3          3         17          0   (incl. Padding)

    ----------------------------------------------------------------------

      Code (inc. data)   RO Data    RW Data    ZI Data      Debug   Library Member Name

         0          0          0          0          0          0   entry.o
         0          0          0          0          0          0   entry10a.o
         0          0          0          0          0          0   entry11a.o
         8          4          0          0          0          0   entry2.o
         4          0          0          0          0          0   entry5.o
         0          0          0          0          0          0   entry7b.o
         0          0          0          0          0          0   entry8b.o
         8          4          0          0          0          0   entry9a.o
        30          0          0          0          0          0   handlers.o
        36          8          0          0          0         68   init.o
         0          0          0          0          0          0   iusefp.o
        30          0          0          0          0         68   llshl.o
        36          0          0          0          0         68   llsshr.o
        32          0          0          0          0         68   llushr.o
        36          0          0          0          0        108   memseta.o
      2308         96          0          0          0        604   printfa.o
         0          0          0          4          0          0   stdout.o
        28          0          0          0          0         76   strcmp.o
        36          0          0          0          0         80   strstr.o
        44          0          0          0          0         80   uidiv.o
        98          0          0          0          0         92   uldiv.o
        48          0          0          0          0         68   cdrcmple.o
       334          0          0          0          0        148   dadd.o
       222          0          0          0          0        100   ddiv.o
       186          0          0          0          0        176   depilogue.o
        48          0          0          0          0         68   dfixul.o
       228          0          0          0          0         96   dmul.o

    ----------------------------------------------------------------------
      3804        112          0          4          0       1968   Library Totals
         4          0          0          0          0          0   (incl. Padding)

    ----------------------------------------------------------------------

      Code (inc. data)   RO Data    RW Data    ZI Data      Debug   Library Name

      2734        112          0          4          0       1312   mc_w.l
      1066          0          0          0          0        656   mf_w.l

    ----------------------------------------------------------------------
      3804        112          0          4          0       1968   Library Totals

    ----------------------------------------------------------------------

==============================================================================


      Code (inc. data)   RO Data    RW Data    ZI Data      Debug   

     18652        124       1316         68       2428     107197   Grand Totals
     18652        124       1316         68       2428     107197   ELF Image Totals
     18652        124       1316         68          0          0   ROM Totals

==============================================================================

    Total RO  Size (Code + RO Data)                19968 (  19.50kB)
    Total RW  Size (RW Data + ZI Data)              2496 (   2.44kB)
    Total ROM Size (Code + RO Data + RW Data)      20036 (  19.57kB)

==============================================================================

