<html>
<body>
<pre>
<h1>µVision Build Log</h1>
<h2>Tool Versions:</h2>
IDE-Version: ¦ÌVision V5.36.0.0
Copyright (C) 2021 ARM Ltd and ARM Germany GmbH. All rights reserved.
License Information: black sheep,  , LIC=RC93N-YKTL3-IIM5V-PW936-FX8R1-Z9UPT
 
Tool Versions:
Toolchain:       MDK-ARM Plus  Version: 5.36.0.0
Toolchain Path:  D:\Keil5\keil5forSTM32\ARM\ARMCLANG\Bin
C Compiler:      ArmClang.exe V6.16
Assembler:       Armasm.exe V6.16
Linker/Locator:  ArmLink.exe V6.16
Library Manager: ArmAr.exe V6.16
Hex Converter:   FromElf.exe V6.16
CPU DLL:         SARMCM3.DLL V5.36.0.0
Dialog DLL:      DCM.DLL V1.17.3.0
Target DLL:      Segger\JL2CM3.dll V2.99.40.0
Dialog DLL:      TCM.DLL V1.53.0.0
 
<h2>Project:</h2>
F:\Embedded\STM32\STM32\STM32F407\HAL_Lib\DHT11_OneNet_NoOS\MDK-ARM\DHT11_OneNet_NoOS.uvprojx
Project File Date:  02/12/2023

<h2>Output:</h2>
*** Using Compiler 'V6.16', folder: 'D:\Keil5\keil5forSTM32\ARM\ARMCLANG\Bin'
Build target 'DHT11_OneNet_NoOS'
Note: source file '../Drivers/STM32F4xx_HAL_Driver/Src/stm32f4xx_hal_pwr.c' - object file renamed from 'DHT11_OneNet_NoOS\stm32f4xx_hal_pwr.o' to 'DHT11_OneNet_NoOS\stm32f4xx_hal_pwr_1.o'.
compiling esp8266.c...
linking...
Program Size: Code=18652 RO-data=1316 RW-data=68 ZI-data=2428  
FromELF: creating hex file...
"DHT11_OneNet_NoOS\DHT11_OneNet_NoOS.axf" - 0 Error(s), 0 Warning(s).

<h2>Software Packages used:</h2>

Package Vendor: ARM
                http://www.keil.com/pack/ARM.CMSIS.5.8.0.pack
                ARM.CMSIS.5.8.0
                CMSIS (Common Microcontroller Software Interface Standard)
   * Component: CORE Version: 5.5.0

Package Vendor: Keil
                http://www.keil.com/pack/Keil.STM32F4xx_DFP.2.15.0.pack
                Keil.STM32F4xx_DFP.2.15.0
                STMicroelectronics STM32F4 Series Device Support, Drivers and Examples

<h2>Collection of Component include folders:</h2>
  .\RTE\_DHT11_OneNet_NoOS
  D:\Keil5\keil5forSTM32\KeilPack\ARM\CMSIS\5.8.0\CMSIS\Core\Include
  D:\Keil5\keil5forSTM32\KeilPack\Keil\STM32F4xx_DFP\2.15.0\Drivers\CMSIS\Device\ST\STM32F4xx\Include

<h2>Collection of Component Files used:</h2>

   * Component: ARM::CMSIS:CORE:5.5.0
      Include file:  CMSIS\Core\Include\tz_context.h
Build Time Elapsed:  00:00:01
</pre>
</body>
</html>
